Component: ARM Compiler 5.05 update 2 (build 169) Tool: armlink [4d0f33]

==============================================================================

Section Cross References

    my_math.o(i.fast_atan2) refers to my_math.o(.constdata) for fast_atan_table
    my_math.o(i.myatoi) refers to atoi.o(.text) for atoi
    my_math.o(i.quicksort) refers to my_math.o(i.swap) for swap
    task_loop.o(i.Loop_Time_Check) refers to task_loop.o(.data) for Loop_Time
    task_loop.o(i.Loop_Time_Clear) refers to task_loop.o(.data) for Loop_Time
    task_loop.o(i.Task_10ms) refers to encoder.o(i.Read_Encoder) for Read_Encoder
    task_loop.o(i.Task_10ms) refers to mecanum.o(i.Mecanum_Update) for Mecanum_Update
    task_loop.o(i.Task_10ms) refers to control.o(i.ready_control) for ready_control
    task_loop.o(i.Task_10ms) refers to control.o(i.goToDeparture_control) for goToDeparture_control
    task_loop.o(i.Task_10ms) refers to control.o(i.grab_control) for grab_control
    task_loop.o(i.Task_10ms) refers to control.o(i.goToDestination_control) for goToDestination_control
    task_loop.o(i.Task_10ms) refers to control.o(i.place_control) for place_control
    task_loop.o(i.Task_10ms) refers to control.o(i.backToDeparture_control) for backToDeparture_control
    task_loop.o(i.Task_10ms) refers to control.o(i.back_control) for back_control
    task_loop.o(i.Task_10ms) refers to mecanum.o(.bss) for Mecanum
    task_loop.o(i.Task_Loop) refers to ano_dt.o(i.ANO_DT_Do) for ANO_DT_Do
    task_loop.o(i.Task_Loop) refers to time.o(i.Get_Cycle_T) for Get_Cycle_T
    task_loop.o(i.Task_Loop) refers to mpu6050.o(i.MPU6050_Read) for MPU6050_Read
    task_loop.o(i.Task_Loop) refers to mpu6050.o(i.MPU6050_Data_Prepare) for MPU6050_Data_Prepare
    task_loop.o(i.Task_Loop) refers to hmi.o(i.HMI_Data_Handle) for HMI_Data_Handle
    task_loop.o(i.Task_Loop) refers to ahrs.o(i.ahrs) for ahrs
    task_loop.o(i.Task_Loop) refers to task_loop.o(i.Task_10ms) for Task_10ms
    task_loop.o(i.Task_Loop) refers to ps2.o(i.Remote) for Remote
    task_loop.o(i.Task_Loop) refers to led.o(i.LED_Blink) for LED_Blink
    task_loop.o(i.Task_Loop) refers to key.o(i.KEY_Scan) for KEY_Scan
    task_loop.o(i.Task_Loop) refers to led.o(i.LED_SWITCH) for LED_SWITCH
    task_loop.o(i.Task_Loop) refers to task_loop.o(.data) for Loop_Time
    task_loop.o(i.Task_Loop) refers to hmi.o(.bss) for USART_RX_BUF
    task_loop.o(i.Task_Loop) refers to mecanum.o(.bss) for Mecanum
    ano_dt.o(i.ANO_DT_Data_Exchange) refers to ano_dt.o(i.ANO_DT_Send_PID) for ANO_DT_Send_PID
    ano_dt.o(i.ANO_DT_Data_Exchange) refers to ano_dt.o(.bss) for f
    ano_dt.o(i.ANO_DT_Data_Receive_Anl) refers to ano_dt.o(i.ANO_DT_Data_Exchange) for ANO_DT_Data_Exchange
    ano_dt.o(i.ANO_DT_Data_Receive_Anl) refers to ano_dt.o(i.Argument_Init) for Argument_Init
    ano_dt.o(i.ANO_DT_Data_Receive_Anl) refers to ano_dt.o(i.ANO_DT_Send_Check) for ANO_DT_Send_Check
    ano_dt.o(i.ANO_DT_Data_Receive_Anl) refers to ano_dt.o(i.Argument_Save) for Argument_Save
    ano_dt.o(i.ANO_DT_Data_Receive_Anl) refers to ano_dt.o(.bss) for f
    ano_dt.o(i.ANO_DT_Data_Receive_Prepare) refers to ano_dt.o(.data) for state
    ano_dt.o(i.ANO_DT_Data_Receive_Prepare) refers to ano_dt.o(.bss) for ANO_DT_RxBuffer
    ano_dt.o(i.ANO_DT_Do) refers to ano_dt.o(i.ANO_DT_Data_Receive_Anl) for ANO_DT_Data_Receive_Anl
    ano_dt.o(i.ANO_DT_Do) refers to memseta.o(.text) for __aeabi_memclr
    ano_dt.o(i.ANO_DT_Do) refers to ano_dt.o(.data) for Flag_ANO_DT_Data
    ano_dt.o(i.ANO_DT_Do) refers to ano_dt.o(.bss) for ANO_DT_RxBuffer
    ano_dt.o(i.ANO_DT_Send_Check) refers to ano_dt.o(i.ANO_DT_Send_Data) for ANO_DT_Send_Data
    ano_dt.o(i.ANO_DT_Send_Check) refers to ano_dt.o(.bss) for data_to_send
    ano_dt.o(i.ANO_DT_Send_Data) refers to printf_uart.o(i.u1_putbuff) for u1_putbuff
    ano_dt.o(i.ANO_DT_Send_Data) refers to ano_dt.o(.bss) for data_to_send
    ano_dt.o(i.ANO_DT_Send_PID) refers to ano_dt.o(i.ANO_DT_Send_Data) for ANO_DT_Send_Data
    ano_dt.o(i.ANO_DT_Send_PID) refers to ano_dt.o(.bss) for data_to_send
    ano_dt.o(i.ANO_DT_Send_Senser) refers to ano_dt.o(i.ANO_DT_Send_Data) for ANO_DT_Send_Data
    ano_dt.o(i.ANO_DT_Send_Senser) refers to ano_dt.o(.bss) for data_to_send
    ano_dt.o(i.ANO_DT_Send_Status) refers to ano_dt.o(i.ANO_DT_Send_Data) for ANO_DT_Send_Data
    ano_dt.o(i.ANO_DT_Send_Status) refers to ano_dt.o(.bss) for data_to_send
    ano_dt.o(i.Argument_Init) refers to ano_dt.o(i.Ctrl_Set_Zoro) for Ctrl_Set_Zoro
    ano_dt.o(i.Argument_Init) refers to ano_dt.o(i.Argument_To_Ctrl) for Argument_To_Ctrl
    ano_dt.o(i.Argument_Init) refers to ano_dt.o(i.Flash_SavePID) for Flash_SavePID
    ano_dt.o(i.Argument_Load) refers to ano_dt.o(i.Ctrl_Set_Zoro) for Ctrl_Set_Zoro
    ano_dt.o(i.Argument_Load) refers to ano_dt.o(i.Flash_ReadPID) for Flash_ReadPID
    ano_dt.o(i.Argument_Load) refers to ano_dt.o(i.Ctrl_To_Argument) for Ctrl_To_Argument
[...]
    .data                                    0x20000434   Section        6  time.o(.data)
    .data                                    0x2000043a   Section        1  key.o(.data)
    key_up                                   0x2000043a   Data           1  key.o(.data)
    .data                                    0x2000043b   Section        1  moto_drive.o(.data)
    .data                                    0x2000043c   Section      184  ahrs.o(.data)
    pitch_sum                                0x20000454   Data           4  ahrs.o(.data)
    roll_sum                                 0x20000458   Data           4  ahrs.o(.data)
    angle                                    0x2000045c   Data           4  ahrs.o(.data)
    Q_bias                                   0x20000460   Data           4  ahrs.o(.data)
    angle_err                                0x20000464   Data           4  ahrs.o(.data)
    Q_angle                                  0x20000468   Data           4  ahrs.o(.data)
    Q_gyro                                   0x2000046c   Data           4  ahrs.o(.data)
    R_angle                                  0x20000470   Data           4  ahrs.o(.data)
    dt                                       0x20000474   Data           4  ahrs.o(.data)
    C_0                                      0x20000478   Data           1  ahrs.o(.data)
    PCt_0                                    0x2000047c   Data           4  ahrs.o(.data)
    PCt_1                                    0x20000480   Data           4  ahrs.o(.data)
    E                                        0x20000484   Data           4  ahrs.o(.data)
    K_0                                      0x20000488   Data           4  ahrs.o(.data)
    K_1                                      0x2000048c   Data           4  ahrs.o(.data)
    t_0                                      0x20000490   Data           4  ahrs.o(.data)
    t_1                                      0x20000494   Data           4  ahrs.o(.data)
    PP                                       0x20000498   Data          16  ahrs.o(.data)
    angle                                    0x200004a8   Data           4  ahrs.o(.data)
    Q_bias                                   0x200004ac   Data           4  ahrs.o(.data)
    angle_err                                0x200004b0   Data           4  ahrs.o(.data)
    Q_angle                                  0x200004b4   Data           4  ahrs.o(.data)
    Q_gyro                                   0x200004b8   Data           4  ahrs.o(.data)
    R_angle                                  0x200004bc   Data           4  ahrs.o(.data)
    dt                                       0x200004c0   Data           4  ahrs.o(.data)
    C_0                                      0x200004c4   Data           1  ahrs.o(.data)
    PCt_0                                    0x200004c8   Data           4  ahrs.o(.data)
    PCt_1                                    0x200004cc   Data           4  ahrs.o(.data)
    E                                        0x200004d0   Data           4  ahrs.o(.data)
    K_0                                      0x200004d4   Data           4  ahrs.o(.data)
    K_1                                      0x200004d8   Data           4  ahrs.o(.data)
    t_0                                      0x200004dc   Data           4  ahrs.o(.data)
    t_1                                      0x200004e0   Data           4  ahrs.o(.data)
    PP                                       0x200004e4   Data          16  ahrs.o(.data)
    .data                                    0x200004f4   Section       28  mpu6050.o(.data)
    .data                                    0x20000510   Section        1  iic_soft.o(.data)
    .data                                    0x20000512   Section        2  usart2.o(.data)
    .data                                    0x20000514   Section        8  printf_uart.o(.data)
    .data                                    0x2000051c   Section       40  ps2.o(.data)
    .data                                    0x20000544   Section        2  tf_min.o(.data)
    i                                        0x20000544   Data           1  tf_min.o(.data)
    i                                        0x20000545   Data           1  tf_min.o(.data)
    .data                                    0x20000546   Section       16  stm32f4xx_rcc.o(.data)
    APBAHBPrescTable                         0x20000546   Data          16  stm32f4xx_rcc.o(.data)
    .data                                    0x20000558   Section        4  stdout.o(.data)
    .data                                    0x2000055c   Section        4  errno.o(.data)
    _errno                                   0x2000055c   Data           4  errno.o(.data)
    .bss                                     0x20000560   Section      328  ano_dt.o(.bss)
    f                                        0x20000560   Data          10  ano_dt.o(.bss)
    ctrl_1                                   0x2000056c   Data         216  ano_dt.o(.bss)
    data_to_send                             0x20000644   Data          50  ano_dt.o(.bss)
    ANO_DT_RxBuffer                          0x20000676   Data          50  ano_dt.o(.bss)
    .bss                                     0x200006a8   Section     1408  param.o(.bss)
    .bss                                     0x20000c28   Section     1600  hmi.o(.bss)
    .bss                                     0x20001268   Section       64  sensor_param.o(.bss)
    sensor_setup                             0x20001268   Data          64  sensor_param.o(.bss)
    .bss                                     0x200012a8   Section       60  time.o(.bss)
    .bss                                     0x200012e4   Section     1024  oled.o(.bss)
    .bss                                     0x200016e4   Section       68  ahrs.o(.bss)
    Pdot                                     0x20001708   Data          16  ahrs.o(.bss)
    Pdot                                     0x20001718   Data          16  ahrs.o(.bss)
    .bss                                     0x20001728   Section      380  mpu6050.o(.bss)
    .bss                                     0x200018a8   Section      600  usart2.o(.bss)
    .bss                                     0x20001b00   Section      800  printf_uart.o(.bss)
    .bss                                     0x20001e20   Section       10  steer_moto.o(.bss)
    .bss                                     0x20001e2a   Section        9  ps2.o(.bss)
    .bss                                     0x20001e34   Section       96  mecanum.o(.bss)
    .bss                                     0x20001e94   Section       26  tf_min.o(.bss)
    rebuf                                    0x20001e94   Data          13  tf_min.o(.bss)
    rebuf                                    0x20001ea1   Data          13  tf_min.o(.bss)
    STACK                                    0x20001eb0   Section     1024  startup_stm32f40_41xxx.o(STACK)

    Global Symbols

    Symbol Name                              Value     Ov Type        Size  Object(Section)

    BuildAttributes$$THM_ISAv4$E$P$D$K$B$S$7EM$VFPi3$EXTD16$VFPS$VFMA$PE$A:L22UL41UL21$X:L11$S22US41US21$IEEE1$IW$USESV6$~STKCKD$USESV7$~SHL$OTIME$ROPI$IEEEX$EBA8$MICROLIB$REQ8$PRES8$EABIv2 0x00000000   Number         0  anon$$obj.o ABSOLUTE
    __ARM_use_no_argv                        0x00000000   Number         0  main.o ABSOLUTE
    _printf_a                                0x00000000   Number         0  stubs.o ABSOLUTE
    _printf_c                                0x00000000   Number         0  stubs.o ABSOLUTE
    _printf_charcount                        0x00000000   Number         0  stubs.o ABSOLUTE
    _printf_d                                0x00000000   Number         0  stubs.o ABSOLUTE
    _printf_e                                0x00000000   Number         0  stubs.o ABSOLUTE
    _printf_f                                0x00000000   Number         0  stubs.o ABSOLUTE
    _printf_flags                            0x00000000   Number         0  stubs.o ABSOLUTE
    _printf_fp_dec                           0x00000000   Number         0  stubs.o ABSOLUTE
    _printf_fp_hex                           0x00000000   Number         0  stubs.o ABSOLUTE
    _printf_g                                0x00000000   Number         0  stubs.o ABSOLUTE
    _printf_i                                0x00000000   Number         0  stubs.o ABSOLUTE
    _printf_int_dec                          0x00000000   Number         0  stubs.o ABSOLUTE
    _printf_l                                0x00000000   Number         0  stubs.o ABSOLUTE
    _printf_lc                               0x00000000   Number         0  stubs.o ABSOLUTE
    _printf_ll                               0x00000000   Number         0  stubs.o ABSOLUTE
    _printf_lld                              0x00000000   Number         0  stubs.o ABSOLUTE
    _printf_lli                              0x00000000   Number         0  stubs.o ABSOLUTE
    _printf_llo                              0x00000000   Number         0  stubs.o ABSOLUTE
    _printf_llu                              0x00000000   Number         0  stubs.o ABSOLUTE
    _printf_llx                              0x00000000   Number         0  stubs.o ABSOLUTE
    _printf_longlong_dec                     0x00000000   Number         0  stubs.o ABSOLUTE
    _printf_longlong_hex                     0x00000000   Number         0  stubs.o ABSOLUTE
    _printf_longlong_oct                     0x00000000   Number         0  stubs.o ABSOLUTE
    _printf_ls                               0x00000000   Number         0  stubs.o ABSOLUTE
    _printf_mbtowc                           0x00000000   Number         0  stubs.o ABSOLUTE
    _printf_n                                0x00000000   Number         0  stubs.o ABSOLUTE
    _printf_o                                0x00000000   Number         0  stubs.o ABSOLUTE
    _printf_p                                0x00000000   Number         0  stubs.o ABSOLUTE
    _printf_percent                          0x00000000   Number         0  stubs.o ABSOLUTE
    _printf_pre_padding                      0x00000000   Number         0  stubs.o ABSOLUTE
    _printf_return_value                     0x00000000   Number         0  stubs.o ABSOLUTE
    _printf_s                                0x00000000   Number         0  stubs.o ABSOLUTE
    _printf_sizespec                         0x00000000   Number         0  stubs.o ABSOLUTE
    _printf_str                              0x00000000   Number         0  stubs.o ABSOLUTE
    _printf_truncate_signed                  0x00000000   Number         0  stubs.o ABSOLUTE
    _printf_truncate_unsigned                0x00000000   Number         0  stubs.o ABSOLUTE
    _printf_u                                0x00000000   Number         0  stubs.o ABSOLUTE
    _printf_wc                               0x00000000   Number         0  stubs.o ABSOLUTE
    _printf_wctomb                           0x00000000   Number         0  stubs.o ABSOLUTE
    _printf_widthprec                        0x00000000   Number         0  stubs.o ABSOLUTE
    _printf_x                                0x00000000   Number         0  stubs.o ABSOLUTE
    __cpp_initialize__aeabi_                  - Undefined Weak Reference
    __cxa_finalize                            - Undefined Weak Reference
    _clock_init                               - Undefined Weak Reference
    _microlib_exit                            - Undefined Weak Reference
    __Vectors_Size                           0x00000188   Number         0  startup_stm32f40_41xxx.o ABSOLUTE
    __Vectors                                0x08000000   Data           4  startup_stm32f40_41xxx.o(RESET)
    __Vectors_End                            0x08000188   Data           0  startup_stm32f40_41xxx.o(RESET)
    __main                                   0x08000189   Thumb Code     0  entry.o(.ARM.Collect$$$$00000000)
    _main_stk                                0x08000189   Thumb Code     0  entry2.o(.ARM.Collect$$$$00000001)
    _main_scatterload                        0x0800018d   Thumb Code     0  entry5.o(.ARM.Collect$$$$00000004)
    __main_after_scatterload                 0x08000191   Thumb Code     0  entry5.o(.ARM.Collect$$$$00000004)
    _main_clock                              0x08000191   Thumb Code     0  entry7b.o(.ARM.Collect$$$$00000008)
    _main_cpp_init                           0x08000191   Thumb Code     0  entry8b.o(.ARM.Collect$$$$0000000A)
    _main_init                               0x08000191   Thumb Code     0  entry9a.o(.ARM.Collect$$$$0000000B)
    __rt_final_cpp                           0x08000199   Thumb Code     0  entry10a.o(.ARM.Collect$$$$0000000D)
    __rt_final_exit                          0x08000199   Thumb Code     0  entry11a.o(.ARM.Collect$$$$0000000F)
    Reset_Handler                            0x0800019d   Thumb Code     8  startup_stm32f40_41xxx.o(.text)
    PendSV_Handler                           0x080001b3   Thumb Code     2  startup_stm32f40_41xxx.o(.text)
    ADC_IRQHandler                           0x080001b7   Thumb Code     0  startup_stm32f40_41xxx.o(.text)
    CAN1_RX0_IRQHandler                      0x080001b7   Thumb Code     0  startup_stm32f40_41xxx.o(.text)
    CAN1_RX1_IRQHandler                      0x080001b7   Thumb Code     0  startup_stm32f40_41xxx.o(.text)
    CAN1_SCE_IRQHandler                      0x080001b7   Thumb Code     0  startup_stm32f40_41xxx.o(.text)
    CAN1_TX_IRQHandler                       0x080001b7   Thumb Code     0  startup_stm32f40_41xxx.o(.text)
    CAN2_RX0_IRQHandler                      0x080001b7   Thumb Code     0  startup_stm32f40_41xxx.o(.text)
    CAN2_RX1_IRQHandler                      0x080001b7   Thumb Code     0  startup_stm32f40_41xxx.o(.text)
    CAN2_SCE_IRQHandler                      0x080001b7   Thumb Code     0  startup_stm32f40_41xxx.o(.text)
    CAN2_TX_IRQHandler                       0x080001b7   Thumb Code     0  startup_stm32f40_41xxx.o(.text)
    CRYP_IRQHandler                          0x080001b7   Thumb Code     0  startup_stm32f40_41xxx.o(.text)
    DCMI_IRQHandler                          0x080001b7   Thumb Code     0  startup_stm32f40_41xxx.o(.text)
    DMA1_Stream0_IRQHandler                  0x080001b7   Thumb Code     0  startup_stm32f40_41xxx.o(.text)
    DMA1_Stream1_IRQHandler                  0x080001b7   Thumb Code     0  startup_stm32f40_41xxx.o(.text)
    DMA1_Stream2_IRQHandler                  0x080001b7   Thumb Code     0  startup_stm32f40_41xxx.o(.text)
    DMA1_Stream3_IRQHandler                  0x080001b7   Thumb Code     0  startup_stm32f40_41xxx.o(.text)
    DMA1_Stream4_IRQHandler                  0x080001b7   Thumb Code     0  startup_stm32f40_41xxx.o(.text)
    DMA1_Stream5_IRQHandler                  0x080001b7   Thumb Code     0  startup_stm32f40_41xxx.o(.text)
    DMA1_Stream6_IRQHandler                  0x080001b7   Thumb Code     0  startup_stm32f40_41xxx.o(.text)
    DMA1_Stream7_IRQHandler                  0x080001b7   Thumb Code     0  startup_stm32f40_41xxx.o(.text)
    DMA2_Stream0_IRQHandler                  0x080001b7   Thumb Code     0  startup_stm32f40_41xxx.o(.text)
    DMA2_Stream1_IRQHandler                  0x080001b7   Thumb Code     0  startup_stm32f40_41xxx.o(.text)
    DMA2_Stream2_IRQHandler                  0x080001b7   Thumb Code     0  startup_stm32f40_41xxx.o(.text)
    DMA2_Stream3_IRQHandler                  0x080001b7   Thumb Code     0  startup_stm32f40_41xxx.o(.text)
    DMA2_Stream4_IRQHandler                  0x080001b7   Thumb Code     0  startup_stm32f40_41xxx.o(.text)
    DMA2_Stream5_IRQHandler                  0x080001b7   Thumb Code     0  startup_stm32f40_41xxx.o(.text)
    DMA2_Stream6_IRQHandler                  0x080001b7   Thumb Code     0  startup_stm32f40_41xxx.o(.text)
    DMA2_Stream7_IRQHandler                  0x080001b7   Thumb Code     0  startup_stm32f40_41xxx.o(.text)
    ETH_IRQHandler                           0x080001b7   Thumb Code     0  startup_stm32f40_41xxx.o(.text)
    ETH_WKUP_IRQHandler                      0x080001b7   Thumb Code     0  startup_stm32f40_41xxx.o(.text)
    EXTI0_IRQHandler                         0x080001b7   Thumb Code     0  startup_stm32f40_41xxx.o(.text)
    EXTI1_IRQHandler                         0x080001b7   Thumb Code     0  startup_stm32f40_41xxx.o(.text)
    EXTI2_IRQHandler                         0x080001b7   Thumb Code     0  startup_stm32f40_41xxx.o(.text)
    EXTI3_IRQHandler                         0x080001b7   Thumb Code     0  startup_stm32f40_41xxx.o(.text)
    EXTI4_IRQHandler                         0x080001b7   Thumb Code     0  startup_stm32f40_41xxx.o(.text)
    EXTI9_5_IRQHandler                       0x080001b7   Thumb Code     0  startup_stm32f40_41xxx.o(.text)
    FLASH_IRQHandler                         0x080001b7   Thumb Code     0  startup_stm32f40_41xxx.o(.text)
    FPU_IRQHandler                           0x080001b7   Thumb Code     0  startup_stm32f40_41xxx.o(.text)
    FSMC_IRQHandler                          0x080001b7   Thumb Code     0  startup_stm32f40_41xxx.o(.text)
    HASH_RNG_IRQHandler                      0x080001b7   Thumb Code     0  startup_stm32f40_41xxx.o(.text)
    I2C1_ER_IRQHandler                       0x080001b7   Thumb Code     0  startup_stm32f40_41xxx.o(.text)
    I2C1_EV_IRQHandler                       0x080001b7   Thumb Code     0  startup_stm32f40_41xxx.o(.text)
    I2C2_ER_IRQHandler                       0x080001b7   Thumb Code     0  startup_stm32f40_41xxx.o(.text)
    I2C2_EV_IRQHandler                       0x080001b7   Thumb Code     0  startup_stm32f40_41xxx.o(.text)
    I2C3_ER_IRQHandler                       0x080001b7   Thumb Code     0  startup_stm32f40_41xxx.o(.text)
    I2C3_EV_IRQHandler                       0x080001b7   Thumb Code     0  startup_stm32f40_41xxx.o(.text)
    OTG_FS_IRQHandler                        0x080001b7   Thumb Code     0  startup_stm32f40_41xxx.o(.text)
    OTG_FS_WKUP_IRQHandler                   0x080001b7   Thumb Code     0  startup_stm32f40_41xxx.o(.text)
    OTG_HS_EP1_IN_IRQHandler                 0x080001b7   Thumb Code     0  startup_stm32f40_41xxx.o(.text)
    OTG_HS_EP1_OUT_IRQHandler                0x080001b7   Thumb Code     0  startup_stm32f40_41xxx.o(.text)
    OTG_HS_IRQHandler                        0x080001b7   Thumb Code     0  startup_stm32f40_41xxx.o(.text)
    OTG_HS_WKUP_IRQHandler                   0x080001b7   Thumb Code     0  startup_stm32f40_41xxx.o(.text)
    PVD_IRQHandler                           0x080001b7   Thumb Code     0  startup_stm32f40_41xxx.o(.text)
    RCC_IRQHandler                           0x080001b7   Thumb Code     0  startup_stm32f40_41xxx.o(.text)
    RTC_Alarm_IRQHandler                     0x080001b7   Thumb Code     0  startup_stm32f40_41xxx.o(.text)
    RTC_WKUP_IRQHandler                      0x080001b7   Thumb Code     0  startup_stm32f40_41xxx.o(.text)
    SDIO_IRQHandler                          0x080001b7   Thumb Code     0  startup_stm32f40_41xxx.o(.text)
    SPI1_IRQHandler                          0x080001b7   Thumb Code     0  startup_stm32f40_41xxx.o(.text)
    SPI2_IRQHandler                          0x080001b7   Thumb Code     0  startup_stm32f40_41xxx.o(.text)
    SPI3_IRQHandler                          0x080001b7   Thumb Code     0  startup_stm32f40_41xxx.o(.text)
    TAMP_STAMP_IRQHandler                    0x080001b7   Thumb Code     0  startup_stm32f40_41xxx.o(.text)
    TIM1_BRK_TIM9_IRQHandler                 0x080001b7   Thumb Code     0  startup_stm32f40_41xxx.o(.text)
    TIM1_CC_IRQHandler                       0x080001b7   Thumb Code     0  startup_stm32f40_41xxx.o(.text)
    TIM1_TRG_COM_TIM11_IRQHandler            0x080001b7   Thumb Code     0  startup_stm32f40_41xxx.o(.text)
    TIM1_UP_TIM10_IRQHandler                 0x080001b7   Thumb Code     0  startup_stm32f40_41xxx.o(.text)
    TIM2_IRQHandler                          0x080001b7   Thumb Code     0  startup_stm32f40_41xxx.o(.text)
    TIM3_IRQHandler                          0x080001b7   Thumb Code     0  startup_stm32f40_41xxx.o(.text)
    TIM4_IRQHandler                          0x080001b7   Thumb Code     0  startup_stm32f40_41xxx.o(.text)
    TIM5_IRQHandler                          0x080001b7   Thumb Code     0  startup_stm32f40_41xxx.o(.text)
    TIM6_DAC_IRQHandler                      0x080001b7   Thumb Code     0  startup_stm32f40_41xxx.o(.text)
    TIM7_IRQHandler                          0x080001b7   Thumb Code     0  startup_stm32f40_41xxx.o(.text)
    TIM8_BRK_TIM12_IRQHandler                0x080001b7   Thumb Code     0  startup_stm32f40_41xxx.o(.text)
    TIM8_CC_IRQHandler                       0x080001b7   Thumb Code     0  startup_stm32f40_41xxx.o(.text)
    TIM8_TRG_COM_TIM14_IRQHandler            0x080001b7   Thumb Code     0  startup_stm32f40_41xxx.o(.text)
    TIM8_UP_TIM13_IRQHandler                 0x080001b7   Thumb Code     0  startup_stm32f40_41xxx.o(.text)
    USART6_IRQHandler                        0x080001b7   Thumb Code     0  startup_stm32f40_41xxx.o(.text)
    WWDG_IRQHandler                          0x080001b7   Thumb Code     0  startup_stm32f40_41xxx.o(.text)
    __aeabi_memset                           0x080001c1   Thumb Code    14  memseta.o(.text)
    __aeabi_memset4                          0x080001c1   Thumb Code     0  memseta.o(.text)
    __aeabi_memset8                          0x080001c1   Thumb Code     0  memseta.o(.text)
    __aeabi_memclr                           0x080001cf   Thumb Code     4  memseta.o(.text)
    __aeabi_memclr4                          0x080001cf   Thumb Code     0  memseta.o(.text)
    __aeabi_memclr8                          0x080001cf   Thumb Code     0  memseta.o(.text)
    _memset$wrapper                          0x080001d3   Thumb Code    18  memseta.o(.text)
    strlen                                   0x080001e5   Thumb Code    14  strlen.o(.text)
    __aeabi_dadd                             0x080001f3   Thumb Code   322  dadd.o(.text)
    __aeabi_dsub                             0x08000335   Thumb Code     6  dadd.o(.text)
    __aeabi_drsub                            0x0800033b   Thumb Code     6  dadd.o(.text)
    __aeabi_dmul                             0x08000341   Thumb Code   228  dmul.o(.text)
    __aeabi_ddiv                             0x08000425   Thumb Code   222  ddiv.o(.text)
    __aeabi_f2d                              0x08000503   Thumb Code    38  f2d.o(.text)
    __aeabi_cdrcmple                         0x08000529   Thumb Code    48  cdrcmple.o(.text)
    __aeabi_d2f                              0x08000559   Thumb Code    56  d2f.o(.text)
    __aeabi_uidiv                            0x08000591   Thumb Code     0  uidiv.o(.text)
    __aeabi_uidivmod                         0x08000591   Thumb Code    44  uidiv.o(.text)
    __aeabi_uldivmod                         0x080005bd   Thumb Code    98  uldiv.o(.text)
    __aeabi_llsl                             0x0800061f   Thumb Code    30  llshl.o(.text)
    _ll_shift_l                              0x0800061f   Thumb Code     0  llshl.o(.text)
    __aeabi_lasr                             0x0800063d   Thumb Code    36  llsshr.o(.text)
    _ll_sshift_r                             0x0800063d   Thumb Code     0  llsshr.o(.text)
    __I$use$fp                               0x08000661   Thumb Code     0  iusefp.o(.text)
    _float_round                             0x08000661   Thumb Code    18  fepilogue.o(.text)
    _float_epilogue                          0x08000673   Thumb Code    92  fepilogue.o(.text)
    _double_round                            0x080006cf   Thumb Code    30  depilogue.o(.text)
    _double_epilogue                         0x080006ed   Thumb Code   156  depilogue.o(.text)
    _dsqrt                                   0x08000789   Thumb Code   162  dsqrt.o(.text)
    __aeabi_d2ulz                            0x0800082b   Thumb Code    48  dfixul.o(.text)
    __scatterload                            0x0800085d   Thumb Code    28  init.o(.text)
    __scatterload_rt2                        0x0800085d   Thumb Code     0  init.o(.text)
    __aeabi_llsr                             0x08000881   Thumb Code    32  llushr.o(.text)
    __semihosting_library_function           0x08000881   Thumb Code     0  semi.o(.text)
    _ll_ushift_r                             0x08000881   Thumb Code     0  llushr.o(.text)
    __I$use$semihosting$fputc                0x080008a1   Thumb Code     0  iusesemip.o(.text)
    __decompress                             0x080008a1   Thumb Code     0  __dczerorl2.o(.text)
    __decompress1                            0x080008a1   Thumb Code    86  __dczerorl2.o(.text)
    ANO_DT_Do                                0x08000fdd   Thumb Code    42  ano_dt.o(i.ANO_DT_Do)
    Argument_Init                            0x0800125d   Thumb Code    16  ano_dt.o(i.Argument_Init)
    BSP_Init                                 0x0800127d   Thumb Code   226  my_bsp.o(i.BSP_Init)
    Beep_Init                                0x08001365   Thumb Code   150  beep.o(i.Beep_Init)
    Beep_Play                                0x08001405   Thumb Code    26  beep.o(i.Beep_Play)
    BusFault_Handler                         0x08001425   Thumb Code     4  stm32f4xx_it.o(i.BusFault_Handler)
    Cycle_Time_Init                          0x0800143b   Thumb Code    22  time.o(i.Cycle_Time_Init)
    DebugMon_Handler                         0x08001451   Thumb Code     2  stm32f4xx_it.o(i.DebugMon_Handler)
    Display_Error                            0x08001455   Thumb Code    18  display.o(i.Display_Error)
    EXTI15_10_IRQHandler                     0x08001475   Thumb Code    28  exti.o(i.EXTI15_10_IRQHandler)
    EXTI_ClearITPendingBit                   0x08001491   Thumb Code     6  stm32f4xx_exti.o(i.EXTI_ClearITPendingBit)
    EXTI_GetITStatus                         0x0800149d   Thumb Code    20  stm32f4xx_exti.o(i.EXTI_GetITStatus)
    Encoder_Init_TIM3                        0x080014b5   Thumb Code   176  encoder.o(i.Encoder_Init_TIM3)
    Encoder_Init_TIM4                        0x0800156d   Thumb Code   176  encoder.o(i.Encoder_Init_TIM4)
    Encoder_Init_TIM5                        0x08001625   Thumb Code   176  encoder.o(i.Encoder_Init_TIM5)
    Encoder_Init_TIM8                        0x080016dd   Thumb Code   176  encoder.o(i.Encoder_Init_TIM8)
    GPIO_Init                                0x08001805   Thumb Code   144  stm32f4xx_gpio.o(i.GPIO_Init)
    GPIO_PinAFConfig                         0x08001895   Thumb Code    70  stm32f4xx_gpio.o(i.GPIO_PinAFConfig)
    GetSysTime_us                            0x080018dd   Thumb Code    48  systick.o(i.GetSysTime_us)
    Get_Cycle_T                              0x08001911   Thumb Code   118  time.o(i.Get_Cycle_T)
    HC165_Init                               0x08001991   Thumb Code   104  74hc165.o(i.HC165_Init)
    HC165_Read_2Byte                         0x08001a01   Thumb Code   656  74hc165.o(i.HC165_Read_2Byte)
    HC165_delay                              0x08001c99   Thumb Code    10  74hc165.o(i.HC165_delay)
    HMI_Data_Handle                          0x08001ca5   Thumb Code   100  hmi.o(i.HMI_Data_Handle)
    HardFault_Handler                        0x08001d0d   Thumb Code    44  stm32f4xx_it.o(i.HardFault_Handler)
    I2c_Soft_Ask                             0x08001da1   Thumb Code    46  iic_soft.o(i.I2c_Soft_Ask)
    I2c_Soft_Init                            0x08001dd5   Thumb Code    46  iic_soft.o(i.I2c_Soft_Init)
    I2c_Soft_NoAsk                           0x08001e09   Thumb Code    48  iic_soft.o(i.I2c_Soft_NoAsk)
    I2c_Soft_ReadByte                        0x08001e3d   Thumb Code    92  iic_soft.o(i.I2c_Soft_ReadByte)
    I2c_Soft_SendByte                        0x08001e9d   Thumb Code    78  iic_soft.o(i.I2c_Soft_SendByte)
    I2c_Soft_Start                           0x08001ef1   Thumb Code    84  iic_soft.o(i.I2c_Soft_Start)
    I2c_Soft_Stop                            0x08001f49   Thumb Code    48  iic_soft.o(i.I2c_Soft_Stop)
    I2c_Soft_WaitAsk                         0x08001f7d   Thumb Code    84  iic_soft.o(i.I2c_Soft_WaitAsk)
    I2c_Soft_delay                           0x08001fd5   Thumb Code    42  iic_soft.o(i.I2c_Soft_delay)
    IIC_Read_nByte                           0x08002005   Thumb Code   108  iic_soft.o(i.IIC_Read_nByte)
    IIC_Write_1Byte                          0x08002071   Thumb Code    62  iic_soft.o(i.IIC_Write_1Byte)
    IICwriteBit                              0x080020af   Thumb Code    66  mpu6050.o(i.IICwriteBit)
    IICwriteBits                             0x080020f1   Thumb Code   102  mpu6050.o(i.IICwriteBits)
    KEY_Init                                 0x08002159   Thumb Code    56  key.o(i.KEY_Init)
    KEY_Scan                                 0x08002199   Thumb Code   128  key.o(i.KEY_Scan)
    Kalman_Filter1                           0x08002225   Thumb Code   572  ahrs.o(i.Kalman_Filter1)
    Kalman_Filter2                           0x080024a5   Thumb Code   572  ahrs.o(i.Kalman_Filter2)
    Kinematic_Analysis                       0x08002725   Thumb Code   156  mecanum.o(i.Kinematic_Analysis)
    LED_ALL_OFF                              0x080027cd   Thumb Code    54  led.o(i.LED_ALL_OFF)
    LED_ALL_ON                               0x08002815   Thumb Code    54  led.o(i.LED_ALL_ON)
    LED_Blink                                0x0800285d   Thumb Code    48  led.o(i.LED_Blink)
    LED_Init                                 0x08002895   Thumb Code    70  led.o(i.LED_Init)
    LED_OFF                                  0x080028e5   Thumb Code    64  led.o(i.LED_OFF)
    LED_ON                                   0x08002931   Thumb Code    64  led.o(i.LED_ON)
    LED_SWITCH                               0x0800297d   Thumb Code   134  led.o(i.LED_SWITCH)
    Loop_Time_Check                          0x08002a11   Thumb Code    72  task_loop.o(i.Loop_Time_Check)
    Loop_Time_Clear                          0x08002a5d   Thumb Code    10  task_loop.o(i.Loop_Time_Clear)
    MOTO_A_Init                              0x08002a6d   Thumb Code   196  moto_drive.o(i.MOTO_A_Init)
    MOTO_A_Set                               0x08002b3d   Thumb Code    80  moto_drive.o(i.MOTO_A_Set)
    MOTO_A_Stop                              0x08002b9d   Thumb Code    18  moto_drive.o(i.MOTO_A_Stop)
    MOTO_B_Init                              0x08002bbd   Thumb Code   196  moto_drive.o(i.MOTO_B_Init)
    MOTO_B_Set                               0x08002c8d   Thumb Code    80  moto_drive.o(i.MOTO_B_Set)
    MOTO_B_Stop                              0x08002ced   Thumb Code    18  moto_drive.o(i.MOTO_B_Stop)
    MOTO_C_Init                              0x08002d0d   Thumb Code   194  moto_drive.o(i.MOTO_C_Init)
    MOTO_C_Set                               0x08002ddd   Thumb Code    80  moto_drive.o(i.MOTO_C_Set)
    MOTO_C_Stop                              0x08002e3d   Thumb Code    18  moto_drive.o(i.MOTO_C_Stop)
    MOTO_D_Init                              0x08002e5d   Thumb Code   196  moto_drive.o(i.MOTO_D_Init)
    MOTO_D_Set                               0x08002f2d   Thumb Code    80  moto_drive.o(i.MOTO_D_Set)
    MOTO_D_Stop                              0x08002f8d   Thumb Code    18  moto_drive.o(i.MOTO_D_Stop)
    MPU6050_Data_Offset                      0x08002fad   Thumb Code   442  mpu6050.o(i.MPU6050_Data_Offset)
    MPU6050_Data_Prepare                     0x0800317d   Thumb Code  1076  mpu6050.o(i.MPU6050_Data_Prepare)
    MPU6050_Init                             0x080035b1   Thumb Code   180  mpu6050.o(i.MPU6050_Init)
    MPU6050_Read                             0x08003665   Thumb Code    22  mpu6050.o(i.MPU6050_Read)
    MPU6050_setClockSource                   0x08003685   Thumb Code    20  mpu6050.o(i.MPU6050_setClockSource)
    MPU6050_setDLPF                          0x08003699   Thumb Code    20  mpu6050.o(i.MPU6050_setDLPF)
    MPU6050_setFullScaleAccelRange           0x080036ad   Thumb Code    36  mpu6050.o(i.MPU6050_setFullScaleAccelRange)
    MPU6050_setFullScaleGyroRange            0x080036d1   Thumb Code    36  mpu6050.o(i.MPU6050_setFullScaleGyroRange)
    MPU6050_setI2CBypassEnabled              0x080036f5   Thumb Code    18  mpu6050.o(i.MPU6050_setI2CBypassEnabled)
    MPU6050_setI2CMasterModeEnabled          0x08003707   Thumb Code    18  mpu6050.o(i.MPU6050_setI2CMasterModeEnabled)
    MPU6050_setSleepEnabled                  0x08003719   Thumb Code    18  mpu6050.o(i.MPU6050_setSleepEnabled)
    MPU6050_set_SMPLRT_DIV                   0x0800372b   Thumb Code    28  mpu6050.o(i.MPU6050_set_SMPLRT_DIV)
    Mecanum_Param_Init                       0x08003749   Thumb Code    52  mecanum.o(i.Mecanum_Param_Init)
    Mecanum_Update                           0x08003789   Thumb Code   166  mecanum.o(i.Mecanum_Update)
    MemManage_Handler                        0x08003835   Thumb Code     4  stm32f4xx_it.o(i.MemManage_Handler)
    NMI_Handler                              0x08003839   Thumb Code     2  stm32f4xx_it.o(i.NMI_Handler)
    NVIC_Init                                0x0800383d   Thumb Code   106  misc.o(i.NVIC_Init)
    NVIC_PriorityGroupConfig                 0x080038b5   Thumb Code    10  misc.o(i.NVIC_PriorityGroupConfig)
    OLED_Clear                               0x080038c9   Thumb Code    42  oled.o(i.OLED_Clear)
    OLED_DrawPoint                           0x080038f9   Thumb Code   100  oled.o(i.OLED_DrawPoint)
    OLED_Init                                0x08003961   Thumb Code   292  oled.o(i.OLED_Init)
    OLED_Refresh_Gram                        0x08003a91   Thumb Code    70  oled.o(i.OLED_Refresh_Gram)
    OLED_ShowChar                            0x08003add   Thumb Code   158  oled.o(i.OLED_ShowChar)
    OLED_ShowString                          0x08003b85   Thumb Code    66  oled.o(i.OLED_ShowString)
    OLED_WR_Byte                             0x08003bc9   Thumb Code    82  oled.o(i.OLED_WR_Byte)
    PS2_ClearData                            0x08003c21   Thumb Code    20  ps2.o(i.PS2_ClearData)
    PS2_Cmd                                  0x08003c39   Thumb Code   122  ps2.o(i.PS2_Cmd)
    PS2_DataKey                              0x08003cc1   Thumb Code    90  ps2.o(i.PS2_DataKey)
    PS2_ReadData                             0x08003d2d   Thumb Code   154  ps2.o(i.PS2_ReadData)
    PS2_Usart_Control                        0x08003dd9   Thumb Code   228  mecanum.o(i.PS2_Usart_Control)
    Param_SaveAccelOffset                    0x08003ed1   Thumb Code    22  sensor_param.o(i.Param_SaveAccelOffset)
    Param_SaveGyroOffset                     0x08003ef1   Thumb Code    24  sensor_param.o(i.Param_SaveGyroOffset)
    RCC_AHB1PeriphClockCmd                   0x08003f11   Thumb Code    26  stm32f4xx_rcc.o(i.RCC_AHB1PeriphClockCmd)
    RCC_APB1PeriphClockCmd                   0x08003f31   Thumb Code    26  stm32f4xx_rcc.o(i.RCC_APB1PeriphClockCmd)
    RCC_APB1PeriphResetCmd                   0x08003f51   Thumb Code    26  stm32f4xx_rcc.o(i.RCC_APB1PeriphResetCmd)
    RCC_APB2PeriphClockCmd                   0x08003f71   Thumb Code    26  stm32f4xx_rcc.o(i.RCC_APB2PeriphClockCmd)
    RCC_APB2PeriphResetCmd                   0x08003f91   Thumb Code    26  stm32f4xx_rcc.o(i.RCC_APB2PeriphResetCmd)
    RCC_GetClocksFreq                        0x08003fb1   Thumb Code   214  stm32f4xx_rcc.o(i.RCC_GetClocksFreq)
    Read_Encoder                             0x08004099   Thumb Code   116  encoder.o(i.Read_Encoder)
    Remote                                   0x0800411d   Thumb Code   284  ps2.o(i.Remote)
    STMFLASH_EraseSector                     0x08004241   Thumb Code   106  stmflash.o(i.STMFLASH_EraseSector)
    STMFLASH_GetFlashSector                  0x080042b5   Thumb Code   116  stmflash.o(i.STMFLASH_GetFlashSector)
    STMFLASH_GetStatus                       0x08004355   Thumb Code    60  stmflash.o(i.STMFLASH_GetStatus)
    STMFLASH_Lock                            0x08004395   Thumb Code    14  stmflash.o(i.STMFLASH_Lock)
    STMFLASH_ReadWord                        0x080043a9   Thumb Code     6  stmflash.o(i.STMFLASH_ReadWord)
    STMFLASH_Unlock                          0x080043b1   Thumb Code    12  stmflash.o(i.STMFLASH_Unlock)
    STMFLASH_WaitDone                        0x080043c9   Thumb Code    40  stmflash.o(i.STMFLASH_WaitDone)
    STMFLASH_Write                           0x080043f1   Thumb Code   154  stmflash.o(i.STMFLASH_Write)
    STMFLASH_WriteWord                       0x08004495   Thumb Code    78  stmflash.o(i.STMFLASH_WriteWord)
    SVC_Handler                              0x080044e9   Thumb Code     2  stm32f4xx_it.o(i.SVC_Handler)
    SysTick_CLKSourceConfig                  0x080045d9   Thumb Code    40  misc.o(i.SysTick_CLKSourceConfig)
    SysTick_Handler                          0x08004601   Thumb Code    22  systick.o(i.SysTick_Handler)
    SysTick_Init                             0x0800461d   Thumb Code    98  systick.o(i.SysTick_Init)
    SystemInit                               0x08004689   Thumb Code    88  system_stm32f4xx.o(i.SystemInit)
    System_Tiem_Clear                        0x0800470d   Thumb Code    10  time.o(i.System_Tiem_Clear)
    System_Time_Running                      0x0800471d   Thumb Code   104  time.o(i.System_Time_Running)
    TIM_ClearFlag                            0x080048ab   Thumb Code     6  stm32f4xx_tim.o(i.TIM_ClearFlag)
    TIM_Cmd                                  0x080048b1   Thumb Code    24  stm32f4xx_tim.o(i.TIM_Cmd)
    TIM_CtrlPWMOutputs                       0x080048c9   Thumb Code    30  stm32f4xx_tim.o(i.TIM_CtrlPWMOutputs)
    TIM_EncoderInterfaceConfig               0x080048e7   Thumb Code    66  stm32f4xx_tim.o(i.TIM_EncoderInterfaceConfig)
    TIM_GetCounter                           0x08004929   Thumb Code     6  stm32f4xx_tim.o(i.TIM_GetCounter)
    TIM_ICInit                               0x0800492f   Thumb Code   110  stm32f4xx_tim.o(i.TIM_ICInit)
    TIM_ICStructInit                         0x0800499d   Thumb Code    18  stm32f4xx_tim.o(i.TIM_ICStructInit)
    TIM_ITConfig                             0x080049af   Thumb Code    18  stm32f4xx_tim.o(i.TIM_ITConfig)
    TIM_OC1Init                              0x080049c1   Thumb Code   114  stm32f4xx_tim.o(i.TIM_OC1Init)
    TIM_OC1PreloadConfig                     0x08004a3d   Thumb Code    18  stm32f4xx_tim.o(i.TIM_OC1PreloadConfig)
    TIM_OC2Init                              0x08004a51   Thumb Code   154  stm32f4xx_tim.o(i.TIM_OC2Init)
    TIM_OC2PreloadConfig                     0x08004af5   Thumb Code    26  stm32f4xx_tim.o(i.TIM_OC2PreloadConfig)
    TIM_OC3Init                              0x08004b11   Thumb Code   150  stm32f4xx_tim.o(i.TIM_OC3Init)
    TIM_OC3PreloadConfig                     0x08004bb1   Thumb Code    18  stm32f4xx_tim.o(i.TIM_OC3PreloadConfig)
    TIM_OC4Init                              0x08004bc5   Thumb Code   112  stm32f4xx_tim.o(i.TIM_OC4Init)
    TIM_OC4PreloadConfig                     0x08004c3d   Thumb Code    26  stm32f4xx_tim.o(i.TIM_OC4PreloadConfig)
    TIM_SetCounter                           0x08004c57   Thumb Code     4  stm32f4xx_tim.o(i.TIM_SetCounter)
    TIM_SetIC1Prescaler                      0x08004c5b   Thumb Code    18  stm32f4xx_tim.o(i.TIM_SetIC1Prescaler)
    TIM_SetIC2Prescaler                      0x08004c6d   Thumb Code    26  stm32f4xx_tim.o(i.TIM_SetIC2Prescaler)
    TIM_SetIC3Prescaler                      0x08004c87   Thumb Code    18  stm32f4xx_tim.o(i.TIM_SetIC3Prescaler)
    TIM_SetIC4Prescaler                      0x08004c99   Thumb Code    26  stm32f4xx_tim.o(i.TIM_SetIC4Prescaler)
    TIM_TimeBaseInit                         0x08004cb5   Thumb Code   104  stm32f4xx_tim.o(i.TIM_TimeBaseInit)
    TIM_TimeBaseStructInit                   0x08004d39   Thumb Code    18  stm32f4xx_tim.o(i.TIM_TimeBaseStructInit)
    Task_Loop                                0x08004dc9   Thumb Code   236  task_loop.o(i.Task_Loop)
    Track_Init                               0x08004ec1   Thumb Code     8  track.o(i.Track_Init)
    Track_Read                               0x08004ec9   Thumb Code   258  track.o(i.Track_Read)
    Transform                                0x08004fe1   Thumb Code    14  mpu6050.o(i.Transform)
    UART4_IRQHandler                         0x08004ff1   Thumb Code   156  hmi.o(i.UART4_IRQHandler)
    UART5_IRQHandler                         0x080050a5   Thumb Code   150  tf_min.o(i.UART5_IRQHandler)
    USART1_IRQHandler                        0x0800514d   Thumb Code   180  printf_uart.o(i.USART1_IRQHandler)
    USART2_IRQHandler                        0x08005211   Thumb Code   198  usart2.o(i.USART2_IRQHandler)
    USART3_IRQHandler                        0x080052e9   Thumb Code   150  tf_min.o(i.USART3_IRQHandler)
    USART_ClearFlag                          0x08005391   Thumb Code    18  stm32f4xx_usart.o(i.USART_ClearFlag)
    USART_Cmd                                0x080053a3   Thumb Code    24  stm32f4xx_usart.o(i.USART_Cmd)
    USART_DeInit                             0x080053bd   Thumb Code   206  stm32f4xx_usart.o(i.USART_DeInit)
    USART_GetFlagStatus                      0x080054ad   Thumb Code    26  stm32f4xx_usart.o(i.USART_GetFlagStatus)
    USART_GetITStatus                        0x080054c7   Thumb Code    84  stm32f4xx_usart.o(i.USART_GetITStatus)
    USART_ITConfig                           0x0800551b   Thumb Code    74  stm32f4xx_usart.o(i.USART_ITConfig)
    USART_Init                               0x08005565   Thumb Code   204  stm32f4xx_usart.o(i.USART_Init)
    USART_ReceiveData                        0x08005639   Thumb Code    10  stm32f4xx_usart.o(i.USART_ReceiveData)
    USART_SendData                           0x08005643   Thumb Code     8  stm32f4xx_usart.o(i.USART_SendData)
    UsageFault_Handler                       0x0800564b   Thumb Code     4  stm32f4xx_it.o(i.UsageFault_Handler)
    Usart_SendByte                           0x0800564f   Thumb Code    30  usart2.o(i.Usart_SendByte)
    Usart_SendString                         0x0800566d   Thumb Code    42  usart2.o(i.Usart_SendString)
    __0printf                                0x08005699   Thumb Code    22  printfa.o(i.__0printf)
    __1printf                                0x08005699   Thumb Code     0  printfa.o(i.__0printf)
    __2printf                                0x08005699   Thumb Code     0  printfa.o(i.__0printf)
    __c89printf                              0x08005699   Thumb Code     0  printfa.o(i.__0printf)
    printf                                   0x08005699   Thumb Code     0  printfa.o(i.__0printf)
    __0sprintf                               0x080056b9   Thumb Code    34  printfa.o(i.__0sprintf)
    __1sprintf                               0x080056b9   Thumb Code     0  printfa.o(i.__0sprintf)
    __2sprintf                               0x080056b9   Thumb Code     0  printfa.o(i.__0sprintf)
    __c89sprintf                             0x080056b9   Thumb Code     0  printfa.o(i.__0sprintf)
    sprintf                                  0x080056b9   Thumb Code     0  printfa.o(i.__0sprintf)
    __0vsprintf                              0x080056e1   Thumb Code    30  printfa.o(i.__0vsprintf)
    __1vsprintf                              0x080056e1   Thumb Code     0  printfa.o(i.__0vsprintf)
    __2vsprintf                              0x080056e1   Thumb Code     0  printfa.o(i.__0vsprintf)
    __c89vsprintf                            0x080056e1   Thumb Code     0  printfa.o(i.__0vsprintf)
    vsprintf                                 0x080056e1   Thumb Code     0  printfa.o(i.__0vsprintf)
    __ARM_fpclassify                         0x08005705   Thumb Code    48  fpclassify.o(i.__ARM_fpclassify)
    __hardfp_atan                            0x08005739   Thumb Code   622  atan.o(i.__hardfp_atan)
    __hardfp_sqrt                            0x08005a11   Thumb Code   122  sqrt.o(i.__hardfp_sqrt)
    __kernel_poly                            0x08005a8b   Thumb Code   248  poly.o(i.__kernel_poly)
    __mathlib_dbl_infnan                     0x08005b83   Thumb Code    20  dunder.o(i.__mathlib_dbl_infnan)
    __mathlib_dbl_underflow                  0x08005b99   Thumb Code    24  dunder.o(i.__mathlib_dbl_underflow)
    __scatterload_copy                       0x08005bb9   Thumb Code    14  handlers.o(i.__scatterload_copy)
    __scatterload_null                       0x08005bc7   Thumb Code     2  handlers.o(i.__scatterload_null)
    __scatterload_zeroinit                   0x08005bc9   Thumb Code    14  handlers.o(i.__scatterload_zeroinit)
    __set_errno                              0x08005bd9   Thumb Code     6  errno.o(i.__set_errno)
    ahrs                                     0x08006481   Thumb Code   382  ahrs.o(i.ahrs)
    backToDeparture_control                  0x08006625   Thumb Code   110  control.o(i.backToDeparture_control)
    back_control                             0x080066a5   Thumb Code    78  control.o(i.back_control)
    delay_ms                                 0x080069c1   Thumb Code    26  systick.o(i.delay_ms)
    delay_us                                 0x080069db   Thumb Code    24  systick.o(i.delay_us)
    fabs                                     0x080069f3   Thumb Code    24  fabs.o(i.fabs)
    fputc                                    0x08006a79   Thumb Code    18  fputc.o(i.fputc)
    goToDeparture_control                    0x08006a8d   Thumb Code   126  control.o(i.goToDeparture_control)
    goToDestination_control                  0x08006b19   Thumb Code   144  control.o(i.goToDestination_control)
    grab_control                             0x08006de1   Thumb Code    96  control.o(i.grab_control)
    main                                     0x08006fed   Thumb Code    12  main.o(i.main)
    pid_ctr_mecanum_speed                    0x08006ff9   Thumb Code   144  algorithm.o(i.pid_ctr_mecanum_speed)
    pid_inc_calc                             0x0800709d   Thumb Code   248  pid.o(i.pid_inc_calc)
    pid_setup_mecanum_speed                  0x08007199   Thumb Code    92  algorithm.o(i.pid_setup_mecanum_speed)
    place_control                            0x08007219   Thumb Code    42  control.o(i.place_control)
    ready_control                            0x080073e5   Thumb Code    22  control.o(i.ready_control)
    setmotor_pwm                             0x08007405   Thumb Code    32  steer_moto.o(i.setmotor_pwm)
    u1_putbuff                               0x08007581   Thumb Code    26  printf_uart.o(i.u1_putbuff)
    u1_putchar                               0x0800759d   Thumb Code    20  printf_uart.o(i.u1_putchar)
    u2_printf                                0x080075b5   Thumb Code    72  usart2.o(i.u2_printf)
    update_pid_param                         0x08007605   Thumb Code    98  pid.o(i.update_pid_param)
    usart1_init                              0x08007669   Thumb Code   176  printf_uart.o(i.usart1_init)
    usart2_init                              0x08007721   Thumb Code   174  usart2.o(i.usart2_init)
    usart3_init                              0x080077d9   Thumb Code   170  usart3.o(i.usart3_init)
    usart5_init                              0x0800788d   Thumb Code   190  usart5.o(i.usart5_init)
    oled_asc2_1206                           0x08007958   Data        1140  oled.o(.constdata)
    oled_asc2_1608                           0x08007dcc   Data        1520  oled.o(.constdata)
    Region$$Table$$Base                      0x08008458   Number         0  anon$$obj.o(Region$$Table)
    Region$$Table$$Limit                     0x08008478   Number         0  anon$$obj.o(Region$$Table)
    GYRO_Calibrate                           0x20000008   Data           1  task_loop.o(.data)
    Flag_ANO_DT_Data                         0x2000000a   Data           1  ano_dt.o(.data)
    Init_flag                                0x20000010   Data           1  control.o(.data)
    step                                     0x20000011   Data           1  control.o(.data)
    order                                    0x20000012   Data           3  control.o(.data)
    Target_Velocity                          0x20000018   Data           4  control.o(.data)
    grab_right                               0x20000024   Data           8  param.o(.data)
    grab_left                                0x2000002c   Data           8  param.o(.data)
    grab_center                              0x20000034   Data           8  param.o(.data)
    turn_destination                         0x2000003c   Data           6  param.o(.data)
    turn_departure                           0x20000042   Data           6  param.o(.data)
    place_processing                         0x20000048   Data           8  param.o(.data)
    place_finished                           0x20000050   Data           8  param.o(.data)
    pidmotorAspeedparm                       0x20000058   Data          44  param.o(.data)
    pidmotorBspeedparm                       0x20000084   Data          44  param.o(.data)
    pidmotorCspeedparm                       0x200000b0   Data          44  param.o(.data)
    pidmotorDspeedparm                       0x200000dc   Data          44  param.o(.data)
    pidmotorApositionparm                    0x20000108   Data          44  param.o(.data)
    pidmotorBpositionparm                    0x20000134   Data          44  param.o(.data)
    pidmotorCpositionparm                    0x20000160   Data          44  param.o(.data)
    pidmotorDpositionparm                    0x2000018c   Data          44  param.o(.data)
    pidxparam                                0x200001b8   Data          44  param.o(.data)
    pidyparam                                0x200001e4   Data          44  param.o(.data)
    pidxspeedparam                           0x20000210   Data          44  param.o(.data)
    pidyspeedparam                           0x2000023c   Data          44  param.o(.data)
    pidlengthparam                           0x20000268   Data          44  param.o(.data)
    pidangleparam                            0x20000294   Data          44  param.o(.data)
    pidspeedparam                            0x200002c0   Data          44  param.o(.data)
    pidanglespeedparam                       0x200002ec   Data          44  param.o(.data)
    pidq1param                               0x20000318   Data          44  param.o(.data)
    pidq2param                               0x20000344   Data          44  param.o(.data)
    pidq3param                               0x20000370   Data          44  param.o(.data)
    pidq4param                               0x2000039c   Data          44  param.o(.data)
    pidq5param                               0x200003c8   Data          44  param.o(.data)
    pidq6param                               0x200003f4   Data          44  param.o(.data)
    Flag_UART_RX                             0x20000420   Data           1  hmi.o(.data)
    USART_RX_STA                             0x20000422   Data           2  hmi.o(.data)
    usTicks                                  0x2000042c   Data           4  systick.o(.data)
    sysTickUptime                            0x20000430   Data           4  systick.o(.data)
    System_Time                              0x20000434   Data           6  time.o(.data)
    Flag_Moto                                0x2000043b   Data           1  moto_drive.o(.data)
    QuadNumber                               0x2000043c   Data          16  ahrs.o(.data)
    pitch_offset                             0x2000044c   Data           4  ahrs.o(.data)
    roll_offset                              0x20000450   Data           4  ahrs.o(.data)
    acc_sum_cnt                              0x200004f4   Data           2  mpu6050.o(.data)
    gyro_sum_cnt                             0x200004f6   Data           2  mpu6050.o(.data)
    filter_cnt                               0x200004f8   Data           1  mpu6050.o(.data)
    filter_cnt_old                           0x200004f9   Data           1  mpu6050.o(.data)
    test_ang                                 0x200004fc   Data           4  mpu6050.o(.data)
    test_ang_old                             0x20000500   Data           4  mpu6050.o(.data)
    test_ang_d                               0x20000504   Data           4  mpu6050.o(.data)
    test_fli_a                               0x20000508   Data           4  mpu6050.o(.data)
    test_i                                   0x2000050c   Data           4  mpu6050.o(.data)
    I2C_FastMode                             0x20000510   Data           1  iic_soft.o(.data)
    USART2_RX_STA                            0x20000512   Data           2  usart2.o(.data)
    USART1_RX_STA                            0x20000514   Data           2  printf_uart.o(.data)
    i                                        0x20000518   Data           4  printf_uart.o(.data)
    PS2_ON_Flag                              0x2000051c   Data           1  ps2.o(.data)
    Handkey                                  0x2000051e   Data           2  ps2.o(.data)
    Comd                                     0x20000520   Data           2  ps2.o(.data)
    MASK                                     0x20000522   Data          32  ps2.o(.data)
    LastHandkey                              0x20000542   Data           2  ps2.o(.data)
    __stdout                                 0x20000558   Data           4  stdout.o(.data)
    pid_motorA_speed                         0x200006a8   Data          88  param.o(.bss)
    pid_motorB_speed                         0x20000700   Data          88  param.o(.bss)
    pid_motorC_speed                         0x20000758   Data          88  param.o(.bss)
    pid_motorD_speed                         0x200007b0   Data          88  param.o(.bss)
    pid_motorA_position                      0x20000808   Data          88  param.o(.bss)
    pid_motorB_position                      0x20000860   Data          88  param.o(.bss)
    pid_motorC_position                      0x200008b8   Data          88  param.o(.bss)
    pid_motorD_position                      0x20000910   Data          88  param.o(.bss)
    pid_x                                    0x20000968   Data          88  param.o(.bss)
    pid_y                                    0x200009c0   Data          88  param.o(.bss)
    pid_x_speed                              0x20000a18   Data          88  param.o(.bss)
    pid_y_speed                              0x20000a70   Data          88  param.o(.bss)
    pid_length                               0x20000ac8   Data          88  param.o(.bss)
    pid_angle                                0x20000b20   Data          88  param.o(.bss)
    pid_angle_speed                          0x20000b78   Data          88  param.o(.bss)
    pid_speed                                0x20000bd0   Data          88  param.o(.bss)
    HMI_Send_Buf                             0x20000c28   Data         400  hmi.o(.bss)
    USART_RX_BUF                             0x20000db8   Data         400  hmi.o(.bss)
    USART_TX_BUF                             0x20000f48   Data         400  hmi.o(.bss)
    USART_RX_BUF_tset                        0x200010d8   Data         400  hmi.o(.bss)
    Cycle_T                                  0x200012a8   Data          60  time.o(.bss)
    OLED_GRAM                                0x200012e4   Data        1024  oled.o(.bss)
    EulerAngle                               0x200016e4   Data          12  ahrs.o(.bss)
    Mag                                      0x200016f0   Data          24  ahrs.o(.bss)
    mpu6050                                  0x20001728   Data         124  mpu6050.o(.bss)
    mpu6050_buffer                           0x200017a4   Data          14  mpu6050.o(.bss)
    sum_temp                                 0x200017b4   Data          28  mpu6050.o(.bss)
    FILT_BUF                                 0x200017d0   Data         154  mpu6050.o(.bss)
    mpu6050_tmp                              0x2000186c   Data          28  mpu6050.o(.bss)
    tmp                                      0x20001888   Data          28  mpu6050.o(.bss)
    USART2_RX_BUF                            0x200018a8   Data         200  usart2.o(.bss)
    USART2_TX_BUF                            0x20001970   Data         400  usart2.o(.bss)
    USART1_RX_BUF                            0x20001b00   Data         400  printf_uart.o(.bss)
    USART1_TX_BUF                            0x20001c90   Data         400  printf_uart.o(.bss)
    buf                                      0x20001e20   Data          10  steer_moto.o(.bss)
    Data                                     0x20001e2a   Data           9  ps2.o(.bss)
    Mecanum                                  0x20001e34   Data          96  mecanum.o(.bss)
    __initial_sp                             0x200022b0   Data           0  startup_stm32f40_41xxx.o(STACK)



==============================================================================

Memory Map of the image

  Image Entry point : 0x08000189

  Load Region LR_IROM1 (Base: 0x08000000, Size: 0x000089d8, Max: 0x00080000, ABSOLUTE, COMPRESSED[0x00008568])

    Execution Region ER_IROM1 (Base: 0x08000000, Size: 0x00008478, Max: 0x00080000, ABSOLUTE)

    Base Addr    Size         Type   Attr      Idx    E Section Name        Object

    0x08000000   0x00000188   Data   RO         3312    RESET               startup_stm32f40_41xxx.o
    0x08000188   0x00000000   Code   RO         7148  * .ARM.Collect$$$$00000000  mc_w.l(entry.o)
    0x08000188   0x00000004   Code   RO         7510    .ARM.Collect$$$$00000001  mc_w.l(entry2.o)
    0x0800018c   0x00000004   Code   RO         7513    .ARM.Collect$$$$00000004  mc_w.l(entry5.o)
    0x08000190   0x00000000   Code   RO         7515    .ARM.Collect$$$$00000008  mc_w.l(entry7b.o)
    0x08000190   0x00000000   Code   RO         7517    .ARM.Collect$$$$0000000A  mc_w.l(entry8b.o)
    0x08000190   0x00000008   Code   RO         7518    .ARM.Collect$$$$0000000B  mc_w.l(entry9a.o)
    0x08000198   0x00000000   Code   RO         7520    .ARM.Collect$$$$0000000D  mc_w.l(entry10a.o)
    0x08000198   0x00000000   Code   RO         7522    .ARM.Collect$$$$0000000F  mc_w.l(entry11a.o)
    0x08000198   0x00000004   Code   RO         7511    .ARM.Collect$$$$00002712  mc_w.l(entry2.o)
    0x0800019c   0x00000024   Code   RO         3313    .text               startup_stm32f40_41xxx.o
    0x080001c0   0x00000024   Code   RO         7153    .text               mc_w.l(memseta.o)
    0x080001e4   0x0000000e   Code   RO         7155    .text               mc_w.l(strlen.o)
    0x080001f2   0x0000014e   Code   RO         7450    .text               mf_w.l(dadd.o)
    0x08000340   0x000000e4   Code   RO         7452    .text               mf_w.l(dmul.o)
    0x08000424   0x000000de   Code   RO         7454    .text               mf_w.l(ddiv.o)
    0x08000502   0x00000026   Code   RO         7458    .text               mf_w.l(f2d.o)
    0x08000528   0x00000030   Code   RO         7462    .text               mf_w.l(cdrcmple.o)
    0x08000558   0x00000038   Code   RO         7464    .text               mf_w.l(d2f.o)
    0x08000590   0x0000002c   Code   RO         7527    .text               mc_w.l(uidiv.o)
    0x080005bc   0x00000062   Code   RO         7529    .text               mc_w.l(uldiv.o)
    0x0800061e   0x0000001e   Code   RO         7531    .text               mc_w.l(llshl.o)
    0x0800063c   0x00000024   Code   RO         7533    .text               mc_w.l(llsshr.o)
    0x08000660   0x00000000   Code   RO         7546    .text               mc_w.l(iusefp.o)
    0x08000660   0x0000006e   Code   RO         7547    .text               mf_w.l(fepilogue.o)
    0x080006ce   0x000000ba   Code   RO         7549    .text               mf_w.l(depilogue.o)
    0x08000788   0x000000a2   Code   RO         7551    .text               mf_w.l(dsqrt.o)
    0x0800082a   0x00000030   Code   RO         7553    .text               mf_w.l(dfixul.o)
    0x0800085a   0x00000002   PAD
    0x0800085c   0x00000024   Code   RO         7555    .text               mc_w.l(init.o)
    0x08000880   0x00000000   Code   RO         7557    .text               mc_w.l(semi.o)
    0x08000880   0x00000020   Code   RO         7558    .text               mc_w.l(llushr.o)
    0x080008a0   0x00000000   Code   RO         7590    .text               mc_w.l(iusesemip.o)
    0x080008a0   0x00000056   Code   RO         7601    .text               mc_w.l(__dczerorl2.o)
    0x080008f6   0x00000002   PAD
    0x080008f8   0x0000030c   Code   RO          431    i.ANO_DT_Data_Exchange  ano_dt.o
    0x08000c04   0x000003d8   Code   RO          432    i.ANO_DT_Data_Receive_Anl  ano_dt.o
    0x08000fdc   0x00000038   Code   RO          434    i.ANO_DT_Do         ano_dt.o
    0x08001014   0x00000044   Code   RO          435    i.ANO_DT_Send_Check  ano_dt.o
    0x08001058   0x00000014   Code   RO          436    i.ANO_DT_Send_Data  ano_dt.o
    0x0800106c   0x000001f0   Code   RO          437    i.ANO_DT_Send_PID   ano_dt.o
    0x0800125c   0x00000010   Code   RO          440    i.Argument_Init     ano_dt.o
    0x0800126c   0x0000000c   Code   RO          442    i.Argument_Save     ano_dt.o
    0x08001278   0x00000002   Code   RO          443    i.Argument_To_Ctrl  ano_dt.o
    0x0800127a   0x00000002   PAD
    0x0800127c   0x000000e8   Code   RO         1630    i.BSP_Init          my_bsp.o
    0x08001364   0x000000a0   Code   RO         1735    i.Beep_Init         beep.o
    0x08001404   0x00000020   Code   RO         1738    i.Beep_Play         beep.o
    0x08001424   0x00000004   Code   RO         6595    i.BusFault_Handler  stm32f4xx_it.o
    0x08001428   0x00000010   Code   RO          445    i.Ctrl_Set_Zoro     ano_dt.o
    0x08001438   0x00000002   Code   RO          446    i.Ctrl_To_Argument  ano_dt.o
    0x0800143a   0x00000016   Code   RO         1905    i.Cycle_Time_Init   time.o
    0x08001450   0x00000002   Code   RO         6596    i.DebugMon_Handler  stm32f4xx_it.o
    0x08001452   0x00000002   PAD
    0x08001454   0x00000020   Code   RO          853    i.Display_Error     display.o
    0x08001474   0x0000001c   Code   RO         2956    i.EXTI15_10_IRQHandler  exti.o
    0x08001490   0x0000000c   Code   RO         4067    i.EXTI_ClearITPendingBit  stm32f4xx_exti.o
    0x0800149c   0x00000018   Code   RO         4071    i.EXTI_GetITStatus  stm32f4xx_exti.o
    0x080014b4   0x000000b8   Code   RO         2147    i.Encoder_Init_TIM3  encoder.o
    0x0800156c   0x000000b8   Code   RO         2148    i.Encoder_Init_TIM4  encoder.o
    0x08001624   0x000000b8   Code   RO         2149    i.Encoder_Init_TIM5  encoder.o
    0x080016dc   0x000000b8   Code   RO         2150    i.Encoder_Init_TIM8  encoder.o
    0x08001794   0x00000070   Code   RO          448    i.Flash_SavePID     ano_dt.o
    0x08001804   0x00000090   Code   RO         4132    i.GPIO_Init         stm32f4xx_gpio.o
    0x08001894   0x00000046   Code   RO         4133    i.GPIO_PinAFConfig  stm32f4xx_gpio.o
    0x080018da   0x00000002   PAD
    0x080018dc   0x00000034   Code   RO         1850    i.GetSysTime_us     systick.o
    0x08001910   0x00000080   Code   RO         1906    i.Get_Cycle_T       time.o
    0x08001990   0x00000070   Code   RO         3226    i.HC165_Init        74hc165.o
    0x08001a00   0x00000298   Code   RO         3227    i.HC165_Read_2Byte  74hc165.o
    0x08001c98   0x0000000a   Code   RO         3230    i.HC165_delay       74hc165.o
    0x08001ca2   0x00000002   PAD
    0x08001ca4   0x00000068   Code   RO         1276    i.HMI_Data_Handle   hmi.o
    0x08001d0c   0x00000094   Code   RO         6597    i.HardFault_Handler  stm32f4xx_it.o
    0x08001da0   0x00000034   Code   RO         2589    i.I2c_Soft_Ask      iic_soft.o
    0x08001dd4   0x00000034   Code   RO         2590    i.I2c_Soft_Init     iic_soft.o
    0x08001e08   0x00000034   Code   RO         2591    i.I2c_Soft_NoAsk    iic_soft.o
    0x08001e3c   0x00000060   Code   RO         2592    i.I2c_Soft_ReadByte  iic_soft.o
    0x08001e9c   0x00000054   Code   RO         2593    i.I2c_Soft_SendByte  iic_soft.o
    0x08001ef0   0x00000058   Code   RO         2594    i.I2c_Soft_Start    iic_soft.o
    0x08001f48   0x00000034   Code   RO         2595    i.I2c_Soft_Stop     iic_soft.o
    0x08001f7c   0x00000058   Code   RO         2596    i.I2c_Soft_WaitAsk  iic_soft.o
    0x08001fd4   0x00000030   Code   RO         2597    i.I2c_Soft_delay    iic_soft.o
    0x08002004   0x0000006c   Code   RO         2599    i.IIC_Read_nByte    iic_soft.o
    0x08002070   0x0000003e   Code   RO         2600    i.IIC_Write_1Byte   iic_soft.o
    0x080020ae   0x00000042   Code   RO         2454    i.IICwriteBit       mpu6050.o
    0x080020f0   0x00000066   Code   RO         2455    i.IICwriteBits      mpu6050.o
    0x08002156   0x00000002   PAD
    0x08002158   0x00000040   Code   RO         2261    i.KEY_Init          key.o
    0x08002198   0x0000008c   Code   RO         2262    i.KEY_Scan          key.o
    0x08002224   0x00000280   Code   RO         2401    i.Kalman_Filter1    ahrs.o
    0x080024a4   0x00000280   Code   RO         2402    i.Kalman_Filter2    ahrs.o
    0x08002724   0x000000a8   Code   RO         3177    i.Kinematic_Analysis  mecanum.o
    0x080027cc   0x00000048   Code   RO         1789    i.LED_ALL_OFF       led.o
    0x08002814   0x00000048   Code   RO         1790    i.LED_ALL_ON        led.o
    0x0800285c   0x00000038   Code   RO         1791    i.LED_Blink         led.o
    0x08002894   0x00000050   Code   RO         1792    i.LED_Init          led.o
    0x080028e4   0x0000004c   Code   RO         1793    i.LED_OFF           led.o
    0x08002930   0x0000004c   Code   RO         1794    i.LED_ON            led.o
    0x0800297c   0x00000094   Code   RO         1795    i.LED_SWITCH        led.o
    0x08002a10   0x0000004c   Code   RO          194    i.Loop_Time_Check   task_loop.o
    0x08002a5c   0x00000010   Code   RO          195    i.Loop_Time_Clear   task_loop.o
    0x08002a6c   0x000000d0   Code   RO         2291    i.MOTO_A_Init       moto_drive.o
    0x08002b3c   0x00000060   Code   RO         2292    i.MOTO_A_Set        moto_drive.o
    0x08002b9c   0x00000020   Code   RO         2293    i.MOTO_A_Stop       moto_drive.o
    0x08002bbc   0x000000d0   Code   RO         2294    i.MOTO_B_Init       moto_drive.o
    0x08002c8c   0x00000060   Code   RO         2295    i.MOTO_B_Set        moto_drive.o
    0x08002cec   0x00000020   Code   RO         2296    i.MOTO_B_Stop       moto_drive.o
    0x08002d0c   0x000000d0   Code   RO         2297    i.MOTO_C_Init       moto_drive.o
    0x08002ddc   0x00000060   Code   RO         2298    i.MOTO_C_Set        moto_drive.o
    0x08002e3c   0x00000020   Code   RO         2299    i.MOTO_C_Stop       moto_drive.o
    0x08002e5c   0x000000d0   Code   RO         2300    i.MOTO_D_Init       moto_drive.o
    0x08002f2c   0x00000060   Code   RO         2301    i.MOTO_D_Set        moto_drive.o
    0x08002f8c   0x00000020   Code   RO         2302    i.MOTO_D_Stop       moto_drive.o
    0x08002fac   0x000001d0   Code   RO         2457    i.MPU6050_Data_Offset  mpu6050.o
    0x0800317c   0x00000434   Code   RO         2458    i.MPU6050_Data_Prepare  mpu6050.o
    0x080035b0   0x000000b4   Code   RO         2461    i.MPU6050_Init      mpu6050.o
    0x08003664   0x00000020   Code   RO         2569    i.MPU6050_Read      mpu6050.o
    0x08003684   0x00000014   Code   RO         2462    i.MPU6050_setClockSource  mpu6050.o
    0x08003698   0x00000014   Code   RO         2463    i.MPU6050_setDLPF   mpu6050.o
    0x080036ac   0x00000024   Code   RO         2464    i.MPU6050_setFullScaleAccelRange  mpu6050.o
    0x080036d0   0x00000024   Code   RO         2465    i.MPU6050_setFullScaleGyroRange  mpu6050.o
    0x080036f4   0x00000012   Code   RO         2466    i.MPU6050_setI2CBypassEnabled  mpu6050.o
    0x08003706   0x00000012   Code   RO         2467    i.MPU6050_setI2CMasterModeEnabled  mpu6050.o
    0x08003718   0x00000012   Code   RO         2468    i.MPU6050_setSleepEnabled  mpu6050.o
    0x0800372a   0x0000001c   Code   RO         2469    i.MPU6050_set_SMPLRT_DIV  mpu6050.o
    0x08003746   0x00000002   PAD
    0x08003748   0x00000040   Code   RO         3178    i.Mecanum_Param_Init  mecanum.o
    0x08003788   0x000000ac   Code   RO         3179    i.Mecanum_Update    mecanum.o
    0x08003834   0x00000004   Code   RO         6598    i.MemManage_Handler  stm32f4xx_it.o
    0x08003838   0x00000002   Code   RO         6599    i.NMI_Handler       stm32f4xx_it.o
    0x0800383a   0x00000002   PAD
    0x0800383c   0x00000078   Code   RO         3356    i.NVIC_Init         misc.o
    0x080038b4   0x00000014   Code   RO         3357    i.NVIC_PriorityGroupConfig  misc.o
    0x080038c8   0x00000030   Code   RO         2045    i.OLED_Clear        oled.o
    0x080038f8   0x00000068   Code   RO         2048    i.OLED_DrawPoint    oled.o
    0x08003960   0x00000130   Code   RO         2049    i.OLED_Init         oled.o
    0x08003a90   0x0000004c   Code   RO         2050    i.OLED_Refresh_Gram  oled.o
    0x08003adc   0x000000a8   Code   RO         2051    i.OLED_ShowChar     oled.o
    0x08003b84   0x00000042   Code   RO         2055    i.OLED_ShowString   oled.o
    0x08003bc6   0x00000002   PAD
    0x08003bc8   0x00000058   Code   RO         2056    i.OLED_WR_Byte      oled.o
    0x08003c20   0x00000018   Code   RO         2995    i.PS2_ClearData     ps2.o
    0x08003c38   0x00000088   Code   RO         2996    i.PS2_Cmd           ps2.o
    0x08003cc0   0x0000006c   Code   RO         2997    i.PS2_DataKey       ps2.o
    0x08003d2c   0x000000ac   Code   RO         3001    i.PS2_ReadData      ps2.o
    0x08003dd8   0x000000f8   Code   RO         3180    i.PS2_Usart_Control  mecanum.o
    0x08003ed0   0x00000020   Code   RO         1428    i.Param_SaveAccelOffset  sensor_param.o
    0x08003ef0   0x00000020   Code   RO         1429    i.Param_SaveGyroOffset  sensor_param.o
    0x08003f10   0x00000020   Code   RO         4601    i.RCC_AHB1PeriphClockCmd  stm32f4xx_rcc.o
    0x08003f30   0x00000020   Code   RO         4610    i.RCC_APB1PeriphClockCmd  stm32f4xx_rcc.o
    0x08003f50   0x00000020   Code   RO         4612    i.RCC_APB1PeriphResetCmd  stm32f4xx_rcc.o
    0x08003f70   0x00000020   Code   RO         4613    i.RCC_APB2PeriphClockCmd  stm32f4xx_rcc.o
    0x08003f90   0x00000020   Code   RO         4615    i.RCC_APB2PeriphResetCmd  stm32f4xx_rcc.o
    0x08003fb0   0x000000e8   Code   RO         4622    i.RCC_GetClocksFreq  stm32f4xx_rcc.o
    0x08004098   0x00000084   Code   RO         2151    i.Read_Encoder      encoder.o
    0x0800411c   0x00000124   Code   RO         3008    i.Remote            ps2.o
    0x08004240   0x00000074   Code   RO         1962    i.STMFLASH_EraseSector  stmflash.o
    0x080042b4   0x000000a0   Code   RO         1963    i.STMFLASH_GetFlashSector  stmflash.o
    0x08004354   0x00000040   Code   RO         1964    i.STMFLASH_GetStatus  stmflash.o
    0x08004394   0x00000014   Code   RO         1965    i.STMFLASH_Lock     stmflash.o
    0x080043a8   0x00000006   Code   RO         1967    i.STMFLASH_ReadWord  stmflash.o
    0x080043ae   0x00000002   PAD
    0x080043b0   0x00000018   Code   RO         1968    i.STMFLASH_Unlock   stmflash.o
    0x080043c8   0x00000028   Code   RO         1969    i.STMFLASH_WaitDone  stmflash.o
    0x080043f0   0x000000a4   Code   RO         1970    i.STMFLASH_Write    stmflash.o
    0x08004494   0x00000054   Code   RO         1971    i.STMFLASH_WriteWord  stmflash.o
    0x080044e8   0x00000002   Code   RO         6600    i.SVC_Handler       stm32f4xx_it.o
    0x080044ea   0x00000002   PAD
    0x080044ec   0x000000ec   Code   RO         3319    i.SetSysClock       system_stm32f4xx.o
    0x080045d8   0x00000028   Code   RO         3360    i.SysTick_CLKSourceConfig  misc.o
    0x08004600   0x0000001c   Code   RO         1851    i.SysTick_Handler   systick.o
    0x0800461c   0x0000006c   Code   RO         1852    i.SysTick_Init      systick.o
    0x08004688   0x00000068   Code   RO         3321    i.SystemInit        system_stm32f4xx.o
    0x080046f0   0x0000001a   Code   RO         7066    i.System_Init       main.o
    0x0800470a   0x00000002   PAD
    0x0800470c   0x00000010   Code   RO         1907    i.System_Tiem_Clear  time.o
    0x0800471c   0x0000006c   Code   RO         1908    i.System_Time_Running  time.o
    0x08004788   0x0000003a   Code   RO         5777    i.TI1_Config        stm32f4xx_tim.o
    0x080047c2   0x00000050   Code   RO         5778    i.TI2_Config        stm32f4xx_tim.o
    0x08004812   0x00000048   Code   RO         5779    i.TI3_Config        stm32f4xx_tim.o
    0x0800485a   0x00000050   Code   RO         5780    i.TI4_Config        stm32f4xx_tim.o
    0x080048aa   0x00000006   Code   RO         5787    i.TIM_ClearFlag     stm32f4xx_tim.o
    0x080048b0   0x00000018   Code   RO         5793    i.TIM_Cmd           stm32f4xx_tim.o
    0x080048c8   0x0000001e   Code   RO         5795    i.TIM_CtrlPWMOutputs  stm32f4xx_tim.o
    0x080048e6   0x00000042   Code   RO         5802    i.TIM_EncoderInterfaceConfig  stm32f4xx_tim.o
    0x08004928   0x00000006   Code   RO         5812    i.TIM_GetCounter    stm32f4xx_tim.o
    0x0800492e   0x0000006e   Code   RO         5816    i.TIM_ICInit        stm32f4xx_tim.o
    0x0800499c   0x00000012   Code   RO         5817    i.TIM_ICStructInit  stm32f4xx_tim.o
    0x080049ae   0x00000012   Code   RO         5818    i.TIM_ITConfig      stm32f4xx_tim.o
    0x080049c0   0x0000007c   Code   RO         5822    i.TIM_OC1Init       stm32f4xx_tim.o
    0x08004a3c   0x00000012   Code   RO         5825    i.TIM_OC1PreloadConfig  stm32f4xx_tim.o
    0x08004a4e   0x00000002   PAD
    0x08004a50   0x000000a4   Code   RO         5827    i.TIM_OC2Init       stm32f4xx_tim.o
    0x08004af4   0x0000001a   Code   RO         5830    i.TIM_OC2PreloadConfig  stm32f4xx_tim.o
    0x08004b0e   0x00000002   PAD
    0x08004b10   0x000000a0   Code   RO         5832    i.TIM_OC3Init       stm32f4xx_tim.o
    0x08004bb0   0x00000012   Code   RO         5835    i.TIM_OC3PreloadConfig  stm32f4xx_tim.o
    0x08004bc2   0x00000002   PAD
    0x08004bc4   0x00000078   Code   RO         5837    i.TIM_OC4Init       stm32f4xx_tim.o
    0x08004c3c   0x0000001a   Code   RO         5839    i.TIM_OC4PreloadConfig  stm32f4xx_tim.o
    0x08004c56   0x00000004   Code   RO         5859    i.TIM_SetCounter    stm32f4xx_tim.o
    0x08004c5a   0x00000012   Code   RO         5860    i.TIM_SetIC1Prescaler  stm32f4xx_tim.o
    0x08004c6c   0x0000001a   Code   RO         5861    i.TIM_SetIC2Prescaler  stm32f4xx_tim.o
    0x08004c86   0x00000012   Code   RO         5862    i.TIM_SetIC3Prescaler  stm32f4xx_tim.o
    0x08004c98   0x0000001a   Code   RO         5863    i.TIM_SetIC4Prescaler  stm32f4xx_tim.o
    0x08004cb2   0x00000002   PAD
    0x08004cb4   0x00000084   Code   RO         5865    i.TIM_TimeBaseInit  stm32f4xx_tim.o
    0x08004d38   0x00000012   Code   RO         5866    i.TIM_TimeBaseStructInit  stm32f4xx_tim.o
    0x08004d4a   0x00000002   PAD
    0x08004d4c   0x0000007c   Code   RO          196    i.Task_10ms         task_loop.o
    0x08004dc8   0x000000f8   Code   RO          197    i.Task_Loop         task_loop.o
    0x08004ec0   0x00000008   Code   RO         1475    i.Track_Init        track.o
    0x08004ec8   0x00000118   Code   RO         1476    i.Track_Read        track.o
    0x08004fe0   0x0000000e   Code   RO         2470    i.Transform         mpu6050.o
    0x08004fee   0x00000002   PAD
    0x08004ff0   0x000000b4   Code   RO         1280    i.UART4_IRQHandler  hmi.o
    0x080050a4   0x000000a8   Code   RO         3273    i.UART5_IRQHandler  tf_min.o
    0x0800514c   0x000000c4   Code   RO         2769    i.USART1_IRQHandler  printf_uart.o
    0x08005210   0x000000d8   Code   RO         2687    i.USART2_IRQHandler  usart2.o
    0x080052e8   0x000000a8   Code   RO         3274    i.USART3_IRQHandler  tf_min.o
    0x08005390   0x00000012   Code   RO         6342    i.USART_ClearFlag   stm32f4xx_usart.o
    0x080053a2   0x00000018   Code   RO         6346    i.USART_Cmd         stm32f4xx_usart.o
    0x080053ba   0x00000002   PAD
    0x080053bc   0x000000f0   Code   RO         6348    i.USART_DeInit      stm32f4xx_usart.o
    0x080054ac   0x0000001a   Code   RO         6349    i.USART_GetFlagStatus  stm32f4xx_usart.o
    0x080054c6   0x00000054   Code   RO         6350    i.USART_GetITStatus  stm32f4xx_usart.o
    0x0800551a   0x0000004a   Code   RO         6352    i.USART_ITConfig    stm32f4xx_usart.o
    0x08005564   0x000000d4   Code   RO         6353    i.USART_Init        stm32f4xx_usart.o
    0x08005638   0x0000000a   Code   RO         6360    i.USART_ReceiveData  stm32f4xx_usart.o
    0x08005642   0x00000008   Code   RO         6363    i.USART_SendData    stm32f4xx_usart.o
    0x0800564a   0x00000004   Code   RO         6601    i.UsageFault_Handler  stm32f4xx_it.o
    0x0800564e   0x0000001e   Code   RO         2688    i.Usart_SendByte    usart2.o
    0x0800566c   0x0000002a   Code   RO         2691    i.Usart_SendString  usart2.o
    0x08005696   0x00000002   PAD
    0x08005698   0x00000020   Code   RO         7392    i.__0printf         mc_w.l(printfa.o)
    0x080056b8   0x00000028   Code   RO         7394    i.__0sprintf        mc_w.l(printfa.o)
    0x080056e0   0x00000024   Code   RO         7398    i.__0vsprintf       mc_w.l(printfa.o)
    0x08005704   0x00000030   Code   RO         7480    i.__ARM_fpclassify  m_wm.l(fpclassify.o)
    0x08005734   0x00000004   PAD
    0x08005738   0x000002d8   Code   RO         7116    i.__hardfp_atan     m_wm.l(atan.o)
    0x08005a10   0x0000007a   Code   RO         7136    i.__hardfp_sqrt     m_wm.l(sqrt.o)
    0x08005a8a   0x000000f8   Code   RO         7496    i.__kernel_poly     m_wm.l(poly.o)
    0x08005b82   0x00000014   Code   RO         7467    i.__mathlib_dbl_infnan  m_wm.l(dunder.o)
    0x08005b96   0x00000002   PAD
    0x08005b98   0x00000020   Code   RO         7472    i.__mathlib_dbl_underflow  m_wm.l(dunder.o)
    0x08005bb8   0x0000000e   Code   RO         7595    i.__scatterload_copy  mc_w.l(handlers.o)
    0x08005bc6   0x00000002   Code   RO         7596    i.__scatterload_null  mc_w.l(handlers.o)
    0x08005bc8   0x0000000e   Code   RO         7597    i.__scatterload_zeroinit  mc_w.l(handlers.o)
    0x08005bd6   0x00000002   PAD
    0x08005bd8   0x0000000c   Code   RO         7539    i.__set_errno       mc_w.l(errno.o)
    0x08005be4   0x00000164   Code   RO         7399    i._fp_digits        mc_w.l(printfa.o)
    0x08005d48   0x000006dc   Code   RO         7400    i._printf_core      mc_w.l(printfa.o)
    0x08006424   0x00000024   Code   RO         7401    i._printf_post_padding  mc_w.l(printfa.o)
    0x08006448   0x0000002e   Code   RO         7402    i._printf_pre_padding  mc_w.l(printfa.o)
    0x08006476   0x0000000a   Code   RO         7404    i._sputc            mc_w.l(printfa.o)
    0x08006480   0x000001a4   Code   RO         2403    i.ahrs              ahrs.o
    0x08006624   0x00000080   Code   RO          695    i.backToDeparture_control  control.o
    0x080066a4   0x00000060   Code   RO          696    i.back_control      control.o
    0x08006704   0x000002bc   Code   RO          697    i.calibrateXY_control  control.o
    0x080069c0   0x0000001a   Code   RO         1853    i.delay_ms          systick.o
    0x080069da   0x00000018   Code   RO         1854    i.delay_us          systick.o
    0x080069f2   0x00000018   Code   RO         7132    i.fabs              m_wm.l(fabs.o)
    0x08006a0a   0x0000006e   Code   RO         1477    i.findCenter        track.o
    0x08006a78   0x00000012   Code   RO         7524    i.fputc             mc_w.l(fputc.o)
    0x08006a8a   0x00000002   PAD
    0x08006a8c   0x0000008c   Code   RO          698    i.goToDeparture_control  control.o
    0x08006b18   0x000000a8   Code   RO          699    i.goToDestination_control  control.o
    0x08006bc0   0x00000220   Code   RO          700    i.goToXY_control    control.o
    0x08006de0   0x0000007c   Code   RO          701    i.grab_control      control.o
    0x08006e5c   0x00000120   Code   RO          702    i.grab_hand         control.o
    0x08006f7c   0x00000070   Code   RO          703    i.grab_order_set    control.o
    0x08006fec   0x0000000c   Code   RO         7067    i.main              main.o
    0x08006ff8   0x000000a4   Code   RO          970    i.pid_ctr_mecanum_speed  algorithm.o
    0x0800709c   0x000000fc   Code   RO          644    i.pid_inc_calc      pid.o
    0x08007198   0x00000080   Code   RO          980    i.pid_setup_mecanum_speed  algorithm.o
    0x08007218   0x0000003c   Code   RO          704    i.place_control     control.o
    0x08007254   0x00000120   Code   RO          705    i.place_hand        control.o
    0x08007374   0x00000070   Code   RO          706    i.put_order_set     control.o
    0x080073e4   0x00000020   Code   RO          707    i.ready_control     control.o
    0x08007404   0x00000034   Code   RO         2820    i.setmotor_pwm      steer_moto.o
    0x08007438   0x00000070   Code   RO          708    i.stop_control      control.o
    0x080074a8   0x000000d8   Code   RO          709    i.turn_hand         control.o
    0x08007580   0x0000001a   Code   RO         2771    i.u1_putbuff        printf_uart.o
    0x0800759a   0x00000002   PAD
    0x0800759c   0x00000018   Code   RO         2772    i.u1_putchar        printf_uart.o
    0x080075b4   0x00000050   Code   RO         2692    i.u2_printf         usart2.o
    0x08007604   0x00000062   Code   RO          646    i.update_pid_param  pid.o
    0x08007666   0x00000002   PAD
    0x08007668   0x000000b8   Code   RO         2773    i.usart1_init       printf_uart.o
    0x08007720   0x000000b8   Code   RO         2695    i.usart2_init       usart2.o
    0x080077d8   0x000000b4   Code   RO         2209    i.usart3_init       usart3.o
    0x0800788c   0x000000cc   Code   RO         2861    i.usart5_init       usart5.o
    0x08007958   0x00000a64   Data   RO         2059    .constdata          oled.o
    0x080083bc   0x00000004   PAD
    0x080083c0   0x00000098   Data   RO         7119    .constdata          m_wm.l(atan.o)
    0x08008458   0x00000020   Data   RO         7593    Region$$Table       anon$$obj.o


    Execution Region RW_IRAM1 (Base: 0x20000000, Size: 0x000022b0, Max: 0x00020000, ABSOLUTE, COMPRESSED[0x000000f0])

    Base Addr    Size         Type   Attr      Idx    E Section Name        Object

    0x20000000   0x00000009   Data   RW          198    .data               task_loop.o
    0x20000009   0x00000004   Data   RW          450    .data               ano_dt.o
    0x2000000d   0x00000003   PAD
    0x20000010   0x00000012   Data   RW          710    .data               control.o
    0x20000022   0x00000002   PAD
    0x20000024   0x000003fc   Data   RW         1251    .data               param.o
    0x20000420   0x00000004   Data   RW         1282    .data               hmi.o
    0x20000424   0x00000005   Data   RW         1796    .data               led.o
    0x20000429   0x00000003   PAD
    0x2000042c   0x00000008   Data   RW         1855    .data               systick.o
    0x20000434   0x00000006   Data   RW         1912    .data               time.o
    0x2000043a   0x00000001   Data   RW         2263    .data               key.o
    0x2000043b   0x00000001   Data   RW         2306    .data               moto_drive.o
    0x2000043c   0x000000b8   Data   RW         2406    .data               ahrs.o
    0x200004f4   0x0000001c   Data   RW         2472    .data               mpu6050.o
    0x20000510   0x00000001   Data   RW         2602    .data               iic_soft.o
    0x20000511   0x00000001   PAD
    0x20000512   0x00000002   Data   RW         2697    .data               usart2.o
    0x20000514   0x00000008   Data   RW         2775    .data               printf_uart.o
    0x2000051c   0x00000028   Data   RW         3010    .data               ps2.o
    0x20000544   0x00000002   Data   RW         3276    .data               tf_min.o
    0x20000546   0x00000010   Data   RW         4654    .data               stm32f4xx_rcc.o
    0x20000556   0x00000002   PAD
    0x20000558   0x00000004   Data   RW         7526    .data               mc_w.l(stdout.o)
    0x2000055c   0x00000004   Data   RW         7540    .data               mc_w.l(errno.o)
    0x20000560   0x00000148   Zero   RW          449    .bss                ano_dt.o
    0x200006a8   0x00000580   Zero   RW         1250    .bss                param.o
    0x20000c28   0x00000640   Zero   RW         1281    .bss                hmi.o
    0x20001268   0x00000040   Zero   RW         1432    .bss                sensor_param.o
    0x200012a8   0x0000003c   Zero   RW         1911    .bss                time.o
    0x200012e4   0x00000400   Zero   RW         2058    .bss                oled.o
    0x200016e4   0x00000044   Zero   RW         2405    .bss                ahrs.o
    0x20001728   0x0000017c   Zero   RW         2471    .bss                mpu6050.o
    0x200018a4   0x00000004   PAD
    0x200018a8   0x00000258   Zero   RW         2696    .bss                usart2.o
    0x20001b00   0x00000320   Zero   RW         2774    .bss                printf_uart.o
    0x20001e20   0x0000000a   Zero   RW         2821    .bss                steer_moto.o
    0x20001e2a   0x00000009   Zero   RW         3009    .bss                ps2.o
    0x20001e33   0x00000001   PAD
    0x20001e34   0x00000060   Zero   RW         3181    .bss                mecanum.o
    0x20001e94   0x0000001a   Zero   RW         3275    .bss                tf_min.o
    0x20001eae   0x00000002   PAD
    0x20001eb0   0x00000400   Zero   RW         3310    STACK               startup_stm32f40_41xxx.o


==============================================================================

Image component sizes


      Code (inc. data)   RO Data    RW Data    ZI Data      Debug   Object Name

       786         16          0          0          0       2146   74hc165.o
      1700        174          0        184         68       4034   ahrs.o
       292         56          0          0          0       2052   algorithm.o
      2564         60          0          4        328      10047   ano_dt.o
       192         16          0          0          0       1216   beep.o
      3120        338          0         18          0      11289   control.o
        32         14          0          0          0        512   display.o
       868         48          0          0          0       3611   encoder.o
        28          0          0          0          0        527   exti.o
       284         28          0          4       1600       3042   hmi.o
       782         44          0          1          0       7535   iic_soft.o
       204         20          0          1          0       1166   key.o
       580         92          0          5          0       4854   led.o
        38          0          0          0          0        923   main.o
       652         50          0          0         96       4341   mecanum.o
       180         24          0          0          0      19201   misc.o
      1344        170          0          1          0       7676   moto_drive.o
      2128         82          0         28        380      11804   mpu6050.o
       232          6          0          0          0        735   my_bsp.o
         0          0          0          0          0     258868   my_math.o
       854         44       2660          0       1024       6141   oled.o
         0          0          0       1020       1408       2900   param.o
       350          4          0          0          0       3200   pid.o
       430         28          0          8        800       3642   printf_uart.o
       732         80          0         40          9       4005   ps2.o
        64         18          0          0         64       2443   sensor_param.o
        36          8        392          0       1024        868   startup_stm32f40_41xxx.o
        52         20          0          0         10       1333   steer_moto.o
        36         10          0          0          0       1172   stm32f4xx_exti.o
       214          0          0          0          0       8875   stm32f4xx_gpio.o
       166        104          0          0          0       3403   stm32f4xx_it.o
       392         48          0         16          0      21325   stm32f4xx_rcc.o
      1466         66          0          0          0      38105   stm32f4xx_tim.o
       696         42          0          0          0      12934   stm32f4xx_usart.o
       678         92          0          0          0       6106   stmflash.o
       340         32          0          0          0       1617   system_stm32f4xx.o
       238         20          0          8          0      30118   systick.o
       464         34          0          9          0     282461   task_loop.o
       336         36          0          2         26       1491   tf_min.o
       274         20          0          6         60       3252   time.o
       398         22          0          0          0       1926   track.o
       552         36          0          2        600       4214   usart2.o
       180         10          0          0          0       1310   usart3.o
       204         14          0          0          0        762   usart5.o

    ----------------------------------------------------------------------
     25200       2026       3088       1368       7504     799182   Object Totals
         0          0         32          0          0          0   (incl. Generated)
        42          0          4         11          7          0   (incl. Padding)

    ----------------------------------------------------------------------

      Code (inc. data)   RO Data    RW Data    ZI Data      Debug   Library Member Name

       728        106        152          0          0        228   atan.o
        52          8          0          0          0        248   dunder.o
        24          0          0          0          0        124   fabs.o
        48          0          0          0          0        124   fpclassify.o
       248          0          0          0          0        152   poly.o
       122          0          0          0          0        148   sqrt.o
        86          0          0          0          0          0   __dczerorl2.o
         0          0          0          0          0          0   entry.o
         0          0          0          0          0          0   entry10a.o
         0          0          0          0          0          0   entry11a.o
         8          4          0          0          0          0   entry2.o
         4          0          0          0          0          0   entry5.o
         0          0          0          0          0          0   entry7b.o
         0          0          0          0          0          0   entry8b.o
         8          4          0          0          0          0   entry9a.o
        12          6          0          4          0         68   errno.o
        18          0          0          0          0         80   fputc.o
        30          0          0          0          0          0   handlers.o
        36          8          0          0          0         68   init.o
         0          0          0          0          0          0   iusefp.o
         0          0          0          0          0          0   iusesemip.o
        30          0          0          0          0         68   llshl.o
        36          0          0          0          0         68   llsshr.o
        32          0          0          0          0         68   llushr.o
        36          0          0          0          0        108   memseta.o
      2312        102          0          0          0        676   printfa.o
         0          0          0          0          0          0   semi.o
         0          0          0          4          0          0   stdout.o
        14          0          0          0          0         68   strlen.o
        44          0          0          0          0         80   uidiv.o
        98          0          0          0          0         92   uldiv.o
        48          0          0          0          0         68   cdrcmple.o
        56          0          0          0          0         88   d2f.o
       334          0          0          0          0        148   dadd.o
       222          0          0          0          0        100   ddiv.o
       186          0          0          0          0        176   depilogue.o
        48          0          0          0          0         68   dfixul.o
       228          0          0          0          0         96   dmul.o
       162          0          0          0          0        100   dsqrt.o
        38          0          0          0          0         68   f2d.o
       110          0          0          0          0        168   fepilogue.o

    ----------------------------------------------------------------------
      5472        238        152          8          0       3548   Library Totals
        14          0          0          0          0          0   (incl. Padding)

    ----------------------------------------------------------------------

      Code (inc. data)   RO Data    RW Data    ZI Data      Debug   Library Name

      1222        114        152          0          0       1024   m_wm.l
      2804        124          0          8          0       1444   mc_w.l
      1432          0          0          0          0       1080   mf_w.l

    ----------------------------------------------------------------------
      5472        238        152          8          0       3548   Library Totals

    ----------------------------------------------------------------------

==============================================================================


      Code (inc. data)   RO Data    RW Data    ZI Data      Debug   

     30672       2264       3240       1376       7504     780814   Grand Totals
     30672       2264       3240        240       7504     780814   ELF Image Totals (compressed)
     30672       2264       3240        240          0          0   ROM Totals

==============================================================================

    Total RO  Size (Code + RO Data)                33912 (  33.12kB)
    Total RW  Size (RW Data + ZI Data)              8880 (   8.67kB)
    Total ROM Size (Code + RO Data + RW Data)      34152 (  33.35kB)

==============================================================================

