Component: ARM Compiler 5.05 update 2 (build 169) Tool: armlink [4d0f33]

==============================================================================

Section Cross References

    my_math.o(i.fast_atan2) refers to my_math.o(.constdata) for fast_atan_table
    my_math.o(i.myatoi) refers to atoi.o(.text) for atoi
    my_math.o(i.quicksort) refers to my_math.o(i.swap) for swap
    task_loop.o(i.Loop_Time_Check) refers to task_loop.o(.data) for Loop_Time
    task_loop.o(i.Loop_Time_Clear) refers to task_loop.o(.data) for Loop_Time
    task_loop.o(i.Task_10ms) refers to encoder.o(i.Read_Encoder) for Read_Encoder
    task_loop.o(i.Task_10ms) refers to mecanum.o(i.Mecanum_Update) for Mecanum_Update
    task_loop.o(i.Task_10ms) refers to control.o(i.ready_control) for ready_control
    task_loop.o(i.Task_10ms) refers to control.o(i.scan_control) for scan_control
    task_loop.o(i.Task_10ms) refers to control.o(i.goToDeparture_control) for goToDeparture_control
    task_loop.o(i.Task_10ms) refers to control.o(i.grabFromDeparture_control) for grabFromDeparture_control
    task_loop.o(i.Task_10ms) refers to control.o(i.goToProcessing_control) for goToProcessing_control
    task_loop.o(i.Task_10ms) refers to control.o(i.placeToProcessing_control) for placeToProcessing_control
    task_loop.o(i.Task_10ms) refers to control.o(i.backToDeparture_control) for backToDeparture_control
    task_loop.o(i.Task_10ms) refers to control.o(i.grabFromProcessing_control) for grabFromProcessing_control
    task_loop.o(i.Task_10ms) refers to control.o(i.goToFinish_control) for goToFinish_control
    task_loop.o(i.Task_10ms) refers to control.o(i.placeToFinish_control) for placeToFinish_control
    task_loop.o(i.Task_10ms) refers to control.o(i.backToProcessing_control) for backToProcessing_control
    task_loop.o(i.Task_10ms) refers to control.o(i.back_control) for back_control
    task_loop.o(i.Task_10ms) refers to mecanum.o(.bss) for Mecanum
    task_loop.o(i.Task_50ms) refers to led.o(i.LED_Blink) for LED_Blink
    task_loop.o(i.Task_50ms) refers to track.o(i.Track_Read) for Track_Read
    task_loop.o(i.Task_50ms) refers to display.o(i.Display_Mecanum) for Display_Mecanum
    task_loop.o(i.Task_50ms) refers to key.o(i.KEY_Scan) for KEY_Scan
    task_loop.o(i.Task_50ms) refers to led.o(i.LED_SWITCH) for LED_SWITCH
    task_loop.o(i.Task_50ms) refers to steer_moto.o(i.setmotor_pwm) for setmotor_pwm
    task_loop.o(i.Task_50ms) refers to systick.o(i.delay_ms) for delay_ms
    task_loop.o(i.Task_50ms) refers to openmv_1.o(i.OpenMV_Read_Color) for OpenMV_Read_Color
    task_loop.o(i.Task_50ms) refers to mecanum.o(.bss) for Mecanum
    task_loop.o(i.Task_Loop) refers to ano_dt.o(i.ANO_DT_Do) for ANO_DT_Do
    task_loop.o(i.Task_Loop) refers to time.o(i.Get_Cycle_T) for Get_Cycle_T
    task_loop.o(i.Task_Loop) refers to mpu6050.o(i.MPU6050_Read) for MPU6050_Read
    task_loop.o(i.Task_Loop) refers to mpu6050.o(i.MPU6050_Data_Prepare) for MPU6050_Data_Prepare
    task_loop.o(i.Task_Loop) refers to hmi.o(i.HMI_Data_Handle) for HMI_Data_Handle
    task_loop.o(i.Task_Loop) refers to ahrs.o(i.ahrs) for ahrs
    task_loop.o(i.Task_Loop) refers to task_loop.o(i.Task_10ms) for Task_10ms
    task_loop.o(i.Task_Loop) refers to task_loop.o(i.Task_50ms) for Task_50ms
    task_loop.o(i.Task_Loop) refers to task_loop.o(.data) for Loop_Time
    task_loop.o(i.Task_Loop) refers to hmi.o(.bss) for USART_RX_BUF
    ano_dt.o(i.ANO_DT_Data_Exchange) refers to ano_dt.o(i.ANO_DT_Send_PID) for ANO_DT_Send_PID
    ano_dt.o(i.ANO_DT_Data_Exchange) refers to ano_dt.o(.bss) for f
    ano_dt.o(i.ANO_DT_Data_Receive_Anl) refers to ano_dt.o(i.ANO_DT_Data_Exchange) for ANO_DT_Data_Exchange
    ano_dt.o(i.ANO_DT_Data_Receive_Anl) refers to ano_dt.o(i.Argument_Init) for Argument_Init
    ano_dt.o(i.ANO_DT_Data_Receive_Anl) refers to ano_dt.o(i.ANO_DT_Send_Check) for ANO_DT_Send_Check
    ano_dt.o(i.ANO_DT_Data_Receive_Anl) refers to ano_dt.o(i.Argument_Save) for Argument_Save
    ano_dt.o(i.ANO_DT_Data_Receive_Anl) refers to ano_dt.o(.bss) for f
    ano_dt.o(i.ANO_DT_Data_Receive_Prepare) refers to ano_dt.o(.data) for state
    ano_dt.o(i.ANO_DT_Data_Receive_Prepare) refers to ano_dt.o(.bss) for ANO_DT_RxBuffer
    ano_dt.o(i.ANO_DT_Do) refers to ano_dt.o(i.ANO_DT_Data_Receive_Anl) for ANO_DT_Data_Receive_Anl
    ano_dt.o(i.ANO_DT_Do) refers to memseta.o(.text) for __aeabi_memclr
    ano_dt.o(i.ANO_DT_Do) refers to ano_dt.o(.data) for Flag_ANO_DT_Data
    ano_dt.o(i.ANO_DT_Do) refers to ano_dt.o(.bss) for ANO_DT_RxBuffer
    ano_dt.o(i.ANO_DT_Send_Check) refers to ano_dt.o(i.ANO_DT_Send_Data) for ANO_DT_Send_Data
    ano_dt.o(i.ANO_DT_Send_Check) refers to ano_dt.o(.bss) for data_to_send
    ano_dt.o(i.ANO_DT_Send_Data) refers to printf_uart.o(i.u1_putbuff) for u1_putbuff
    ano_dt.o(i.ANO_DT_Send_Data) refers to ano_dt.o(.bss) for data_to_send
    ano_dt.o(i.ANO_DT_Send_PID) refers to ano_dt.o(i.ANO_DT_Send_Data) for ANO_DT_Send_Data
[...]
    t_0                                      0x20000544   Data           4  ahrs.o(.data)
    t_1                                      0x20000548   Data           4  ahrs.o(.data)
    PP                                       0x2000054c   Data          16  ahrs.o(.data)
    .data                                    0x2000055c   Section       28  mpu6050.o(.data)
    .data                                    0x20000578   Section        1  iic_soft.o(.data)
    .data                                    0x2000057a   Section        2  usart2.o(.data)
    .data                                    0x2000057c   Section        8  printf_uart.o(.data)
    .data                                    0x20000584   Section       40  ps2.o(.data)
    .data                                    0x200005ac   Section        2  tf_min.o(.data)
    i                                        0x200005ac   Data           1  tf_min.o(.data)
    i                                        0x200005ad   Data           1  tf_min.o(.data)
    .data                                    0x200005ae   Section       16  stm32f4xx_rcc.o(.data)
    APBAHBPrescTable                         0x200005ae   Data          16  stm32f4xx_rcc.o(.data)
    .data                                    0x200005c0   Section        4  stdout.o(.data)
    .data                                    0x200005c4   Section        4  errno.o(.data)
    _errno                                   0x200005c4   Data           4  errno.o(.data)
    .bss                                     0x200005c8   Section      328  ano_dt.o(.bss)
    f                                        0x200005c8   Data          10  ano_dt.o(.bss)
    ctrl_1                                   0x200005d4   Data         216  ano_dt.o(.bss)
    data_to_send                             0x200006ac   Data          50  ano_dt.o(.bss)
    ANO_DT_RxBuffer                          0x200006de   Data          50  ano_dt.o(.bss)
    .bss                                     0x20000710   Section     1408  param.o(.bss)
    .bss                                     0x20000c90   Section     1600  hmi.o(.bss)
    .bss                                     0x200012d0   Section       64  sensor_param.o(.bss)
    sensor_setup                             0x200012d0   Data          64  sensor_param.o(.bss)
    .bss                                     0x20001310   Section     1024  oled.o(.bss)
    .bss                                     0x20001710   Section       60  time.o(.bss)
    .bss                                     0x2000174c   Section       68  ahrs.o(.bss)
    Pdot                                     0x20001770   Data          16  ahrs.o(.bss)
    Pdot                                     0x20001780   Data          16  ahrs.o(.bss)
    .bss                                     0x20001790   Section      380  mpu6050.o(.bss)
    .bss                                     0x20001910   Section      600  usart2.o(.bss)
    .bss                                     0x20001b68   Section      800  printf_uart.o(.bss)
    .bss                                     0x20001e88   Section       10  steer_moto.o(.bss)
    .bss                                     0x20001e92   Section        9  ps2.o(.bss)
    .bss                                     0x20001e9c   Section      100  mecanum.o(.bss)
    .bss                                     0x20001f00   Section       26  tf_min.o(.bss)
    rebuf                                    0x20001f00   Data          13  tf_min.o(.bss)
    rebuf                                    0x20001f0d   Data          13  tf_min.o(.bss)
    STACK                                    0x20001f20   Section     1024  startup_stm32f40_41xxx.o(STACK)

    Global Symbols

    Symbol Name                              Value     Ov Type        Size  Object(Section)

    BuildAttributes$$THM_ISAv4$E$P$D$K$B$S$7EM$VFPi3$EXTD16$VFPS$VFMA$PE$A:L22UL41UL21$X:L11$S22US41US21$IEEE1$IW$USESV6$~STKCKD$USESV7$~SHL$OTIME$ROPI$IEEEX$EBA8$MICROLIB$REQ8$PRES8$EABIv2 0x00000000   Number         0  anon$$obj.o ABSOLUTE
    __ARM_use_no_argv                        0x00000000   Number         0  main.o ABSOLUTE
    _printf_a                                0x00000000   Number         0  stubs.o ABSOLUTE
    _printf_c                                0x00000000   Number         0  stubs.o ABSOLUTE
    _printf_charcount                        0x00000000   Number         0  stubs.o ABSOLUTE
    _printf_d                                0x00000000   Number         0  stubs.o ABSOLUTE
    _printf_e                                0x00000000   Number         0  stubs.o ABSOLUTE
    _printf_f                                0x00000000   Number         0  stubs.o ABSOLUTE
    _printf_flags                            0x00000000   Number         0  stubs.o ABSOLUTE
    _printf_fp_dec                           0x00000000   Number         0  stubs.o ABSOLUTE
    _printf_fp_hex                           0x00000000   Number         0  stubs.o ABSOLUTE
    _printf_g                                0x00000000   Number         0  stubs.o ABSOLUTE
    _printf_i                                0x00000000   Number         0  stubs.o ABSOLUTE
    _printf_int_dec                          0x00000000   Number         0  stubs.o ABSOLUTE
    _printf_l                                0x00000000   Number         0  stubs.o ABSOLUTE
    _printf_lc                               0x00000000   Number         0  stubs.o ABSOLUTE
    _printf_ll                               0x00000000   Number         0  stubs.o ABSOLUTE
    _printf_lld                              0x00000000   Number         0  stubs.o ABSOLUTE
    _printf_lli                              0x00000000   Number         0  stubs.o ABSOLUTE
    _printf_llo                              0x00000000   Number         0  stubs.o ABSOLUTE
    _printf_llu                              0x00000000   Number         0  stubs.o ABSOLUTE
    _printf_llx                              0x00000000   Number         0  stubs.o ABSOLUTE
    _printf_longlong_dec                     0x00000000   Number         0  stubs.o ABSOLUTE
    _printf_longlong_hex                     0x00000000   Number         0  stubs.o ABSOLUTE
    _printf_longlong_oct                     0x00000000   Number         0  stubs.o ABSOLUTE
    _printf_ls                               0x00000000   Number         0  stubs.o ABSOLUTE
    _printf_mbtowc                           0x00000000   Number         0  stubs.o ABSOLUTE
    _printf_n                                0x00000000   Number         0  stubs.o ABSOLUTE
    _printf_o                                0x00000000   Number         0  stubs.o ABSOLUTE
    _printf_p                                0x00000000   Number         0  stubs.o ABSOLUTE
    _printf_percent                          0x00000000   Number         0  stubs.o ABSOLUTE
    _printf_pre_padding                      0x00000000   Number         0  stubs.o ABSOLUTE
    _printf_return_value                     0x00000000   Number         0  stubs.o ABSOLUTE
    _printf_s                                0x00000000   Number         0  stubs.o ABSOLUTE
    _printf_sizespec                         0x00000000   Number         0  stubs.o ABSOLUTE
    _printf_str                              0x00000000   Number         0  stubs.o ABSOLUTE
    _printf_truncate_signed                  0x00000000   Number         0  stubs.o ABSOLUTE
    _printf_truncate_unsigned                0x00000000   Number         0  stubs.o ABSOLUTE
    _printf_u                                0x00000000   Number         0  stubs.o ABSOLUTE
    _printf_wc                               0x00000000   Number         0  stubs.o ABSOLUTE
    _printf_wctomb                           0x00000000   Number         0  stubs.o ABSOLUTE
    _printf_widthprec                        0x00000000   Number         0  stubs.o ABSOLUTE
    _printf_x                                0x00000000   Number         0  stubs.o ABSOLUTE
    __cpp_initialize__aeabi_                  - Undefined Weak Reference
    __cxa_finalize                            - Undefined Weak Reference
    _clock_init                               - Undefined Weak Reference
    _microlib_exit                            - Undefined Weak Reference
    __Vectors_Size                           0x00000188   Number         0  startup_stm32f40_41xxx.o ABSOLUTE
    __Vectors                                0x08000000   Data           4  startup_stm32f40_41xxx.o(RESET)
    __Vectors_End                            0x08000188   Data           0  startup_stm32f40_41xxx.o(RESET)
    __main                                   0x08000189   Thumb Code     0  entry.o(.ARM.Collect$$$$00000000)
    _main_stk                                0x08000189   Thumb Code     0  entry2.o(.ARM.Collect$$$$00000001)
    _main_scatterload                        0x0800018d   Thumb Code     0  entry5.o(.ARM.Collect$$$$00000004)
    __main_after_scatterload                 0x08000191   Thumb Code     0  entry5.o(.ARM.Collect$$$$00000004)
    _main_clock                              0x08000191   Thumb Code     0  entry7b.o(.ARM.Collect$$$$00000008)
    _main_cpp_init                           0x08000191   Thumb Code     0  entry8b.o(.ARM.Collect$$$$0000000A)
    _main_init                               0x08000191   Thumb Code     0  entry9a.o(.ARM.Collect$$$$0000000B)
    __rt_final_cpp                           0x08000199   Thumb Code     0  entry10a.o(.ARM.Collect$$$$0000000D)
    __rt_final_exit                          0x08000199   Thumb Code     0  entry11a.o(.ARM.Collect$$$$0000000F)
    Reset_Handler                            0x0800019d   Thumb Code     8  startup_stm32f40_41xxx.o(.text)
    PendSV_Handler                           0x080001b3   Thumb Code     2  startup_stm32f40_41xxx.o(.text)
    ADC_IRQHandler                           0x080001b7   Thumb Code     0  startup_stm32f40_41xxx.o(.text)
    CAN1_RX0_IRQHandler                      0x080001b7   Thumb Code     0  startup_stm32f40_41xxx.o(.text)
    CAN1_RX1_IRQHandler                      0x080001b7   Thumb Code     0  startup_stm32f40_41xxx.o(.text)
    CAN1_SCE_IRQHandler                      0x080001b7   Thumb Code     0  startup_stm32f40_41xxx.o(.text)
    CAN1_TX_IRQHandler                       0x080001b7   Thumb Code     0  startup_stm32f40_41xxx.o(.text)
    CAN2_RX0_IRQHandler                      0x080001b7   Thumb Code     0  startup_stm32f40_41xxx.o(.text)
    CAN2_RX1_IRQHandler                      0x080001b7   Thumb Code     0  startup_stm32f40_41xxx.o(.text)
    CAN2_SCE_IRQHandler                      0x080001b7   Thumb Code     0  startup_stm32f40_41xxx.o(.text)
    CAN2_TX_IRQHandler                       0x080001b7   Thumb Code     0  startup_stm32f40_41xxx.o(.text)
    CRYP_IRQHandler                          0x080001b7   Thumb Code     0  startup_stm32f40_41xxx.o(.text)
    DCMI_IRQHandler                          0x080001b7   Thumb Code     0  startup_stm32f40_41xxx.o(.text)
    DMA1_Stream0_IRQHandler                  0x080001b7   Thumb Code     0  startup_stm32f40_41xxx.o(.text)
    DMA1_Stream1_IRQHandler                  0x080001b7   Thumb Code     0  startup_stm32f40_41xxx.o(.text)
    DMA1_Stream2_IRQHandler                  0x080001b7   Thumb Code     0  startup_stm32f40_41xxx.o(.text)
    DMA1_Stream3_IRQHandler                  0x080001b7   Thumb Code     0  startup_stm32f40_41xxx.o(.text)
    DMA1_Stream4_IRQHandler                  0x080001b7   Thumb Code     0  startup_stm32f40_41xxx.o(.text)
    DMA1_Stream5_IRQHandler                  0x080001b7   Thumb Code     0  startup_stm32f40_41xxx.o(.text)
    DMA1_Stream6_IRQHandler                  0x080001b7   Thumb Code     0  startup_stm32f40_41xxx.o(.text)
    DMA1_Stream7_IRQHandler                  0x080001b7   Thumb Code     0  startup_stm32f40_41xxx.o(.text)
    DMA2_Stream0_IRQHandler                  0x080001b7   Thumb Code     0  startup_stm32f40_41xxx.o(.text)
    DMA2_Stream1_IRQHandler                  0x080001b7   Thumb Code     0  startup_stm32f40_41xxx.o(.text)
    DMA2_Stream2_IRQHandler                  0x080001b7   Thumb Code     0  startup_stm32f40_41xxx.o(.text)
    DMA2_Stream3_IRQHandler                  0x080001b7   Thumb Code     0  startup_stm32f40_41xxx.o(.text)
    DMA2_Stream4_IRQHandler                  0x080001b7   Thumb Code     0  startup_stm32f40_41xxx.o(.text)
    DMA2_Stream5_IRQHandler                  0x080001b7   Thumb Code     0  startup_stm32f40_41xxx.o(.text)
    DMA2_Stream6_IRQHandler                  0x080001b7   Thumb Code     0  startup_stm32f40_41xxx.o(.text)
    DMA2_Stream7_IRQHandler                  0x080001b7   Thumb Code     0  startup_stm32f40_41xxx.o(.text)
    ETH_IRQHandler                           0x080001b7   Thumb Code     0  startup_stm32f40_41xxx.o(.text)
    ETH_WKUP_IRQHandler                      0x080001b7   Thumb Code     0  startup_stm32f40_41xxx.o(.text)
    EXTI0_IRQHandler                         0x080001b7   Thumb Code     0  startup_stm32f40_41xxx.o(.text)
    EXTI1_IRQHandler                         0x080001b7   Thumb Code     0  startup_stm32f40_41xxx.o(.text)
    EXTI2_IRQHandler                         0x080001b7   Thumb Code     0  startup_stm32f40_41xxx.o(.text)
    EXTI3_IRQHandler                         0x080001b7   Thumb Code     0  startup_stm32f40_41xxx.o(.text)
    EXTI4_IRQHandler                         0x080001b7   Thumb Code     0  startup_stm32f40_41xxx.o(.text)
    EXTI9_5_IRQHandler                       0x080001b7   Thumb Code     0  startup_stm32f40_41xxx.o(.text)
    FLASH_IRQHandler                         0x080001b7   Thumb Code     0  startup_stm32f40_41xxx.o(.text)
    FPU_IRQHandler                           0x080001b7   Thumb Code     0  startup_stm32f40_41xxx.o(.text)
    FSMC_IRQHandler                          0x080001b7   Thumb Code     0  startup_stm32f40_41xxx.o(.text)
    HASH_RNG_IRQHandler                      0x080001b7   Thumb Code     0  startup_stm32f40_41xxx.o(.text)
    I2C1_ER_IRQHandler                       0x080001b7   Thumb Code     0  startup_stm32f40_41xxx.o(.text)
    I2C1_EV_IRQHandler                       0x080001b7   Thumb Code     0  startup_stm32f40_41xxx.o(.text)
    I2C2_ER_IRQHandler                       0x080001b7   Thumb Code     0  startup_stm32f40_41xxx.o(.text)
    I2C2_EV_IRQHandler                       0x080001b7   Thumb Code     0  startup_stm32f40_41xxx.o(.text)
    I2C3_ER_IRQHandler                       0x080001b7   Thumb Code     0  startup_stm32f40_41xxx.o(.text)
    I2C3_EV_IRQHandler                       0x080001b7   Thumb Code     0  startup_stm32f40_41xxx.o(.text)
    OTG_FS_IRQHandler                        0x080001b7   Thumb Code     0  startup_stm32f40_41xxx.o(.text)
    OTG_FS_WKUP_IRQHandler                   0x080001b7   Thumb Code     0  startup_stm32f40_41xxx.o(.text)
    OTG_HS_EP1_IN_IRQHandler                 0x080001b7   Thumb Code     0  startup_stm32f40_41xxx.o(.text)
    OTG_HS_EP1_OUT_IRQHandler                0x080001b7   Thumb Code     0  startup_stm32f40_41xxx.o(.text)
    OTG_HS_IRQHandler                        0x080001b7   Thumb Code     0  startup_stm32f40_41xxx.o(.text)
    OTG_HS_WKUP_IRQHandler                   0x080001b7   Thumb Code     0  startup_stm32f40_41xxx.o(.text)
    PVD_IRQHandler                           0x080001b7   Thumb Code     0  startup_stm32f40_41xxx.o(.text)
    RCC_IRQHandler                           0x080001b7   Thumb Code     0  startup_stm32f40_41xxx.o(.text)
    RTC_Alarm_IRQHandler                     0x080001b7   Thumb Code     0  startup_stm32f40_41xxx.o(.text)
    RTC_WKUP_IRQHandler                      0x080001b7   Thumb Code     0  startup_stm32f40_41xxx.o(.text)
    SDIO_IRQHandler                          0x080001b7   Thumb Code     0  startup_stm32f40_41xxx.o(.text)
    SPI1_IRQHandler                          0x080001b7   Thumb Code     0  startup_stm32f40_41xxx.o(.text)
    SPI2_IRQHandler                          0x080001b7   Thumb Code     0  startup_stm32f40_41xxx.o(.text)
    SPI3_IRQHandler                          0x080001b7   Thumb Code     0  startup_stm32f40_41xxx.o(.text)
    TAMP_STAMP_IRQHandler                    0x080001b7   Thumb Code     0  startup_stm32f40_41xxx.o(.text)
    TIM1_BRK_TIM9_IRQHandler                 0x080001b7   Thumb Code     0  startup_stm32f40_41xxx.o(.text)
    TIM1_CC_IRQHandler                       0x080001b7   Thumb Code     0  startup_stm32f40_41xxx.o(.text)
    TIM1_TRG_COM_TIM11_IRQHandler            0x080001b7   Thumb Code     0  startup_stm32f40_41xxx.o(.text)
    TIM1_UP_TIM10_IRQHandler                 0x080001b7   Thumb Code     0  startup_stm32f40_41xxx.o(.text)
    TIM2_IRQHandler                          0x080001b7   Thumb Code     0  startup_stm32f40_41xxx.o(.text)
    TIM3_IRQHandler                          0x080001b7   Thumb Code     0  startup_stm32f40_41xxx.o(.text)
    TIM4_IRQHandler                          0x080001b7   Thumb Code     0  startup_stm32f40_41xxx.o(.text)
    TIM5_IRQHandler                          0x080001b7   Thumb Code     0  startup_stm32f40_41xxx.o(.text)
    TIM6_DAC_IRQHandler                      0x080001b7   Thumb Code     0  startup_stm32f40_41xxx.o(.text)
    TIM7_IRQHandler                          0x080001b7   Thumb Code     0  startup_stm32f40_41xxx.o(.text)
    TIM8_BRK_TIM12_IRQHandler                0x080001b7   Thumb Code     0  startup_stm32f40_41xxx.o(.text)
    TIM8_CC_IRQHandler                       0x080001b7   Thumb Code     0  startup_stm32f40_41xxx.o(.text)
    TIM8_TRG_COM_TIM14_IRQHandler            0x080001b7   Thumb Code     0  startup_stm32f40_41xxx.o(.text)
    TIM8_UP_TIM13_IRQHandler                 0x080001b7   Thumb Code     0  startup_stm32f40_41xxx.o(.text)
    USART6_IRQHandler                        0x080001b7   Thumb Code     0  startup_stm32f40_41xxx.o(.text)
    WWDG_IRQHandler                          0x080001b7   Thumb Code     0  startup_stm32f40_41xxx.o(.text)
    __aeabi_memset                           0x080001c1   Thumb Code    14  memseta.o(.text)
    __aeabi_memset4                          0x080001c1   Thumb Code     0  memseta.o(.text)
    __aeabi_memset8                          0x080001c1   Thumb Code     0  memseta.o(.text)
    __aeabi_memclr                           0x080001cf   Thumb Code     4  memseta.o(.text)
    __aeabi_memclr4                          0x080001cf   Thumb Code     0  memseta.o(.text)
    __aeabi_memclr8                          0x080001cf   Thumb Code     0  memseta.o(.text)
    _memset$wrapper                          0x080001d3   Thumb Code    18  memseta.o(.text)
    strlen                                   0x080001e5   Thumb Code    14  strlen.o(.text)
    __aeabi_dadd                             0x080001f3   Thumb Code   322  dadd.o(.text)
    __aeabi_dsub                             0x08000335   Thumb Code     6  dadd.o(.text)
    __aeabi_drsub                            0x0800033b   Thumb Code     6  dadd.o(.text)
    __aeabi_dmul                             0x08000341   Thumb Code   228  dmul.o(.text)
    __aeabi_ddiv                             0x08000425   Thumb Code   222  ddiv.o(.text)
    __aeabi_f2d                              0x08000503   Thumb Code    38  f2d.o(.text)
    __aeabi_cdrcmple                         0x08000529   Thumb Code    48  cdrcmple.o(.text)
    __aeabi_d2f                              0x08000559   Thumb Code    56  d2f.o(.text)
    __aeabi_uidiv                            0x08000591   Thumb Code     0  uidiv.o(.text)
    __aeabi_uidivmod                         0x08000591   Thumb Code    44  uidiv.o(.text)
    __aeabi_uldivmod                         0x080005bd   Thumb Code    98  uldiv.o(.text)
    __aeabi_llsl                             0x0800061f   Thumb Code    30  llshl.o(.text)
    _ll_shift_l                              0x0800061f   Thumb Code     0  llshl.o(.text)
    __aeabi_lasr                             0x0800063d   Thumb Code    36  llsshr.o(.text)
    _ll_sshift_r                             0x0800063d   Thumb Code     0  llsshr.o(.text)
    __I$use$fp                               0x08000661   Thumb Code     0  iusefp.o(.text)
    _float_round                             0x08000661   Thumb Code    18  fepilogue.o(.text)
    _float_epilogue                          0x08000673   Thumb Code    92  fepilogue.o(.text)
    _double_round                            0x080006cf   Thumb Code    30  depilogue.o(.text)
    _double_epilogue                         0x080006ed   Thumb Code   156  depilogue.o(.text)
    _dsqrt                                   0x08000789   Thumb Code   162  dsqrt.o(.text)
    __aeabi_d2ulz                            0x0800082b   Thumb Code    48  dfixul.o(.text)
    __scatterload                            0x0800085d   Thumb Code    28  init.o(.text)
    __scatterload_rt2                        0x0800085d   Thumb Code     0  init.o(.text)
    __aeabi_llsr                             0x08000881   Thumb Code    32  llushr.o(.text)
    __semihosting_library_function           0x08000881   Thumb Code     0  semi.o(.text)
    _ll_ushift_r                             0x08000881   Thumb Code     0  llushr.o(.text)
    __I$use$semihosting$fputc                0x080008a1   Thumb Code     0  iusesemip.o(.text)
    __decompress                             0x080008a1   Thumb Code     0  __dczerorl2.o(.text)
    __decompress1                            0x080008a1   Thumb Code    86  __dczerorl2.o(.text)
    ANO_DT_Do                                0x08000fdd   Thumb Code    42  ano_dt.o(i.ANO_DT_Do)
    Argument_Init                            0x0800125d   Thumb Code    16  ano_dt.o(i.Argument_Init)
    BSP_Init                                 0x0800127d   Thumb Code   226  my_bsp.o(i.BSP_Init)
    Beep_Init                                0x08001365   Thumb Code   150  beep.o(i.Beep_Init)
    Beep_Play                                0x08001405   Thumb Code    26  beep.o(i.Beep_Play)
    BusFault_Handler                         0x08001425   Thumb Code     4  stm32f4xx_it.o(i.BusFault_Handler)
    Cycle_Time_Init                          0x0800143b   Thumb Code    22  time.o(i.Cycle_Time_Init)
    DebugMon_Handler                         0x08001451   Thumb Code     2  stm32f4xx_it.o(i.DebugMon_Handler)
    Display_Error                            0x08001455   Thumb Code    18  display.o(i.Display_Error)
    Display_Mecanum                          0x08001475   Thumb Code   562  display.o(i.Display_Mecanum)
    EXTI15_10_IRQHandler                     0x08001781   Thumb Code    28  exti.o(i.EXTI15_10_IRQHandler)
    EXTI_ClearITPendingBit                   0x0800179d   Thumb Code     6  stm32f4xx_exti.o(i.EXTI_ClearITPendingBit)
    EXTI_GetITStatus                         0x080017a9   Thumb Code    20  stm32f4xx_exti.o(i.EXTI_GetITStatus)
    Encoder_Init_TIM3                        0x080017c1   Thumb Code   176  encoder.o(i.Encoder_Init_TIM3)
    Encoder_Init_TIM4                        0x08001879   Thumb Code   176  encoder.o(i.Encoder_Init_TIM4)
    Encoder_Init_TIM5                        0x08001931   Thumb Code   176  encoder.o(i.Encoder_Init_TIM5)
    Encoder_Init_TIM8                        0x080019e9   Thumb Code   176  encoder.o(i.Encoder_Init_TIM8)
    GPIO_Init                                0x08001b11   Thumb Code   144  stm32f4xx_gpio.o(i.GPIO_Init)
    GPIO_PinAFConfig                         0x08001ba1   Thumb Code    70  stm32f4xx_gpio.o(i.GPIO_PinAFConfig)
    GetSysTime_us                            0x08001be9   Thumb Code    48  systick.o(i.GetSysTime_us)
    Get_Cycle_T                              0x08001c1d   Thumb Code   118  time.o(i.Get_Cycle_T)
    HC165_Init                               0x08001c9d   Thumb Code   102  74hc165.o(i.HC165_Init)
    HC165_Read_2Byte                         0x08001d09   Thumb Code   716  74hc165.o(i.HC165_Read_2Byte)
    HC165_delay                              0x08001fd9   Thumb Code    10  74hc165.o(i.HC165_delay)
    HMI_Data_Handle                          0x08001fe5   Thumb Code   100  hmi.o(i.HMI_Data_Handle)
    HardFault_Handler                        0x0800204d   Thumb Code    44  stm32f4xx_it.o(i.HardFault_Handler)
    I2c_Soft_Ask                             0x080020e1   Thumb Code    52  iic_soft.o(i.I2c_Soft_Ask)
    I2c_Soft_Init                            0x08002119   Thumb Code    48  iic_soft.o(i.I2c_Soft_Init)
    I2c_Soft_NoAsk                           0x0800214d   Thumb Code    52  iic_soft.o(i.I2c_Soft_NoAsk)
    I2c_Soft_ReadByte                        0x08002185   Thumb Code    92  iic_soft.o(i.I2c_Soft_ReadByte)
    I2c_Soft_SendByte                        0x080021e5   Thumb Code    84  iic_soft.o(i.I2c_Soft_SendByte)
    I2c_Soft_Start                           0x0800223d   Thumb Code    82  iic_soft.o(i.I2c_Soft_Start)
    I2c_Soft_Stop                            0x08002295   Thumb Code    52  iic_soft.o(i.I2c_Soft_Stop)
    I2c_Soft_WaitAsk                         0x080022cd   Thumb Code    86  iic_soft.o(i.I2c_Soft_WaitAsk)
    I2c_Soft_delay                           0x08002329   Thumb Code    42  iic_soft.o(i.I2c_Soft_delay)
    IIC_Read_nByte                           0x08002359   Thumb Code   108  iic_soft.o(i.IIC_Read_nByte)
    IIC_Write_1Byte                          0x080023c5   Thumb Code    62  iic_soft.o(i.IIC_Write_1Byte)
    IICwriteBit                              0x08002403   Thumb Code    66  mpu6050.o(i.IICwriteBit)
    IICwriteBits                             0x08002445   Thumb Code   102  mpu6050.o(i.IICwriteBits)
    KEY_Init                                 0x080024ad   Thumb Code    56  key.o(i.KEY_Init)
    KEY_Scan                                 0x080024ed   Thumb Code   128  key.o(i.KEY_Scan)
    Kalman_Filter1                           0x08002579   Thumb Code   572  ahrs.o(i.Kalman_Filter1)
    Kalman_Filter2                           0x080027f9   Thumb Code   572  ahrs.o(i.Kalman_Filter2)
    Kinematic_Analysis                       0x08002a79   Thumb Code   156  mecanum.o(i.Kinematic_Analysis)
    LED_ALL_OFF                              0x08002b21   Thumb Code    54  led.o(i.LED_ALL_OFF)
    LED_ALL_ON                               0x08002b69   Thumb Code    54  led.o(i.LED_ALL_ON)
    LED_Blink                                0x08002bb1   Thumb Code    48  led.o(i.LED_Blink)
    LED_Init                                 0x08002be9   Thumb Code    70  led.o(i.LED_Init)
    LED_OFF                                  0x08002c39   Thumb Code    64  led.o(i.LED_OFF)
    LED_ON                                   0x08002c85   Thumb Code    64  led.o(i.LED_ON)
    LED_SWITCH                               0x08002cd1   Thumb Code   134  led.o(i.LED_SWITCH)
    Loop_Time_Check                          0x08002d65   Thumb Code    72  task_loop.o(i.Loop_Time_Check)
    Loop_Time_Clear                          0x08002db1   Thumb Code    10  task_loop.o(i.Loop_Time_Clear)
    MOTO_A_Init                              0x08002dc1   Thumb Code   196  moto_drive.o(i.MOTO_A_Init)
    MOTO_A_Set                               0x08002e91   Thumb Code    80  moto_drive.o(i.MOTO_A_Set)
    MOTO_A_Stop                              0x08002ef1   Thumb Code    18  moto_drive.o(i.MOTO_A_Stop)
    MOTO_B_Init                              0x08002f11   Thumb Code   196  moto_drive.o(i.MOTO_B_Init)
    MOTO_B_Set                               0x08002fe1   Thumb Code    80  moto_drive.o(i.MOTO_B_Set)
    MOTO_B_Stop                              0x08003041   Thumb Code    18  moto_drive.o(i.MOTO_B_Stop)
    MOTO_C_Init                              0x08003061   Thumb Code   194  moto_drive.o(i.MOTO_C_Init)
    MOTO_C_Set                               0x08003131   Thumb Code    80  moto_drive.o(i.MOTO_C_Set)
    MOTO_C_Stop                              0x08003191   Thumb Code    18  moto_drive.o(i.MOTO_C_Stop)
    MOTO_D_Init                              0x080031b1   Thumb Code   196  moto_drive.o(i.MOTO_D_Init)
    MOTO_D_Set                               0x08003281   Thumb Code    80  moto_drive.o(i.MOTO_D_Set)
    MOTO_D_Stop                              0x080032e1   Thumb Code    18  moto_drive.o(i.MOTO_D_Stop)
    MPU6050_Data_Offset                      0x08003301   Thumb Code   442  mpu6050.o(i.MPU6050_Data_Offset)
    MPU6050_Data_Prepare                     0x080034d1   Thumb Code  1076  mpu6050.o(i.MPU6050_Data_Prepare)
    MPU6050_Init                             0x08003905   Thumb Code   180  mpu6050.o(i.MPU6050_Init)
    MPU6050_Read                             0x080039b9   Thumb Code    22  mpu6050.o(i.MPU6050_Read)
    MPU6050_setClockSource                   0x080039d9   Thumb Code    20  mpu6050.o(i.MPU6050_setClockSource)
    MPU6050_setDLPF                          0x080039ed   Thumb Code    20  mpu6050.o(i.MPU6050_setDLPF)
    MPU6050_setFullScaleAccelRange           0x08003a01   Thumb Code    36  mpu6050.o(i.MPU6050_setFullScaleAccelRange)
    MPU6050_setFullScaleGyroRange            0x08003a25   Thumb Code    36  mpu6050.o(i.MPU6050_setFullScaleGyroRange)
    MPU6050_setI2CBypassEnabled              0x08003a49   Thumb Code    18  mpu6050.o(i.MPU6050_setI2CBypassEnabled)
    MPU6050_setI2CMasterModeEnabled          0x08003a5b   Thumb Code    18  mpu6050.o(i.MPU6050_setI2CMasterModeEnabled)
    MPU6050_setSleepEnabled                  0x08003a6d   Thumb Code    18  mpu6050.o(i.MPU6050_setSleepEnabled)
    MPU6050_set_SMPLRT_DIV                   0x08003a7f   Thumb Code    28  mpu6050.o(i.MPU6050_set_SMPLRT_DIV)
    Mecanum_Param_Init                       0x08003a9d   Thumb Code    48  mecanum.o(i.Mecanum_Param_Init)
    Mecanum_Update                           0x08003ad9   Thumb Code   166  mecanum.o(i.Mecanum_Update)
    MemManage_Handler                        0x08003b85   Thumb Code     4  stm32f4xx_it.o(i.MemManage_Handler)
    NMI_Handler                              0x08003b89   Thumb Code     2  stm32f4xx_it.o(i.NMI_Handler)
    NVIC_Init                                0x08003b8d   Thumb Code   106  misc.o(i.NVIC_Init)
    NVIC_PriorityGroupConfig                 0x08003c05   Thumb Code    10  misc.o(i.NVIC_PriorityGroupConfig)
    OLED_Clear                               0x08003c19   Thumb Code    42  oled.o(i.OLED_Clear)
    OLED_DrawPoint                           0x08003c49   Thumb Code   100  oled.o(i.OLED_DrawPoint)
    OLED_Init                                0x08003cb1   Thumb Code   292  oled.o(i.OLED_Init)
    OLED_Refresh_Gram                        0x08003de1   Thumb Code    70  oled.o(i.OLED_Refresh_Gram)
    OLED_ShowChar                            0x08003e2d   Thumb Code   158  oled.o(i.OLED_ShowChar)
    OLED_ShowNumber                          0x08003ed5   Thumb Code   148  oled.o(i.OLED_ShowNumber)
    OLED_ShowString                          0x08003f69   Thumb Code    66  oled.o(i.OLED_ShowString)
    OLED_WR_Byte                             0x08003fad   Thumb Code    82  oled.o(i.OLED_WR_Byte)
    OpenMV_Data_Handle                       0x08004005   Thumb Code   922  openmv_1.o(i.OpenMV_Data_Handle)
    OpenMV_Read_Color                        0x080043ad   Thumb Code    22  openmv_1.o(i.OpenMV_Read_Color)
    OpenMV_Read_Grab                         0x080043d5   Thumb Code    30  openmv_1.o(i.OpenMV_Read_Grab)
    PS2_Usart_Control                        0x08004405   Thumb Code   228  mecanum.o(i.PS2_Usart_Control)
    Param_SaveAccelOffset                    0x080044fd   Thumb Code    22  sensor_param.o(i.Param_SaveAccelOffset)
    Param_SaveGyroOffset                     0x0800451d   Thumb Code    24  sensor_param.o(i.Param_SaveGyroOffset)
    RCC_AHB1PeriphClockCmd                   0x0800453d   Thumb Code    26  stm32f4xx_rcc.o(i.RCC_AHB1PeriphClockCmd)
    RCC_APB1PeriphClockCmd                   0x0800455d   Thumb Code    26  stm32f4xx_rcc.o(i.RCC_APB1PeriphClockCmd)
    RCC_APB1PeriphResetCmd                   0x0800457d   Thumb Code    26  stm32f4xx_rcc.o(i.RCC_APB1PeriphResetCmd)
    RCC_APB2PeriphClockCmd                   0x0800459d   Thumb Code    26  stm32f4xx_rcc.o(i.RCC_APB2PeriphClockCmd)
    RCC_APB2PeriphResetCmd                   0x080045bd   Thumb Code    26  stm32f4xx_rcc.o(i.RCC_APB2PeriphResetCmd)
    RCC_GetClocksFreq                        0x080045dd   Thumb Code   214  stm32f4xx_rcc.o(i.RCC_GetClocksFreq)
    Read_Encoder                             0x080046c5   Thumb Code   116  encoder.o(i.Read_Encoder)
    STMFLASH_EraseSector                     0x08004749   Thumb Code   106  stmflash.o(i.STMFLASH_EraseSector)
    STMFLASH_GetFlashSector                  0x080047bd   Thumb Code   116  stmflash.o(i.STMFLASH_GetFlashSector)
    STMFLASH_GetStatus                       0x0800485d   Thumb Code    60  stmflash.o(i.STMFLASH_GetStatus)
    STMFLASH_Lock                            0x0800489d   Thumb Code    14  stmflash.o(i.STMFLASH_Lock)
    STMFLASH_ReadWord                        0x080048b1   Thumb Code     6  stmflash.o(i.STMFLASH_ReadWord)
    STMFLASH_Unlock                          0x080048b9   Thumb Code    12  stmflash.o(i.STMFLASH_Unlock)
    STMFLASH_WaitDone                        0x080048d1   Thumb Code    40  stmflash.o(i.STMFLASH_WaitDone)
    STMFLASH_Write                           0x080048f9   Thumb Code   154  stmflash.o(i.STMFLASH_Write)
    STMFLASH_WriteWord                       0x0800499d   Thumb Code    78  stmflash.o(i.STMFLASH_WriteWord)
    SVC_Handler                              0x080049f1   Thumb Code     2  stm32f4xx_it.o(i.SVC_Handler)
    SysTick_CLKSourceConfig                  0x08004ae1   Thumb Code    40  misc.o(i.SysTick_CLKSourceConfig)
    SysTick_Handler                          0x08004b09   Thumb Code    22  systick.o(i.SysTick_Handler)
    SysTick_Init                             0x08004b25   Thumb Code    98  systick.o(i.SysTick_Init)
    SystemInit                               0x08004b91   Thumb Code    88  system_stm32f4xx.o(i.SystemInit)
    System_Tiem_Clear                        0x08004c15   Thumb Code    10  time.o(i.System_Tiem_Clear)
    System_Time_Running                      0x08004c25   Thumb Code   104  time.o(i.System_Time_Running)
    TIM_ClearFlag                            0x08004db3   Thumb Code     6  stm32f4xx_tim.o(i.TIM_ClearFlag)
    TIM_Cmd                                  0x08004db9   Thumb Code    24  stm32f4xx_tim.o(i.TIM_Cmd)
    TIM_CtrlPWMOutputs                       0x08004dd1   Thumb Code    30  stm32f4xx_tim.o(i.TIM_CtrlPWMOutputs)
    TIM_EncoderInterfaceConfig               0x08004def   Thumb Code    66  stm32f4xx_tim.o(i.TIM_EncoderInterfaceConfig)
    TIM_GetCounter                           0x08004e31   Thumb Code     6  stm32f4xx_tim.o(i.TIM_GetCounter)
    TIM_ICInit                               0x08004e37   Thumb Code   110  stm32f4xx_tim.o(i.TIM_ICInit)
    TIM_ICStructInit                         0x08004ea5   Thumb Code    18  stm32f4xx_tim.o(i.TIM_ICStructInit)
    TIM_ITConfig                             0x08004eb7   Thumb Code    18  stm32f4xx_tim.o(i.TIM_ITConfig)
    TIM_OC1Init                              0x08004ec9   Thumb Code   114  stm32f4xx_tim.o(i.TIM_OC1Init)
    TIM_OC1PreloadConfig                     0x08004f45   Thumb Code    18  stm32f4xx_tim.o(i.TIM_OC1PreloadConfig)
    TIM_OC2Init                              0x08004f59   Thumb Code   154  stm32f4xx_tim.o(i.TIM_OC2Init)
    TIM_OC2PreloadConfig                     0x08004ffd   Thumb Code    26  stm32f4xx_tim.o(i.TIM_OC2PreloadConfig)
    TIM_OC3Init                              0x08005019   Thumb Code   150  stm32f4xx_tim.o(i.TIM_OC3Init)
    TIM_OC3PreloadConfig                     0x080050b9   Thumb Code    18  stm32f4xx_tim.o(i.TIM_OC3PreloadConfig)
    TIM_OC4Init                              0x080050cd   Thumb Code   112  stm32f4xx_tim.o(i.TIM_OC4Init)
    TIM_OC4PreloadConfig                     0x08005145   Thumb Code    26  stm32f4xx_tim.o(i.TIM_OC4PreloadConfig)
    TIM_SetCounter                           0x0800515f   Thumb Code     4  stm32f4xx_tim.o(i.TIM_SetCounter)
    TIM_SetIC1Prescaler                      0x08005163   Thumb Code    18  stm32f4xx_tim.o(i.TIM_SetIC1Prescaler)
    TIM_SetIC2Prescaler                      0x08005175   Thumb Code    26  stm32f4xx_tim.o(i.TIM_SetIC2Prescaler)
    TIM_SetIC3Prescaler                      0x0800518f   Thumb Code    18  stm32f4xx_tim.o(i.TIM_SetIC3Prescaler)
    TIM_SetIC4Prescaler                      0x080051a1   Thumb Code    26  stm32f4xx_tim.o(i.TIM_SetIC4Prescaler)
    TIM_TimeBaseInit                         0x080051bd   Thumb Code   104  stm32f4xx_tim.o(i.TIM_TimeBaseInit)
    TIM_TimeBaseStructInit                   0x08005241   Thumb Code    18  stm32f4xx_tim.o(i.TIM_TimeBaseStructInit)
    Task_Loop                                0x08005375   Thumb Code   160  task_loop.o(i.Task_Loop)
    Track_Init                               0x0800541d   Thumb Code     8  track.o(i.Track_Init)
    Track_Read                               0x08005425   Thumb Code   108  track.o(i.Track_Read)
    Transform                                0x08005499   Thumb Code    14  mpu6050.o(i.Transform)
    UART4_IRQHandler                         0x080054a9   Thumb Code   156  hmi.o(i.UART4_IRQHandler)
    UART5_IRQHandler                         0x0800555d   Thumb Code   150  tf_min.o(i.UART5_IRQHandler)
    USART1_IRQHandler                        0x08005605   Thumb Code   180  printf_uart.o(i.USART1_IRQHandler)
    USART2_IRQHandler                        0x080056c9   Thumb Code   150  usart2.o(i.USART2_IRQHandler)
    USART3_IRQHandler                        0x0800576d   Thumb Code   150  tf_min.o(i.USART3_IRQHandler)
    USART_ClearFlag                          0x08005815   Thumb Code    18  stm32f4xx_usart.o(i.USART_ClearFlag)
    USART_Cmd                                0x08005827   Thumb Code    24  stm32f4xx_usart.o(i.USART_Cmd)
    USART_DeInit                             0x08005841   Thumb Code   206  stm32f4xx_usart.o(i.USART_DeInit)
    USART_GetFlagStatus                      0x08005931   Thumb Code    26  stm32f4xx_usart.o(i.USART_GetFlagStatus)
    USART_GetITStatus                        0x0800594b   Thumb Code    84  stm32f4xx_usart.o(i.USART_GetITStatus)
    USART_ITConfig                           0x0800599f   Thumb Code    74  stm32f4xx_usart.o(i.USART_ITConfig)
    USART_Init                               0x080059e9   Thumb Code   204  stm32f4xx_usart.o(i.USART_Init)
    USART_ReceiveData                        0x08005abd   Thumb Code    10  stm32f4xx_usart.o(i.USART_ReceiveData)
    USART_SendData                           0x08005ac7   Thumb Code     8  stm32f4xx_usart.o(i.USART_SendData)
    UsageFault_Handler                       0x08005acf   Thumb Code     4  stm32f4xx_it.o(i.UsageFault_Handler)
    Usart_SendByte                           0x08005ad3   Thumb Code    30  usart2.o(i.Usart_SendByte)
    Usart_SendString                         0x08005af1   Thumb Code    42  usart2.o(i.Usart_SendString)
    __0printf                                0x08005b1d   Thumb Code    22  printfa.o(i.__0printf)
    __1printf                                0x08005b1d   Thumb Code     0  printfa.o(i.__0printf)
    __2printf                                0x08005b1d   Thumb Code     0  printfa.o(i.__0printf)
    __c89printf                              0x08005b1d   Thumb Code     0  printfa.o(i.__0printf)
    printf                                   0x08005b1d   Thumb Code     0  printfa.o(i.__0printf)
    __0sprintf                               0x08005b3d   Thumb Code    34  printfa.o(i.__0sprintf)
    __1sprintf                               0x08005b3d   Thumb Code     0  printfa.o(i.__0sprintf)
    __2sprintf                               0x08005b3d   Thumb Code     0  printfa.o(i.__0sprintf)
    __c89sprintf                             0x08005b3d   Thumb Code     0  printfa.o(i.__0sprintf)
    sprintf                                  0x08005b3d   Thumb Code     0  printfa.o(i.__0sprintf)
    __0vsprintf                              0x08005b65   Thumb Code    30  printfa.o(i.__0vsprintf)
    __1vsprintf                              0x08005b65   Thumb Code     0  printfa.o(i.__0vsprintf)
    __2vsprintf                              0x08005b65   Thumb Code     0  printfa.o(i.__0vsprintf)
    __c89vsprintf                            0x08005b65   Thumb Code     0  printfa.o(i.__0vsprintf)
    vsprintf                                 0x08005b65   Thumb Code     0  printfa.o(i.__0vsprintf)
    __ARM_fpclassify                         0x08005b89   Thumb Code    48  fpclassify.o(i.__ARM_fpclassify)
    __hardfp_atan                            0x08005bb9   Thumb Code   622  atan.o(i.__hardfp_atan)
    __hardfp_sqrt                            0x08005e91   Thumb Code   122  sqrt.o(i.__hardfp_sqrt)
    __kernel_poly                            0x08005f0b   Thumb Code   248  poly.o(i.__kernel_poly)
    __mathlib_dbl_infnan                     0x08006003   Thumb Code    20  dunder.o(i.__mathlib_dbl_infnan)
    __mathlib_dbl_underflow                  0x08006019   Thumb Code    24  dunder.o(i.__mathlib_dbl_underflow)
    __scatterload_copy                       0x08006039   Thumb Code    14  handlers.o(i.__scatterload_copy)
    __scatterload_null                       0x08006047   Thumb Code     2  handlers.o(i.__scatterload_null)
    __scatterload_zeroinit                   0x08006049   Thumb Code    14  handlers.o(i.__scatterload_zeroinit)
    __set_errno                              0x08006059   Thumb Code     6  errno.o(i.__set_errno)
    ahrs                                     0x08006901   Thumb Code   382  ahrs.o(i.ahrs)
    backToDeparture_control                  0x08006aa5   Thumb Code    92  control.o(i.backToDeparture_control)
    backToProcessing_control                 0x08006b15   Thumb Code   242  control.o(i.backToProcessing_control)
    back_control                             0x08006c39   Thumb Code    78  control.o(i.back_control)
    delay_ms                                 0x08006c99   Thumb Code    26  systick.o(i.delay_ms)
    delay_us                                 0x08006cb3   Thumb Code    24  systick.o(i.delay_us)
    fabs                                     0x08006ccb   Thumb Code    24  fabs.o(i.fabs)
    fputc                                    0x08006d05   Thumb Code    18  fputc.o(i.fputc)
    goToDeparture_control                    0x08006d19   Thumb Code    98  control.o(i.goToDeparture_control)
    goToFinish_control                       0x08006d91   Thumb Code   166  control.o(i.goToFinish_control)
    goToProcessing_control                   0x08006e5d   Thumb Code   252  control.o(i.goToProcessing_control)
    grabFromDeparture_control                0x0800711d   Thumb Code   100  control.o(i.grabFromDeparture_control)
    grabFromProcessing_control               0x0800719d   Thumb Code    24  control.o(i.grabFromProcessing_control)
    main                                     0x080072e5   Thumb Code    12  main.o(i.main)
    oled_pow                                 0x080073c9   Thumb Code    22  oled.o(i.oled_pow)
    pid_ctr_mecanum_speed                    0x08007445   Thumb Code   144  algorithm.o(i.pid_ctr_mecanum_speed)
    pid_inc_calc                             0x080074e9   Thumb Code   248  pid.o(i.pid_inc_calc)
    pid_setup_mecanum_speed                  0x080075e5   Thumb Code    92  algorithm.o(i.pid_setup_mecanum_speed)
    placeToFinish_control                    0x08007665   Thumb Code    48  control.o(i.placeToFinish_control)
    placeToProcessing_control                0x080076a5   Thumb Code    48  control.o(i.placeToProcessing_control)
    ready_control                            0x08007809   Thumb Code    50  control.o(i.ready_control)
    scan_control                             0x0800784d   Thumb Code   276  control.o(i.scan_control)
    setmotor_pwm                             0x08007989   Thumb Code    32  steer_moto.o(i.setmotor_pwm)
    u1_putbuff                               0x08007b25   Thumb Code    26  printf_uart.o(i.u1_putbuff)
    u1_putchar                               0x08007b41   Thumb Code    20  printf_uart.o(i.u1_putchar)
    u2_printf                                0x08007b59   Thumb Code    72  usart2.o(i.u2_printf)
    update_pid_param                         0x08007ba9   Thumb Code    98  pid.o(i.update_pid_param)
    usart1_init                              0x08007c0d   Thumb Code   176  printf_uart.o(i.usart1_init)
    usart2_init                              0x08007cc5   Thumb Code   174  usart2.o(i.usart2_init)
    usart3_init                              0x08007d7d   Thumb Code   170  usart3.o(i.usart3_init)
    usart5_init                              0x08007e31   Thumb Code   190  usart5.o(i.usart5_init)
    oled_asc2_1206                           0x08007efc   Data        1140  oled.o(.constdata)
    oled_asc2_1608                           0x08008370   Data        1520  oled.o(.constdata)
    Region$$Table$$Base                      0x080089f8   Number         0  anon$$obj.o(Region$$Table)
    Region$$Table$$Limit                     0x08008a18   Number         0  anon$$obj.o(Region$$Table)
    GYRO_Calibrate                           0x20000008   Data           1  task_loop.o(.data)
    Flag_ANO_DT_Data                         0x2000000a   Data           1  ano_dt.o(.data)
    Init_flag                                0x20000010   Data           1  control.o(.data)
    step                                     0x20000011   Data           1  control.o(.data)
    order                                    0x20000012   Data           3  control.o(.data)
    Target_Velocity                          0x20000018   Data           4  control.o(.data)
    posScanQR1                               0x20000028   Data           4  param.o(.data)
    posScanQR2                               0x2000002c   Data           4  param.o(.data)
    posScanQR3                               0x20000030   Data           4  param.o(.data)
    posDeparture1                            0x20000034   Data           4  param.o(.data)
    posDeparture2                            0x20000038   Data           4  param.o(.data)
    posProcessR1                             0x2000003c   Data           4  param.o(.data)
    posProcessR2                             0x20000040   Data           4  param.o(.data)
    posProcessL1                             0x20000044   Data           4  param.o(.data)
    posProcessL2                             0x20000048   Data           4  param.o(.data)
    posProcessC1                             0x2000004c   Data           4  param.o(.data)
    posProcessC2                             0x20000050   Data           4  param.o(.data)
    posFinishR                               0x20000054   Data           4  param.o(.data)
    posFinishL                               0x20000058   Data           4  param.o(.data)
    posFinishC                               0x2000005c   Data           4  param.o(.data)
    grab_departure_right                     0x20000060   Data           8  param.o(.data)
    grab_departure_left                      0x20000068   Data           8  param.o(.data)
    grab_departure_center                    0x20000070   Data           8  param.o(.data)
    grab_processing                          0x20000078   Data           8  param.o(.data)
    turn_processing                          0x20000080   Data           6  param.o(.data)
    turn_departure                           0x20000086   Data           6  param.o(.data)
    turn_finish                              0x2000008c   Data           6  param.o(.data)
    turn_scan                                0x20000092   Data           6  param.o(.data)
    place_processing                         0x20000098   Data           8  param.o(.data)
    place_finish                             0x200000a0   Data           8  param.o(.data)
    move_scan_color                          0x200000a8   Data           8  param.o(.data)
    move_scan_grab                           0x200000b0   Data           8  param.o(.data)
    move_ready                               0x200000b8   Data           8  param.o(.data)
    pidmotorAspeedparm                       0x200000c0   Data          44  param.o(.data)
    pidmotorBspeedparm                       0x200000ec   Data          44  param.o(.data)
    pidmotorCspeedparm                       0x20000118   Data          44  param.o(.data)
    pidmotorDspeedparm                       0x20000144   Data          44  param.o(.data)
    pidmotorApositionparm                    0x20000170   Data          44  param.o(.data)
    pidmotorBpositionparm                    0x2000019c   Data          44  param.o(.data)
    pidmotorCpositionparm                    0x200001c8   Data          44  param.o(.data)
    pidmotorDpositionparm                    0x200001f4   Data          44  param.o(.data)
    pidxparam                                0x20000220   Data          44  param.o(.data)
    pidyparam                                0x2000024c   Data          44  param.o(.data)
    pidxspeedparam                           0x20000278   Data          44  param.o(.data)
    pidyspeedparam                           0x200002a4   Data          44  param.o(.data)
    pidlengthparam                           0x200002d0   Data          44  param.o(.data)
    pidangleparam                            0x200002fc   Data          44  param.o(.data)
    pidspeedparam                            0x20000328   Data          44  param.o(.data)
    pidanglespeedparam                       0x20000354   Data          44  param.o(.data)
    pidq1param                               0x20000380   Data          44  param.o(.data)
    pidq2param                               0x200003ac   Data          44  param.o(.data)
    pidq3param                               0x200003d8   Data          44  param.o(.data)
    pidq4param                               0x20000404   Data          44  param.o(.data)
    pidq5param                               0x20000430   Data          44  param.o(.data)
    pidq6param                               0x2000045c   Data          44  param.o(.data)
    Flag_UART_RX                             0x20000488   Data           1  hmi.o(.data)
    USART_RX_STA                             0x2000048a   Data           2  hmi.o(.data)
    usTicks                                  0x20000494   Data           4  systick.o(.data)
    sysTickUptime                            0x20000498   Data           4  systick.o(.data)
    System_Time                              0x2000049c   Data           6  time.o(.data)
    Flag_Moto                                0x200004a3   Data           1  moto_drive.o(.data)
    QuadNumber                               0x200004a4   Data          16  ahrs.o(.data)
    pitch_offset                             0x200004b4   Data           4  ahrs.o(.data)
    roll_offset                              0x200004b8   Data           4  ahrs.o(.data)
    acc_sum_cnt                              0x2000055c   Data           2  mpu6050.o(.data)
    gyro_sum_cnt                             0x2000055e   Data           2  mpu6050.o(.data)
    filter_cnt                               0x20000560   Data           1  mpu6050.o(.data)
    filter_cnt_old                           0x20000561   Data           1  mpu6050.o(.data)
    test_ang                                 0x20000564   Data           4  mpu6050.o(.data)
    test_ang_old                             0x20000568   Data           4  mpu6050.o(.data)
    test_ang_d                               0x2000056c   Data           4  mpu6050.o(.data)
    test_fli_a                               0x20000570   Data           4  mpu6050.o(.data)
    test_i                                   0x20000574   Data           4  mpu6050.o(.data)
    I2C_FastMode                             0x20000578   Data           1  iic_soft.o(.data)
    USART2_RX_STA                            0x2000057a   Data           2  usart2.o(.data)
    USART1_RX_STA                            0x2000057c   Data           2  printf_uart.o(.data)
    i                                        0x20000580   Data           4  printf_uart.o(.data)
    PS2_ON_Flag                              0x20000584   Data           1  ps2.o(.data)
    Handkey                                  0x20000586   Data           2  ps2.o(.data)
    Comd                                     0x20000588   Data           2  ps2.o(.data)
    MASK                                     0x2000058a   Data          32  ps2.o(.data)
    LastHandkey                              0x200005aa   Data           2  ps2.o(.data)
    __stdout                                 0x200005c0   Data           4  stdout.o(.data)
    pid_motorA_speed                         0x20000710   Data          88  param.o(.bss)
    pid_motorB_speed                         0x20000768   Data          88  param.o(.bss)
    pid_motorC_speed                         0x200007c0   Data          88  param.o(.bss)
    pid_motorD_speed                         0x20000818   Data          88  param.o(.bss)
    pid_motorA_position                      0x20000870   Data          88  param.o(.bss)
    pid_motorB_position                      0x200008c8   Data          88  param.o(.bss)
    pid_motorC_position                      0x20000920   Data          88  param.o(.bss)
    pid_motorD_position                      0x20000978   Data          88  param.o(.bss)
    pid_x                                    0x200009d0   Data          88  param.o(.bss)
    pid_y                                    0x20000a28   Data          88  param.o(.bss)
    pid_x_speed                              0x20000a80   Data          88  param.o(.bss)
    pid_y_speed                              0x20000ad8   Data          88  param.o(.bss)
    pid_length                               0x20000b30   Data          88  param.o(.bss)
    pid_angle                                0x20000b88   Data          88  param.o(.bss)
    pid_angle_speed                          0x20000be0   Data          88  param.o(.bss)
    pid_speed                                0x20000c38   Data          88  param.o(.bss)
    HMI_Send_Buf                             0x20000c90   Data         400  hmi.o(.bss)
    USART_RX_BUF                             0x20000e20   Data         400  hmi.o(.bss)
    USART_TX_BUF                             0x20000fb0   Data         400  hmi.o(.bss)
    USART_RX_BUF_tset                        0x20001140   Data         400  hmi.o(.bss)
    OLED_GRAM                                0x20001310   Data        1024  oled.o(.bss)
    Cycle_T                                  0x20001710   Data          60  time.o(.bss)
    EulerAngle                               0x2000174c   Data          12  ahrs.o(.bss)
    Mag                                      0x20001758   Data          24  ahrs.o(.bss)
    mpu6050                                  0x20001790   Data         124  mpu6050.o(.bss)
    mpu6050_buffer                           0x2000180c   Data          14  mpu6050.o(.bss)
    sum_temp                                 0x2000181c   Data          28  mpu6050.o(.bss)
    FILT_BUF                                 0x20001838   Data         154  mpu6050.o(.bss)
    mpu6050_tmp                              0x200018d4   Data          28  mpu6050.o(.bss)
    tmp                                      0x200018f0   Data          28  mpu6050.o(.bss)
    USART2_RX_BUF                            0x20001910   Data         200  usart2.o(.bss)
    USART2_TX_BUF                            0x200019d8   Data         400  usart2.o(.bss)
    USART1_RX_BUF                            0x20001b68   Data         400  printf_uart.o(.bss)
    USART1_TX_BUF                            0x20001cf8   Data         400  printf_uart.o(.bss)
    buf                                      0x20001e88   Data          10  steer_moto.o(.bss)
    Data                                     0x20001e92   Data           9  ps2.o(.bss)
    Mecanum                                  0x20001e9c   Data         100  mecanum.o(.bss)
    __initial_sp                             0x20002320   Data           0  startup_stm32f40_41xxx.o(STACK)



==============================================================================

Memory Map of the image

  Image Entry point : 0x08000189

  Load Region LR_IROM1 (Base: 0x08000000, Size: 0x00008fe0, Max: 0x00080000, ABSOLUTE, COMPRESSED[0x00008b58])

    Execution Region ER_IROM1 (Base: 0x08000000, Size: 0x00008a18, Max: 0x00080000, ABSOLUTE)

    Base Addr    Size         Type   Attr      Idx    E Section Name        Object

    0x08000000   0x00000188   Data   RO         3359    RESET               startup_stm32f40_41xxx.o
    0x08000188   0x00000000   Code   RO         7195  * .ARM.Collect$$$$00000000  mc_w.l(entry.o)
    0x08000188   0x00000004   Code   RO         7557    .ARM.Collect$$$$00000001  mc_w.l(entry2.o)
    0x0800018c   0x00000004   Code   RO         7560    .ARM.Collect$$$$00000004  mc_w.l(entry5.o)
    0x08000190   0x00000000   Code   RO         7562    .ARM.Collect$$$$00000008  mc_w.l(entry7b.o)
    0x08000190   0x00000000   Code   RO         7564    .ARM.Collect$$$$0000000A  mc_w.l(entry8b.o)
    0x08000190   0x00000008   Code   RO         7565    .ARM.Collect$$$$0000000B  mc_w.l(entry9a.o)
    0x08000198   0x00000000   Code   RO         7567    .ARM.Collect$$$$0000000D  mc_w.l(entry10a.o)
    0x08000198   0x00000000   Code   RO         7569    .ARM.Collect$$$$0000000F  mc_w.l(entry11a.o)
    0x08000198   0x00000004   Code   RO         7558    .ARM.Collect$$$$00002712  mc_w.l(entry2.o)
    0x0800019c   0x00000024   Code   RO         3360    .text               startup_stm32f40_41xxx.o
    0x080001c0   0x00000024   Code   RO         7200    .text               mc_w.l(memseta.o)
    0x080001e4   0x0000000e   Code   RO         7202    .text               mc_w.l(strlen.o)
    0x080001f2   0x0000014e   Code   RO         7497    .text               mf_w.l(dadd.o)
    0x08000340   0x000000e4   Code   RO         7499    .text               mf_w.l(dmul.o)
    0x08000424   0x000000de   Code   RO         7501    .text               mf_w.l(ddiv.o)
    0x08000502   0x00000026   Code   RO         7505    .text               mf_w.l(f2d.o)
    0x08000528   0x00000030   Code   RO         7509    .text               mf_w.l(cdrcmple.o)
    0x08000558   0x00000038   Code   RO         7511    .text               mf_w.l(d2f.o)
    0x08000590   0x0000002c   Code   RO         7574    .text               mc_w.l(uidiv.o)
    0x080005bc   0x00000062   Code   RO         7576    .text               mc_w.l(uldiv.o)
    0x0800061e   0x0000001e   Code   RO         7578    .text               mc_w.l(llshl.o)
    0x0800063c   0x00000024   Code   RO         7580    .text               mc_w.l(llsshr.o)
    0x08000660   0x00000000   Code   RO         7593    .text               mc_w.l(iusefp.o)
    0x08000660   0x0000006e   Code   RO         7594    .text               mf_w.l(fepilogue.o)
    0x080006ce   0x000000ba   Code   RO         7596    .text               mf_w.l(depilogue.o)
    0x08000788   0x000000a2   Code   RO         7598    .text               mf_w.l(dsqrt.o)
    0x0800082a   0x00000030   Code   RO         7600    .text               mf_w.l(dfixul.o)
    0x0800085a   0x00000002   PAD
    0x0800085c   0x00000024   Code   RO         7602    .text               mc_w.l(init.o)
    0x08000880   0x00000000   Code   RO         7604    .text               mc_w.l(semi.o)
    0x08000880   0x00000020   Code   RO         7605    .text               mc_w.l(llushr.o)
    0x080008a0   0x00000000   Code   RO         7637    .text               mc_w.l(iusesemip.o)
    0x080008a0   0x00000056   Code   RO         7648    .text               mc_w.l(__dczerorl2.o)
    0x080008f6   0x00000002   PAD
    0x080008f8   0x0000030c   Code   RO          439    i.ANO_DT_Data_Exchange  ano_dt.o
    0x08000c04   0x000003d8   Code   RO          440    i.ANO_DT_Data_Receive_Anl  ano_dt.o
    0x08000fdc   0x00000038   Code   RO          442    i.ANO_DT_Do         ano_dt.o
    0x08001014   0x00000044   Code   RO          443    i.ANO_DT_Send_Check  ano_dt.o
    0x08001058   0x00000014   Code   RO          444    i.ANO_DT_Send_Data  ano_dt.o
    0x0800106c   0x000001f0   Code   RO          445    i.ANO_DT_Send_PID   ano_dt.o
    0x0800125c   0x00000010   Code   RO          448    i.Argument_Init     ano_dt.o
    0x0800126c   0x0000000c   Code   RO          450    i.Argument_Save     ano_dt.o
    0x08001278   0x00000002   Code   RO          451    i.Argument_To_Ctrl  ano_dt.o
    0x0800127a   0x00000002   PAD
    0x0800127c   0x000000e8   Code   RO         1684    i.BSP_Init          my_bsp.o
    0x08001364   0x000000a0   Code   RO         1782    i.Beep_Init         beep.o
    0x08001404   0x00000020   Code   RO         1785    i.Beep_Play         beep.o
    0x08001424   0x00000004   Code   RO         6642    i.BusFault_Handler  stm32f4xx_it.o
    0x08001428   0x00000010   Code   RO          453    i.Ctrl_Set_Zoro     ano_dt.o
    0x08001438   0x00000002   Code   RO          454    i.Ctrl_To_Argument  ano_dt.o
    0x0800143a   0x00000016   Code   RO         2054    i.Cycle_Time_Init   time.o
    0x08001450   0x00000002   Code   RO         6643    i.DebugMon_Handler  stm32f4xx_it.o
    0x08001452   0x00000002   PAD
    0x08001454   0x00000020   Code   RO          889    i.Display_Error     display.o
    0x08001474   0x0000030c   Code   RO          891    i.Display_Mecanum   display.o
    0x08001780   0x0000001c   Code   RO         3003    i.EXTI15_10_IRQHandler  exti.o
    0x0800179c   0x0000000c   Code   RO         4114    i.EXTI_ClearITPendingBit  stm32f4xx_exti.o
    0x080017a8   0x00000018   Code   RO         4118    i.EXTI_GetITStatus  stm32f4xx_exti.o
    0x080017c0   0x000000b8   Code   RO         2194    i.Encoder_Init_TIM3  encoder.o
    0x08001878   0x000000b8   Code   RO         2195    i.Encoder_Init_TIM4  encoder.o
    0x08001930   0x000000b8   Code   RO         2196    i.Encoder_Init_TIM5  encoder.o
    0x080019e8   0x000000b8   Code   RO         2197    i.Encoder_Init_TIM8  encoder.o
    0x08001aa0   0x00000070   Code   RO          456    i.Flash_SavePID     ano_dt.o
    0x08001b10   0x00000090   Code   RO         4179    i.GPIO_Init         stm32f4xx_gpio.o
    0x08001ba0   0x00000046   Code   RO         4180    i.GPIO_PinAFConfig  stm32f4xx_gpio.o
    0x08001be6   0x00000002   PAD
    0x08001be8   0x00000034   Code   RO         1897    i.GetSysTime_us     systick.o
    0x08001c1c   0x00000080   Code   RO         2055    i.Get_Cycle_T       time.o
    0x08001c9c   0x0000006c   Code   RO         3273    i.HC165_Init        74hc165.o
    0x08001d08   0x000002d0   Code   RO         3274    i.HC165_Read_2Byte  74hc165.o
    0x08001fd8   0x0000000a   Code   RO         3277    i.HC165_delay       74hc165.o
    0x08001fe2   0x00000002   PAD
    0x08001fe4   0x00000068   Code   RO         1312    i.HMI_Data_Handle   hmi.o
    0x0800204c   0x00000094   Code   RO         6644    i.HardFault_Handler  stm32f4xx_it.o
    0x080020e0   0x00000038   Code   RO         2636    i.I2c_Soft_Ask      iic_soft.o
    0x08002118   0x00000034   Code   RO         2637    i.I2c_Soft_Init     iic_soft.o
    0x0800214c   0x00000038   Code   RO         2638    i.I2c_Soft_NoAsk    iic_soft.o
    0x08002184   0x00000060   Code   RO         2639    i.I2c_Soft_ReadByte  iic_soft.o
    0x080021e4   0x00000058   Code   RO         2640    i.I2c_Soft_SendByte  iic_soft.o
    0x0800223c   0x00000058   Code   RO         2641    i.I2c_Soft_Start    iic_soft.o
    0x08002294   0x00000038   Code   RO         2642    i.I2c_Soft_Stop     iic_soft.o
    0x080022cc   0x0000005c   Code   RO         2643    i.I2c_Soft_WaitAsk  iic_soft.o
    0x08002328   0x00000030   Code   RO         2644    i.I2c_Soft_delay    iic_soft.o
    0x08002358   0x0000006c   Code   RO         2646    i.IIC_Read_nByte    iic_soft.o
    0x080023c4   0x0000003e   Code   RO         2647    i.IIC_Write_1Byte   iic_soft.o
    0x08002402   0x00000042   Code   RO         2501    i.IICwriteBit       mpu6050.o
    0x08002444   0x00000066   Code   RO         2502    i.IICwriteBits      mpu6050.o
    0x080024aa   0x00000002   PAD
    0x080024ac   0x00000040   Code   RO         2308    i.KEY_Init          key.o
    0x080024ec   0x0000008c   Code   RO         2309    i.KEY_Scan          key.o
    0x08002578   0x00000280   Code   RO         2448    i.Kalman_Filter1    ahrs.o
    0x080027f8   0x00000280   Code   RO         2449    i.Kalman_Filter2    ahrs.o
    0x08002a78   0x000000a8   Code   RO         3224    i.Kinematic_Analysis  mecanum.o
    0x08002b20   0x00000048   Code   RO         1836    i.LED_ALL_OFF       led.o
    0x08002b68   0x00000048   Code   RO         1837    i.LED_ALL_ON        led.o
    0x08002bb0   0x00000038   Code   RO         1838    i.LED_Blink         led.o
    0x08002be8   0x00000050   Code   RO         1839    i.LED_Init          led.o
    0x08002c38   0x0000004c   Code   RO         1840    i.LED_OFF           led.o
    0x08002c84   0x0000004c   Code   RO         1841    i.LED_ON            led.o
    0x08002cd0   0x00000094   Code   RO         1842    i.LED_SWITCH        led.o
    0x08002d64   0x0000004c   Code   RO          194    i.Loop_Time_Check   task_loop.o
    0x08002db0   0x00000010   Code   RO          195    i.Loop_Time_Clear   task_loop.o
    0x08002dc0   0x000000d0   Code   RO         2338    i.MOTO_A_Init       moto_drive.o
    0x08002e90   0x00000060   Code   RO         2339    i.MOTO_A_Set        moto_drive.o
    0x08002ef0   0x00000020   Code   RO         2340    i.MOTO_A_Stop       moto_drive.o
    0x08002f10   0x000000d0   Code   RO         2341    i.MOTO_B_Init       moto_drive.o
    0x08002fe0   0x00000060   Code   RO         2342    i.MOTO_B_Set        moto_drive.o
    0x08003040   0x00000020   Code   RO         2343    i.MOTO_B_Stop       moto_drive.o
    0x08003060   0x000000d0   Code   RO         2344    i.MOTO_C_Init       moto_drive.o
    0x08003130   0x00000060   Code   RO         2345    i.MOTO_C_Set        moto_drive.o
    0x08003190   0x00000020   Code   RO         2346    i.MOTO_C_Stop       moto_drive.o
    0x080031b0   0x000000d0   Code   RO         2347    i.MOTO_D_Init       moto_drive.o
    0x08003280   0x00000060   Code   RO         2348    i.MOTO_D_Set        moto_drive.o
    0x080032e0   0x00000020   Code   RO         2349    i.MOTO_D_Stop       moto_drive.o
    0x08003300   0x000001d0   Code   RO         2504    i.MPU6050_Data_Offset  mpu6050.o
    0x080034d0   0x00000434   Code   RO         2505    i.MPU6050_Data_Prepare  mpu6050.o
    0x08003904   0x000000b4   Code   RO         2508    i.MPU6050_Init      mpu6050.o
    0x080039b8   0x00000020   Code   RO         2616    i.MPU6050_Read      mpu6050.o
    0x080039d8   0x00000014   Code   RO         2509    i.MPU6050_setClockSource  mpu6050.o
    0x080039ec   0x00000014   Code   RO         2510    i.MPU6050_setDLPF   mpu6050.o
    0x08003a00   0x00000024   Code   RO         2511    i.MPU6050_setFullScaleAccelRange  mpu6050.o
    0x08003a24   0x00000024   Code   RO         2512    i.MPU6050_setFullScaleGyroRange  mpu6050.o
    0x08003a48   0x00000012   Code   RO         2513    i.MPU6050_setI2CBypassEnabled  mpu6050.o
    0x08003a5a   0x00000012   Code   RO         2514    i.MPU6050_setI2CMasterModeEnabled  mpu6050.o
    0x08003a6c   0x00000012   Code   RO         2515    i.MPU6050_setSleepEnabled  mpu6050.o
    0x08003a7e   0x0000001c   Code   RO         2516    i.MPU6050_set_SMPLRT_DIV  mpu6050.o
    0x08003a9a   0x00000002   PAD
    0x08003a9c   0x0000003c   Code   RO         3225    i.Mecanum_Param_Init  mecanum.o
    0x08003ad8   0x000000ac   Code   RO         3226    i.Mecanum_Update    mecanum.o
    0x08003b84   0x00000004   Code   RO         6645    i.MemManage_Handler  stm32f4xx_it.o
    0x08003b88   0x00000002   Code   RO         6646    i.NMI_Handler       stm32f4xx_it.o
    0x08003b8a   0x00000002   PAD
    0x08003b8c   0x00000078   Code   RO         3403    i.NVIC_Init         misc.o
    0x08003c04   0x00000014   Code   RO         3404    i.NVIC_PriorityGroupConfig  misc.o
    0x08003c18   0x00000030   Code   RO         1952    i.OLED_Clear        oled.o
    0x08003c48   0x00000068   Code   RO         1955    i.OLED_DrawPoint    oled.o
    0x08003cb0   0x00000130   Code   RO         1956    i.OLED_Init         oled.o
    0x08003de0   0x0000004c   Code   RO         1957    i.OLED_Refresh_Gram  oled.o
    0x08003e2c   0x000000a8   Code   RO         1958    i.OLED_ShowChar     oled.o
    0x08003ed4   0x00000094   Code   RO         1961    i.OLED_ShowNumber   oled.o
    0x08003f68   0x00000042   Code   RO         1962    i.OLED_ShowString   oled.o
    0x08003faa   0x00000002   PAD
    0x08003fac   0x00000058   Code   RO         1963    i.OLED_WR_Byte      oled.o
    0x08004004   0x000003a8   Code   RO         1556    i.OpenMV_Data_Handle  openmv_1.o
    0x080043ac   0x00000028   Code   RO         1557    i.OpenMV_Read_Color  openmv_1.o
    0x080043d4   0x00000030   Code   RO         1558    i.OpenMV_Read_Grab  openmv_1.o
    0x08004404   0x000000f8   Code   RO         3227    i.PS2_Usart_Control  mecanum.o
    0x080044fc   0x00000020   Code   RO         1460    i.Param_SaveAccelOffset  sensor_param.o
    0x0800451c   0x00000020   Code   RO         1461    i.Param_SaveGyroOffset  sensor_param.o
    0x0800453c   0x00000020   Code   RO         4648    i.RCC_AHB1PeriphClockCmd  stm32f4xx_rcc.o
    0x0800455c   0x00000020   Code   RO         4657    i.RCC_APB1PeriphClockCmd  stm32f4xx_rcc.o
    0x0800457c   0x00000020   Code   RO         4659    i.RCC_APB1PeriphResetCmd  stm32f4xx_rcc.o
    0x0800459c   0x00000020   Code   RO         4660    i.RCC_APB2PeriphClockCmd  stm32f4xx_rcc.o
    0x080045bc   0x00000020   Code   RO         4662    i.RCC_APB2PeriphResetCmd  stm32f4xx_rcc.o
    0x080045dc   0x000000e8   Code   RO         4669    i.RCC_GetClocksFreq  stm32f4xx_rcc.o
    0x080046c4   0x00000084   Code   RO         2198    i.Read_Encoder      encoder.o
    0x08004748   0x00000074   Code   RO         2111    i.STMFLASH_EraseSector  stmflash.o
    0x080047bc   0x000000a0   Code   RO         2112    i.STMFLASH_GetFlashSector  stmflash.o
    0x0800485c   0x00000040   Code   RO         2113    i.STMFLASH_GetStatus  stmflash.o
    0x0800489c   0x00000014   Code   RO         2114    i.STMFLASH_Lock     stmflash.o
    0x080048b0   0x00000006   Code   RO         2116    i.STMFLASH_ReadWord  stmflash.o
    0x080048b6   0x00000002   PAD
    0x080048b8   0x00000018   Code   RO         2117    i.STMFLASH_Unlock   stmflash.o
    0x080048d0   0x00000028   Code   RO         2118    i.STMFLASH_WaitDone  stmflash.o
    0x080048f8   0x000000a4   Code   RO         2119    i.STMFLASH_Write    stmflash.o
    0x0800499c   0x00000054   Code   RO         2120    i.STMFLASH_WriteWord  stmflash.o
    0x080049f0   0x00000002   Code   RO         6647    i.SVC_Handler       stm32f4xx_it.o
    0x080049f2   0x00000002   PAD
    0x080049f4   0x000000ec   Code   RO         3366    i.SetSysClock       system_stm32f4xx.o
    0x08004ae0   0x00000028   Code   RO         3407    i.SysTick_CLKSourceConfig  misc.o
    0x08004b08   0x0000001c   Code   RO         1898    i.SysTick_Handler   systick.o
    0x08004b24   0x0000006c   Code   RO         1899    i.SysTick_Init      systick.o
    0x08004b90   0x00000068   Code   RO         3368    i.SystemInit        system_stm32f4xx.o
    0x08004bf8   0x0000001a   Code   RO         7113    i.System_Init       main.o
    0x08004c12   0x00000002   PAD
    0x08004c14   0x00000010   Code   RO         2056    i.System_Tiem_Clear  time.o
    0x08004c24   0x0000006c   Code   RO         2057    i.System_Time_Running  time.o
    0x08004c90   0x0000003a   Code   RO         5824    i.TI1_Config        stm32f4xx_tim.o
    0x08004cca   0x00000050   Code   RO         5825    i.TI2_Config        stm32f4xx_tim.o
    0x08004d1a   0x00000048   Code   RO         5826    i.TI3_Config        stm32f4xx_tim.o
    0x08004d62   0x00000050   Code   RO         5827    i.TI4_Config        stm32f4xx_tim.o
    0x08004db2   0x00000006   Code   RO         5834    i.TIM_ClearFlag     stm32f4xx_tim.o
    0x08004db8   0x00000018   Code   RO         5840    i.TIM_Cmd           stm32f4xx_tim.o
    0x08004dd0   0x0000001e   Code   RO         5842    i.TIM_CtrlPWMOutputs  stm32f4xx_tim.o
    0x08004dee   0x00000042   Code   RO         5849    i.TIM_EncoderInterfaceConfig  stm32f4xx_tim.o
    0x08004e30   0x00000006   Code   RO         5859    i.TIM_GetCounter    stm32f4xx_tim.o
    0x08004e36   0x0000006e   Code   RO         5863    i.TIM_ICInit        stm32f4xx_tim.o
    0x08004ea4   0x00000012   Code   RO         5864    i.TIM_ICStructInit  stm32f4xx_tim.o
    0x08004eb6   0x00000012   Code   RO         5865    i.TIM_ITConfig      stm32f4xx_tim.o
    0x08004ec8   0x0000007c   Code   RO         5869    i.TIM_OC1Init       stm32f4xx_tim.o
    0x08004f44   0x00000012   Code   RO         5872    i.TIM_OC1PreloadConfig  stm32f4xx_tim.o
    0x08004f56   0x00000002   PAD
    0x08004f58   0x000000a4   Code   RO         5874    i.TIM_OC2Init       stm32f4xx_tim.o
    0x08004ffc   0x0000001a   Code   RO         5877    i.TIM_OC2PreloadConfig  stm32f4xx_tim.o
    0x08005016   0x00000002   PAD
    0x08005018   0x000000a0   Code   RO         5879    i.TIM_OC3Init       stm32f4xx_tim.o
    0x080050b8   0x00000012   Code   RO         5882    i.TIM_OC3PreloadConfig  stm32f4xx_tim.o
    0x080050ca   0x00000002   PAD
    0x080050cc   0x00000078   Code   RO         5884    i.TIM_OC4Init       stm32f4xx_tim.o
    0x08005144   0x0000001a   Code   RO         5886    i.TIM_OC4PreloadConfig  stm32f4xx_tim.o
    0x0800515e   0x00000004   Code   RO         5906    i.TIM_SetCounter    stm32f4xx_tim.o
    0x08005162   0x00000012   Code   RO         5907    i.TIM_SetIC1Prescaler  stm32f4xx_tim.o
    0x08005174   0x0000001a   Code   RO         5908    i.TIM_SetIC2Prescaler  stm32f4xx_tim.o
    0x0800518e   0x00000012   Code   RO         5909    i.TIM_SetIC3Prescaler  stm32f4xx_tim.o
    0x080051a0   0x0000001a   Code   RO         5910    i.TIM_SetIC4Prescaler  stm32f4xx_tim.o
    0x080051ba   0x00000002   PAD
    0x080051bc   0x00000084   Code   RO         5912    i.TIM_TimeBaseInit  stm32f4xx_tim.o
    0x08005240   0x00000012   Code   RO         5913    i.TIM_TimeBaseStructInit  stm32f4xx_tim.o
    0x08005252   0x00000002   PAD
    0x08005254   0x000000a0   Code   RO          196    i.Task_10ms         task_loop.o
    0x080052f4   0x00000080   Code   RO          197    i.Task_50ms         task_loop.o
    0x08005374   0x000000a8   Code   RO          198    i.Task_Loop         task_loop.o
    0x0800541c   0x00000008   Code   RO         1507    i.Track_Init        track.o
    0x08005424   0x00000074   Code   RO         1508    i.Track_Read        track.o
    0x08005498   0x0000000e   Code   RO         2517    i.Transform         mpu6050.o
    0x080054a6   0x00000002   PAD
    0x080054a8   0x000000b4   Code   RO         1316    i.UART4_IRQHandler  hmi.o
    0x0800555c   0x000000a8   Code   RO         3320    i.UART5_IRQHandler  tf_min.o
    0x08005604   0x000000c4   Code   RO         2816    i.USART1_IRQHandler  printf_uart.o
    0x080056c8   0x000000a4   Code   RO         2734    i.USART2_IRQHandler  usart2.o
    0x0800576c   0x000000a8   Code   RO         3321    i.USART3_IRQHandler  tf_min.o
    0x08005814   0x00000012   Code   RO         6389    i.USART_ClearFlag   stm32f4xx_usart.o
    0x08005826   0x00000018   Code   RO         6393    i.USART_Cmd         stm32f4xx_usart.o
    0x0800583e   0x00000002   PAD
    0x08005840   0x000000f0   Code   RO         6395    i.USART_DeInit      stm32f4xx_usart.o
    0x08005930   0x0000001a   Code   RO         6396    i.USART_GetFlagStatus  stm32f4xx_usart.o
    0x0800594a   0x00000054   Code   RO         6397    i.USART_GetITStatus  stm32f4xx_usart.o
    0x0800599e   0x0000004a   Code   RO         6399    i.USART_ITConfig    stm32f4xx_usart.o
    0x080059e8   0x000000d4   Code   RO         6400    i.USART_Init        stm32f4xx_usart.o
    0x08005abc   0x0000000a   Code   RO         6407    i.USART_ReceiveData  stm32f4xx_usart.o
    0x08005ac6   0x00000008   Code   RO         6410    i.USART_SendData    stm32f4xx_usart.o
    0x08005ace   0x00000004   Code   RO         6648    i.UsageFault_Handler  stm32f4xx_it.o
    0x08005ad2   0x0000001e   Code   RO         2735    i.Usart_SendByte    usart2.o
    0x08005af0   0x0000002a   Code   RO         2738    i.Usart_SendString  usart2.o
    0x08005b1a   0x00000002   PAD
    0x08005b1c   0x00000020   Code   RO         7439    i.__0printf         mc_w.l(printfa.o)
    0x08005b3c   0x00000028   Code   RO         7441    i.__0sprintf        mc_w.l(printfa.o)
    0x08005b64   0x00000024   Code   RO         7445    i.__0vsprintf       mc_w.l(printfa.o)
    0x08005b88   0x00000030   Code   RO         7527    i.__ARM_fpclassify  m_wm.l(fpclassify.o)
    0x08005bb8   0x000002d8   Code   RO         7163    i.__hardfp_atan     m_wm.l(atan.o)
    0x08005e90   0x0000007a   Code   RO         7183    i.__hardfp_sqrt     m_wm.l(sqrt.o)
    0x08005f0a   0x000000f8   Code   RO         7543    i.__kernel_poly     m_wm.l(poly.o)
    0x08006002   0x00000014   Code   RO         7514    i.__mathlib_dbl_infnan  m_wm.l(dunder.o)
    0x08006016   0x00000002   PAD
    0x08006018   0x00000020   Code   RO         7519    i.__mathlib_dbl_underflow  m_wm.l(dunder.o)
    0x08006038   0x0000000e   Code   RO         7642    i.__scatterload_copy  mc_w.l(handlers.o)
    0x08006046   0x00000002   Code   RO         7643    i.__scatterload_null  mc_w.l(handlers.o)
    0x08006048   0x0000000e   Code   RO         7644    i.__scatterload_zeroinit  mc_w.l(handlers.o)
    0x08006056   0x00000002   PAD
    0x08006058   0x0000000c   Code   RO         7586    i.__set_errno       mc_w.l(errno.o)
    0x08006064   0x00000164   Code   RO         7446    i._fp_digits        mc_w.l(printfa.o)
    0x080061c8   0x000006dc   Code   RO         7447    i._printf_core      mc_w.l(printfa.o)
    0x080068a4   0x00000024   Code   RO         7448    i._printf_post_padding  mc_w.l(printfa.o)
    0x080068c8   0x0000002e   Code   RO         7449    i._printf_pre_padding  mc_w.l(printfa.o)
    0x080068f6   0x0000000a   Code   RO         7451    i._sputc            mc_w.l(printfa.o)
    0x08006900   0x000001a4   Code   RO         2450    i.ahrs              ahrs.o
    0x08006aa4   0x00000070   Code   RO          703    i.backToDeparture_control  control.o
    0x08006b14   0x00000124   Code   RO          704    i.backToProcessing_control  control.o
    0x08006c38   0x00000060   Code   RO          705    i.back_control      control.o
    0x08006c98   0x0000001a   Code   RO         1900    i.delay_ms          systick.o
    0x08006cb2   0x00000018   Code   RO         1901    i.delay_us          systick.o
    0x08006cca   0x00000018   Code   RO         7179    i.fabs              m_wm.l(fabs.o)
    0x08006ce2   0x00000022   Code   RO         1510    i.findNum           track.o
    0x08006d04   0x00000012   Code   RO         7571    i.fputc             mc_w.l(fputc.o)
    0x08006d16   0x00000002   PAD
    0x08006d18   0x00000078   Code   RO          706    i.goToDeparture_control  control.o
    0x08006d90   0x000000cc   Code   RO          707    i.goToFinish_control  control.o
    0x08006e5c   0x0000012c   Code   RO          708    i.goToProcessing_control  control.o
    0x08006f88   0x00000194   Code   RO          709    i.goToXY_control    control.o
    0x0800711c   0x00000080   Code   RO          710    i.grabFromDeparture_control  control.o
    0x0800719c   0x00000024   Code   RO          711    i.grabFromProcessing_control  control.o
    0x080071c0   0x00000124   Code   RO          712    i.grab_hand         control.o
    0x080072e4   0x0000000c   Code   RO         7114    i.main              main.o
    0x080072f0   0x000000d8   Code   RO          713    i.move_hand         control.o
    0x080073c8   0x00000016   Code   RO         1964    i.oled_pow          oled.o
    0x080073de   0x00000066   Code   RO          714    i.order_set         control.o
    0x08007444   0x000000a4   Code   RO         1006    i.pid_ctr_mecanum_speed  algorithm.o
    0x080074e8   0x000000fc   Code   RO          652    i.pid_inc_calc      pid.o
    0x080075e4   0x00000080   Code   RO         1016    i.pid_setup_mecanum_speed  algorithm.o
    0x08007664   0x00000040   Code   RO          715    i.placeToFinish_control  control.o
    0x080076a4   0x00000040   Code   RO          716    i.placeToProcessing_control  control.o
    0x080076e4   0x00000124   Code   RO          717    i.place_hand        control.o
    0x08007808   0x00000044   Code   RO          718    i.ready_control     control.o
    0x0800784c   0x0000013c   Code   RO          719    i.scan_control      control.o
    0x08007988   0x00000034   Code   RO         2867    i.setmotor_pwm      steer_moto.o
    0x080079bc   0x0000008c   Code   RO          720    i.stop_control      control.o
    0x08007a48   0x000000dc   Code   RO          721    i.turn_hand         control.o
    0x08007b24   0x0000001a   Code   RO         2818    i.u1_putbuff        printf_uart.o
    0x08007b3e   0x00000002   PAD
    0x08007b40   0x00000018   Code   RO         2819    i.u1_putchar        printf_uart.o
    0x08007b58   0x00000050   Code   RO         2739    i.u2_printf         usart2.o
    0x08007ba8   0x00000062   Code   RO          654    i.update_pid_param  pid.o
    0x08007c0a   0x00000002   PAD
    0x08007c0c   0x000000b8   Code   RO         2820    i.usart1_init       printf_uart.o
    0x08007cc4   0x000000b8   Code   RO         2742    i.usart2_init       usart2.o
    0x08007d7c   0x000000b4   Code   RO         2256    i.usart3_init       usart3.o
    0x08007e30   0x000000cc   Code   RO         2908    i.usart5_init       usart5.o
    0x08007efc   0x00000a64   Data   RO         1966    .constdata          oled.o
    0x08008960   0x00000098   Data   RO         7166    .constdata          m_wm.l(atan.o)
    0x080089f8   0x00000020   Data   RO         7640    Region$$Table       anon$$obj.o


    Execution Region RW_IRAM1 (Base: 0x20000000, Size: 0x00002320, Max: 0x00020000, ABSOLUTE, COMPRESSED[0x00000140])

    Base Addr    Size         Type   Attr      Idx    E Section Name        Object

    0x20000000   0x00000009   Data   RW          199    .data               task_loop.o
    0x20000009   0x00000004   Data   RW          458    .data               ano_dt.o
    0x2000000d   0x00000003   PAD
    0x20000010   0x00000015   Data   RW          722    .data               control.o
    0x20000025   0x00000003   PAD
    0x20000028   0x00000460   Data   RW         1287    .data               param.o
    0x20000488   0x00000004   Data   RW         1318    .data               hmi.o
    0x2000048c   0x00000002   Data   RW         1559    .data               openmv_1.o
    0x2000048e   0x00000005   Data   RW         1843    .data               led.o
    0x20000493   0x00000001   PAD
    0x20000494   0x00000008   Data   RW         1902    .data               systick.o
    0x2000049c   0x00000006   Data   RW         2061    .data               time.o
    0x200004a2   0x00000001   Data   RW         2310    .data               key.o
    0x200004a3   0x00000001   Data   RW         2353    .data               moto_drive.o
    0x200004a4   0x000000b8   Data   RW         2453    .data               ahrs.o
    0x2000055c   0x0000001c   Data   RW         2519    .data               mpu6050.o
    0x20000578   0x00000001   Data   RW         2649    .data               iic_soft.o
    0x20000579   0x00000001   PAD
    0x2000057a   0x00000002   Data   RW         2744    .data               usart2.o
    0x2000057c   0x00000008   Data   RW         2822    .data               printf_uart.o
    0x20000584   0x00000028   Data   RW         3057    .data               ps2.o
    0x200005ac   0x00000002   Data   RW         3323    .data               tf_min.o
    0x200005ae   0x00000010   Data   RW         4701    .data               stm32f4xx_rcc.o
    0x200005be   0x00000002   PAD
    0x200005c0   0x00000004   Data   RW         7573    .data               mc_w.l(stdout.o)
    0x200005c4   0x00000004   Data   RW         7587    .data               mc_w.l(errno.o)
    0x200005c8   0x00000148   Zero   RW          457    .bss                ano_dt.o
    0x20000710   0x00000580   Zero   RW         1286    .bss                param.o
    0x20000c90   0x00000640   Zero   RW         1317    .bss                hmi.o
    0x200012d0   0x00000040   Zero   RW         1464    .bss                sensor_param.o
    0x20001310   0x00000400   Zero   RW         1965    .bss                oled.o
    0x20001710   0x0000003c   Zero   RW         2060    .bss                time.o
    0x2000174c   0x00000044   Zero   RW         2452    .bss                ahrs.o
    0x20001790   0x0000017c   Zero   RW         2518    .bss                mpu6050.o
    0x2000190c   0x00000004   PAD
    0x20001910   0x00000258   Zero   RW         2743    .bss                usart2.o
    0x20001b68   0x00000320   Zero   RW         2821    .bss                printf_uart.o
    0x20001e88   0x0000000a   Zero   RW         2868    .bss                steer_moto.o
    0x20001e92   0x00000009   Zero   RW         3056    .bss                ps2.o
    0x20001e9b   0x00000001   PAD
    0x20001e9c   0x00000064   Zero   RW         3228    .bss                mecanum.o
    0x20001f00   0x0000001a   Zero   RW         3322    .bss                tf_min.o
    0x20001f1a   0x00000006   PAD
    0x20001f20   0x00000400   Zero   RW         3357    STACK               startup_stm32f40_41xxx.o


==============================================================================

Image component sizes


      Code (inc. data)   RO Data    RW Data    ZI Data      Debug   Object Name

       838         10          0          0          0       2146   74hc165.o
      1700        174          0        184         68       4034   ahrs.o
       292         56          0          0          0       2052   algorithm.o
      2564         60          0          4        328      10047   ano_dt.o
       192         16          0          0          0       1216   beep.o
      3466        462          0         21          0      14967   control.o
       812        256          0          0          0       1342   display.o
       868         48          0          0          0       3611   encoder.o
        28          0          0          0          0        527   exti.o
       284         28          0          4       1600       3042   hmi.o
       802         42          0          1          0       7535   iic_soft.o
       204         20          0          1          0       1166   key.o
       580         92          0          5          0       4854   led.o
        38          0          0          0          0        923   main.o
       648         50          0          0        100       4557   mecanum.o
       180         24          0          0          0      19201   misc.o
      1344        170          0          1          0       7676   moto_drive.o
      2128         82          0         28        380      11804   mpu6050.o
       232          6          0          0          0        735   my_bsp.o
         0          0          0          0          0     258868   my_math.o
      1024         44       2660          0       1024       7562   oled.o
      1024         50          0          2          0       3112   openmv_1.o
         0          0          0       1120       1408       4335   param.o
       350          4          0          0          0       3200   pid.o
       430         28          0          8        800       3642   printf_uart.o
         0          0          0         40          9        945   ps2.o
        64         18          0          0         64       2443   sensor_param.o
        36          8        392          0       1024        868   startup_stm32f40_41xxx.o
        52         20          0          0         10       1333   steer_moto.o
        36         10          0          0          0       1172   stm32f4xx_exti.o
       214          0          0          0          0       8875   stm32f4xx_gpio.o
       166        104          0          0          0       3403   stm32f4xx_it.o
       392         48          0         16          0      21325   stm32f4xx_rcc.o
      1466         66          0          0          0      38105   stm32f4xx_tim.o
       696         42          0          0          0      12934   stm32f4xx_usart.o
       678         92          0          0          0       6106   stmflash.o
       340         32          0          0          0       1617   system_stm32f4xx.o
       238         20          0          8          0      30118   systick.o
       548         40          0          9          0     282945   task_loop.o
       336         36          0          2         26       1491   tf_min.o
       274         20          0          6         60       3252   time.o
       158          8          0          0          0       1706   track.o
       500         32          0          2        600       4182   usart2.o
       180         10          0          0          0       1310   usart3.o
       204         14          0          0          0        762   usart5.o

    ----------------------------------------------------------------------
     26648       2342       3084       1472       7512     807046   Object Totals
         0          0         32          0          0          0   (incl. Generated)
        42          0          0         10         11          0   (incl. Padding)

    ----------------------------------------------------------------------

      Code (inc. data)   RO Data    RW Data    ZI Data      Debug   Library Member Name

       728        106        152          0          0        228   atan.o
        52          8          0          0          0        248   dunder.o
        24          0          0          0          0        124   fabs.o
        48          0          0          0          0        124   fpclassify.o
       248          0          0          0          0        152   poly.o
       122          0          0          0          0        148   sqrt.o
        86          0          0          0          0          0   __dczerorl2.o
         0          0          0          0          0          0   entry.o
         0          0          0          0          0          0   entry10a.o
         0          0          0          0          0          0   entry11a.o
         8          4          0          0          0          0   entry2.o
         4          0          0          0          0          0   entry5.o
         0          0          0          0          0          0   entry7b.o
         0          0          0          0          0          0   entry8b.o
         8          4          0          0          0          0   entry9a.o
        12          6          0          4          0         68   errno.o
        18          0          0          0          0         80   fputc.o
        30          0          0          0          0          0   handlers.o
        36          8          0          0          0         68   init.o
         0          0          0          0          0          0   iusefp.o
         0          0          0          0          0          0   iusesemip.o
        30          0          0          0          0         68   llshl.o
        36          0          0          0          0         68   llsshr.o
        32          0          0          0          0         68   llushr.o
        36          0          0          0          0        108   memseta.o
      2312        102          0          0          0        676   printfa.o
         0          0          0          0          0          0   semi.o
         0          0          0          4          0          0   stdout.o
        14          0          0          0          0         68   strlen.o
        44          0          0          0          0         80   uidiv.o
        98          0          0          0          0         92   uldiv.o
        48          0          0          0          0         68   cdrcmple.o
        56          0          0          0          0         88   d2f.o
       334          0          0          0          0        148   dadd.o
       222          0          0          0          0        100   ddiv.o
       186          0          0          0          0        176   depilogue.o
        48          0          0          0          0         68   dfixul.o
       228          0          0          0          0         96   dmul.o
       162          0          0          0          0        100   dsqrt.o
        38          0          0          0          0         68   f2d.o
       110          0          0          0          0        168   fepilogue.o

    ----------------------------------------------------------------------
      5468        238        152          8          0       3548   Library Totals
        10          0          0          0          0          0   (incl. Padding)

    ----------------------------------------------------------------------

      Code (inc. data)   RO Data    RW Data    ZI Data      Debug   Library Name

      1222        114        152          0          0       1024   m_wm.l
      2804        124          0          8          0       1444   mc_w.l
      1432          0          0          0          0       1080   mf_w.l

    ----------------------------------------------------------------------
      5468        238        152          8          0       3548   Library Totals

    ----------------------------------------------------------------------

==============================================================================


      Code (inc. data)   RO Data    RW Data    ZI Data      Debug   

     32116       2580       3236       1480       7512     788078   Grand Totals
     32116       2580       3236        320       7512     788078   ELF Image Totals (compressed)
     32116       2580       3236        320          0          0   ROM Totals

==============================================================================

    Total RO  Size (Code + RO Data)                35352 (  34.52kB)
    Total RW  Size (RW Data + ZI Data)              8992 (   8.78kB)
    Total ROM Size (Code + RO Data + RW Data)      35672 (  34.84kB)

==============================================================================

