<html>
<body>
<pre>
<h1>礦ision Build Log</h1>
<h2>Tool Versions:</h2>
IDE-Version: μVision V5.15
Copyright (C) 2015 ARM Ltd and ARM Germany GmbH. All rights reserved.
License Information: de de, de, LIC=S5IBS-LGS1C-58EFB-2HW9E-JICF0-AW5NV
 
Tool Versions:
Toolchain:       MDK-ARM Professional  Version: 5.15.0
Toolchain Path:  F:\keil5\ARM\ARMCC\Bin
C Compiler:      Armcc.exe V5.05 update 2 (build 169)
Assembler:       Armasm.exe V5.05 update 2 (build 169)
Linker/Locator:  ArmLink.exe V5.05 update 2 (build 169)
Library Manager: ArmAr.exe V5.05 update 2 (build 169)
Hex Converter:   FromElf.exe V5.05 update 2 (build 169)
CPU DLL:         SARMCM3.DLL V5.15.0
Dialog DLL:      DCM.DLL V1.13.2.0
Target DLL:      STLink\ST-LINKIII-KEIL_SWO.dll V2.0.15.0_KEIL
Dialog DLL:      TCM.DLL V1.14.5.0
 
<h2>Project:</h2>
F:\office\电子设计\物流小车\物流小车\Project\WLXC_2019.uvprojx
Project File Date:  10/30/2019

<h2>Output:</h2>
*** Using Compiler 'V5.05 update 2 (build 169)', folder: 'F:\keil5\ARM\ARMCC\Bin'
Build target 'Target 1'
compiling Task_Loop.c...
compiling ANO_DT.c...
..\Code\APP\ANO_DT\ANO_DT.c(359): warning:  #177-D: function "ANO_DT_Data_Receive_Prepare" was declared but never referenced
  uint8_t ANO_DT_Data_Receive_Prepare(uint8_t data)
..\Code\APP\ANO_DT\ANO_DT.c: 1 warning, 0 errors
compiling Control.c...
compiling Display.c...
compiling Algorithm.c...
compiling param.c...
compiling HMI.c...
..\Code\BSP\HMI\HMI.c(252): warning:  #167-D: argument of type "u8 *" is incompatible with parameter of type "char *restrict"
                                        sprintf(USART_RX_BUF, "%s", USART_RX_BUF_tset);
..\Code\BSP\HMI\HMI.c: 1 warning, 0 errors
compiling Track.c...
..\Code\APP\Track\Track.c(19): warning:  #177-D: variable "side_AB" was declared but never referenced
      u16 side_AB;
..\Code\APP\Track\Track.c(22): warning:  #177-D: variable "side_DA" was declared but never referenced
      u16 side_DA;
..\Code\APP\Track\Track.c(117): warning:  #177-D: function "findCenter" was declared but never referenced
  static float findCenter(u16 data){
..\Code\APP\Track\Track.c: 3 warnings, 0 errors
compiling OpenMV.c...
compiling My_BSP.c...
compiling usart2.c...
compiling Printf_Uart.c...
compiling usart5.c...
compiling PS2.c...
compiling Mecanum.c...
compiling TF_min.c...
compiling main.c...
linking...
Program Size: Code=32116 RO-data=3236 RW-data=1480 ZI-data=7512  
".\Objects\NUEDC_2017.axf" - 0 Error(s), 5 Warning(s).

<h2>Software Packages used:</h2>

Package Vendor: Keil
                http://www.keil.com/pack/Keil.Jansson.1.0.0.pack
                Keil::Data Exchange:JSON:Jansson:2.7.0
                Jansson is a C library for encoding, decoding and manipulating JSON data
   * Component: Jansson Version: 2.7.0

<h2>Collection of Component include folders:</h2>
  F:\office\电子设计\物流小车\物流小车\Project\RTE
  F:\keil5\Keil\Jansson\1.0.0\src
  F:\keil5\Keil\STM32F4xx_DFP\2.5.0\Drivers\CMSIS\Device\ST\STM32F4xx\Include

<h2>Collection of Component Files used:</h2>

   * Component: Keil::Data Exchange:JSON:Jansson:2.7.0
      Source file:   src\jansson_config.c
      Library file:  lib\jansson_CM3LE.lib
      Include file:  src\jansson.h
</pre>
</body>
</html>
